2026/08/25 03:04:06 - mmengine - INFO - 
------------------------------------------------------------
System environment:
    sys.platform: linux
    Python: 3.8.20 (default, Oct  3 2024, 15:24:27) [GCC 11.2.0]
    CUDA available: True
    numpy_random_seed: 825423022
    GPU 0: NVIDIA RTX 6000 Ada Generation
    CUDA_HOME: /usr/local/cuda
    GCC: gcc (Ubuntu 11.4.0-1ubuntu1~22.04) 11.4.0
    PyTorch: 1.10.1+cu111
    PyTorch compiling details: PyTorch built with:
  - GCC 7.3
  - C++ Version: 201402
  - Intel(R) Math Kernel Library Version 2020.0.0 Product Build 20191122 for Intel(R) 64 architecture applications
  - Intel(R) MKL-DNN v2.2.3 (Git Hash 7336ca9f055cf1bfa13efb658fe15dc9b41f0740)
  - OpenMP 201511 (a.k.a. OpenMP 4.5)
  - LAPACK is enabled (usually provided by MKL)
  - NNPACK is enabled
  - CPU capability usage: AVX2
  - CUDA Runtime 11.1
  - NVCC architecture flags: -gencode;arch=compute_37,code=sm_37;-gencode;arch=compute_50,code=sm_50;-gencode;arch=compute_60,code=sm_60;-gencode;arch=compute_70,code=sm_70;-gencode;arch=compute_75,code=sm_75;-gencode;arch=compute_80,code=sm_80;-gencode;arch=compute_86,code=sm_86
  - CuDNN 8.0.5
  - Magma 2.5.2
  - Build settings: BLAS_INFO=mkl, BUILD_TYPE=Release, CUDA_VERSION=11.1, CUDNN_VERSION=8.0.5, CXX_COMPILER=/opt/rh/devtoolset-7/root/usr/bin/c++, CXX_FLAGS= -Wno-deprecated -fvisibility-inlines-hidden -DUSE_PTHREADPOOL -fopenmp -DNDEBUG -DUSE_KINETO -DUSE_FBGEMM -DUSE_QNNPACK -DUSE_PYTORCH_QNNPACK -DUSE_XNNPACK -DSYMBOLICATE_MOBILE_DEBUG_HANDLE -DEDGE_PROFILER_USE_KINETO -O2 -fPIC -Wno-narrowing -Wall -Wextra -Werror=return-type -Wno-missing-field-initializers -Wno-type-limits -Wno-array-bounds -Wno-unknown-pragmas -Wno-sign-compare -Wno-unused-parameter -Wno-unused-variable -Wno-unused-function -Wno-unused-result -Wno-unused-local-typedefs -Wno-strict-overflow -Wno-strict-aliasing -Wno-error=deprecated-declarations -Wno-stringop-overflow -Wno-psabi -Wno-error=pedantic -Wno-error=redundant-decls -Wno-error=old-style-cast -fdiagnostics-color=always -faligned-new -Wno-unused-but-set-variable -Wno-maybe-uninitialized -fno-math-errno -fno-trapping-math -Werror=format -Wno-stringop-overflow, LAPACK_INFO=mkl, PERF_WITH_AVX=1, PERF_WITH_AVX2=1, PERF_WITH_AVX512=1, TORCH_VERSION=1.10.1, USE_CUDA=ON, USE_CUDNN=ON, USE_EXCEPTION_PTR=1, USE_GFLAGS=OFF, USE_GLOG=OFF, USE_MKL=ON, USE_MKLDNN=ON, USE_MPI=OFF, USE_NCCL=ON, USE_NNPACK=ON, USE_OPENMP=ON, 

    TorchVision: 0.11.2+cu111
    OpenCV: 5.0.0
    MMEngine: 0.7.4

Runtime environment:
    cudnn_benchmark: False
    mp_cfg: {'mp_start_method': 'fork', 'opencv_num_threads': 0}
    dist_cfg: {'backend': 'nccl'}
    seed: 825423022
    Distributed launcher: none
    Distributed training: False
    GPU number: 1
------------------------------------------------------------

2026/08/25 03:04:08 - mmengine - INFO - Config:
dataset_type = '_DSODataset'
data_root = 'data/dso/'
class_names = [
    'car', 'bicycle', 'motorcycle', 'truck', 'bus', 'person', 'rider',
    'traffic-sign', 'traffic-cone', 'paved-road', 'unpaved-road', 'sidewalk',
    'building', 'window', 'perimeter-barrier', 'other-barrier',
    'overhead-bridge', 'gate', 'pole-like-object', 'drain', 'terrain',
    'trunks', 'vegetation', 'obscurant'
]
labels_map = dict({
    0: 24,
    1: 5,
    2: 6,
    3: 0,
    4: 3,
    5: 4,
    6: 2,
    7: 1,
    8: 9,
    9: 10,
    10: 11,
    11: 12,
    12: 13,
    13: 14,
    14: 15,
    15: 16,
    16: 17,
    17: 24,
    18: 18,
    19: 7,
    20: 8,
    21: 19,
    22: 20,
    23: 21,
    24: 22,
    27: 23,
    28: 24,
    29: 24,
    30: 24,
    255: 24
})
learning_map_inv = dict({
    0: 3,
    1: 7,
    2: 6,
    3: 4,
    4: 5,
    5: 1,
    6: 2,
    7: 19,
    8: 20,
    9: 8,
    10: 9,
    11: 10,
    12: 11,
    13: 12,
    14: 13,
    15: 14,
    16: 15,
    17: 16,
    18: 18,
    19: 21,
    20: 22,
    21: 23,
    22: 24,
    23: 27,
    24: 0
})
metainfo = dict(
    classes=[
        'car', 'bicycle', 'motorcycle', 'truck', 'bus', 'person', 'rider',
        'traffic-sign', 'traffic-cone', 'paved-road', 'unpaved-road',
        'sidewalk', 'building', 'window', 'perimeter-barrier', 'other-barrier',
        'overhead-bridge', 'gate', 'pole-like-object', 'drain', 'terrain',
        'trunks', 'vegetation', 'obscurant'
    ],
    seg_label_mapping=dict({
        0: 24,
        1: 5,
        2: 6,
        3: 0,
        4: 3,
        5: 4,
        6: 2,
        7: 1,
        8: 9,
        9: 10,
        10: 11,
        11: 12,
        12: 13,
        13: 14,
        14: 15,
        15: 16,
        16: 17,
        17: 24,
        18: 18,
        19: 7,
        20: 8,
        21: 19,
        22: 20,
        23: 21,
        24: 22,
        27: 23,
        28: 24,
        29: 24,
        30: 24,
        255: 24
    }),
    max_label=255)
input_modality = dict(use_lidar=True, use_camera=False)
backend_args = None
pre_transform = [
    dict(type='_LoadDSOPointsAndAnnotations'),
    dict(type='PointSegClassMapping')
]
train_pipeline = [
    dict(type='_LoadDSOPointsAndAnnotations'),
    dict(type='PointSegClassMapping'),
    dict(
        type='RandomChoice',
        transforms=[[{
            'type':
            '_LaserMix',
            'num_areas': [3, 4, 5, 6],
            'pitch_angles': [-12, 45],
            'pre_transform': [{
                'type': '_LoadDSOPointsAndAnnotations'
            }, {
                'type': 'PointSegClassMapping'
            }],
            'prob':
            0.5
        }],
                    [{
                        'type':
                        '_PolarMix',
                        'instance_classes': [0, 1, 2, 3, 4, 5, 6, 7, 8],
                        'swap_ratio':
                        0.5,
                        'rotate_paste_ratio':
                        1.0,
                        'pre_transform': [{
                            'type':
                            '_LoadDSOPointsAndAnnotations'
                        }, {
                            'type': 'PointSegClassMapping'
                        }],
                        'prob':
                        0.5
                    }]],
        prob=[0.2, 0.8]),
    dict(
        type='RandomFlip3D',
        sync_2d=False,
        flip_ratio_bev_horizontal=0.5,
        flip_ratio_bev_vertical=0.5),
    dict(
        type='GlobalRotScaleTrans',
        rot_range=[-0.78539816, 0.78539816],
        scale_ratio_range=[0.95, 1.05],
        translation_std=[0.1, 0.1, 0.1]),
    dict(
        type='Pack3DDetInputs',
        keys=['points', 'pts_semantic_mask', 'pts_instance_mask'])
]
test_pipeline = [
    dict(type='_LoadDSOPointsAndAnnotations'),
    dict(type='PointSegClassMapping'),
    dict(
        type='Pack3DDetInputs',
        keys=['points', 'pts_semantic_mask', 'pts_instance_mask'])
]
train_dataloader = dict(
    batch_size=1,
    num_workers=4,
    sampler=dict(type='DefaultSampler', shuffle=True),
    dataset=dict(
        type='RepeatDataset',
        times=1,
        dataset=dict(
            type='_DSODataset',
            data_root='data/dso/',
            data_prefix=dict(
                pts='',
                img='',
                pts_instance_mask='',
                pts_semantic_mask='',
                pts_panoptic_mask=''),
            ann_file='dso_infos_train.pkl',
            pipeline=[
                dict(type='_LoadDSOPointsAndAnnotations'),
                dict(type='PointSegClassMapping'),
                dict(
                    type='RandomChoice',
                    transforms=[[{
                        'type':
                        '_LaserMix',
                        'num_areas': [3, 4, 5, 6],
                        'pitch_angles': [-12, 45],
                        'pre_transform': [{
                            'type':
                            '_LoadDSOPointsAndAnnotations'
                        }, {
                            'type': 'PointSegClassMapping'
                        }],
                        'prob':
                        0.5
                    }],
                                [{
                                    'type':
                                    '_PolarMix',
                                    'instance_classes':
                                    [0, 1, 2, 3, 4, 5, 6, 7, 8],
                                    'swap_ratio':
                                    0.5,
                                    'rotate_paste_ratio':
                                    1.0,
                                    'pre_transform': [{
                                        'type':
                                        '_LoadDSOPointsAndAnnotations'
                                    }, {
                                        'type':
                                        'PointSegClassMapping'
                                    }],
                                    'prob':
                                    0.5
                                }]],
                    prob=[0.2, 0.8]),
                dict(
                    type='RandomFlip3D',
                    sync_2d=False,
                    flip_ratio_bev_horizontal=0.5,
                    flip_ratio_bev_vertical=0.5),
                dict(
                    type='GlobalRotScaleTrans',
                    rot_range=[-0.78539816, 0.78539816],
                    scale_ratio_range=[0.95, 1.05],
                    translation_std=[0.1, 0.1, 0.1]),
                dict(
                    type='Pack3DDetInputs',
                    keys=['points', 'pts_semantic_mask', 'pts_instance_mask'])
            ],
            metainfo=dict(
                classes=[
                    'car', 'bicycle', 'motorcycle', 'truck', 'bus', 'person',
                    'rider', 'traffic-sign', 'traffic-cone', 'paved-road',
                    'unpaved-road', 'sidewalk', 'building', 'window',
                    'perimeter-barrier', 'other-barrier', 'overhead-bridge',
                    'gate', 'pole-like-object', 'drain', 'terrain', 'trunks',
                    'vegetation', 'obscurant'
                ],
                seg_label_mapping=dict({
                    0: 24,
                    1: 5,
                    2: 6,
                    3: 0,
                    4: 3,
                    5: 4,
                    6: 2,
                    7: 1,
                    8: 9,
                    9: 10,
                    10: 11,
                    11: 12,
                    12: 13,
                    13: 14,
                    14: 15,
                    15: 16,
                    16: 17,
                    17: 24,
                    18: 18,
                    19: 7,
                    20: 8,
                    21: 19,
                    22: 20,
                    23: 21,
                    24: 22,
                    27: 23,
                    28: 24,
                    29: 24,
                    30: 24,
                    255: 24
                }),
                max_label=255),
            modality=dict(use_lidar=True, use_camera=False),
            ignore_index=24,
            backend_args=None)))
test_dataloader = dict(
    batch_size=1,
    num_workers=1,
    sampler=dict(type='DefaultSampler', shuffle=False),
    dataset=dict(
        type='RepeatDataset',
        times=1,
        dataset=dict(
            type='_DSODataset',
            data_root='data/dso/',
            data_prefix=dict(
                pts='',
                img='',
                pts_instance_mask='',
                pts_semantic_mask='',
                pts_panoptic_mask=''),
            ann_file='dso_infos_cetran.pkl',
            pipeline=[
                dict(type='_LoadDSOPointsAndAnnotations'),
                dict(type='PointSegClassMapping'),
                dict(
                    type='Pack3DDetInputs',
                    keys=['points', 'pts_semantic_mask', 'pts_instance_mask'])
            ],
            metainfo=dict(
                classes=[
                    'car', 'bicycle', 'motorcycle', 'truck', 'bus', 'person',
                    'rider', 'traffic-sign', 'traffic-cone', 'paved-road',
                    'unpaved-road', 'sidewalk', 'building', 'window',
                    'perimeter-barrier', 'other-barrier', 'overhead-bridge',
                    'gate', 'pole-like-object', 'drain', 'terrain', 'trunks',
                    'vegetation', 'obscurant'
                ],
                seg_label_mapping=dict({
                    0: 24,
                    1: 5,
                    2: 6,
                    3: 0,
                    4: 3,
                    5: 4,
                    6: 2,
                    7: 1,
                    8: 9,
                    9: 10,
                    10: 11,
                    11: 12,
                    12: 13,
                    13: 14,
                    14: 15,
                    15: 16,
                    16: 17,
                    17: 24,
                    18: 18,
                    19: 7,
                    20: 8,
                    21: 19,
                    22: 20,
                    23: 21,
                    24: 22,
                    27: 23,
                    28: 24,
                    29: 24,
                    30: 24,
                    255: 24
                }),
                max_label=255),
            modality=dict(use_lidar=True, use_camera=False),
            ignore_index=24,
            test_mode=True,
            backend_args=None)))
val_dataloader = dict(
    batch_size=1,
    num_workers=1,
    sampler=dict(type='DefaultSampler', shuffle=False),
    dataset=dict(
        type='RepeatDataset',
        times=1,
        dataset=dict(
            type='_DSODataset',
            data_root='data/dso/',
            data_prefix=dict(
                pts='',
                img='',
                pts_instance_mask='',
                pts_semantic_mask='',
                pts_panoptic_mask=''),
            ann_file='dso_infos_cetran.pkl',
            pipeline=[
                dict(type='_LoadDSOPointsAndAnnotations'),
                dict(type='PointSegClassMapping'),
                dict(
                    type='Pack3DDetInputs',
                    keys=['points', 'pts_semantic_mask', 'pts_instance_mask'])
            ],
            metainfo=dict(
                classes=[
                    'car', 'bicycle', 'motorcycle', 'truck', 'bus', 'person',
                    'rider', 'traffic-sign', 'traffic-cone', 'paved-road',
                    'unpaved-road', 'sidewalk', 'building', 'window',
                    'perimeter-barrier', 'other-barrier', 'overhead-bridge',
                    'gate', 'pole-like-object', 'drain', 'terrain', 'trunks',
                    'vegetation', 'obscurant'
                ],
                seg_label_mapping=dict({
                    0: 24,
                    1: 5,
                    2: 6,
                    3: 0,
                    4: 3,
                    5: 4,
                    6: 2,
                    7: 1,
                    8: 9,
                    9: 10,
                    10: 11,
                    11: 12,
                    12: 13,
                    13: 14,
                    14: 15,
                    15: 16,
                    16: 17,
                    17: 24,
                    18: 18,
                    19: 7,
                    20: 8,
                    21: 19,
                    22: 20,
                    23: 21,
                    24: 22,
                    27: 23,
                    28: 24,
                    29: 24,
                    30: 24,
                    255: 24
                }),
                max_label=255),
            modality=dict(use_lidar=True, use_camera=False),
            ignore_index=24,
            test_mode=True,
            backend_args=None)))
val_evaluator = [
    dict(
        type='_OODPointMetric',
        ood_raw_ids=[17, 28],
        seg_offset=65536,
        ignore_index=24)
]
test_evaluator = [
    dict(
        type='_OODPointMetric',
        ood_raw_ids=[17, 28],
        seg_offset=65536,
        ignore_index=24)
]
vis_backends = [dict(type='LocalVisBackend')]
visualizer = dict(
    type='Det3DLocalVisualizer',
    vis_backends=[dict(type='LocalVisBackend')],
    name='visualizer')
grid_shape = [480, 360, 32]
model = dict(
    type='_P3Former',
    data_preprocessor=dict(
        type='_Det3DDataPreprocessor',
        voxel=True,
        voxel_type='cylindrical',
        voxel_layer=dict(
            grid_shape=[480, 360, 32],
            point_cloud_range=[0, -3.14159265359, -3, 50, 3.14159265359, 13],
            max_num_points=-1,
            max_voxels=-1)),
    voxel_encoder=dict(
        type='SegVFE',
        feat_channels=[64, 128, 256, 256],
        in_channels=6,
        with_voxel_center=True,
        feat_compression=16,
        return_point_feats=False),
    backbone=dict(
        type='_Asymm3DSpconv',
        grid_size=[480, 360, 32],
        input_channels=16,
        base_channels=32,
        norm_cfg=dict(type='BN1d', eps=1e-05, momentum=0.1),
        more_conv=True,
        out_channels=256),
    decode_head=dict(
        type='_P3FormerHead',
        num_classes=25,
        num_queries=128,
        embed_dims=256,
        point_cloud_range=[0, -3.14159265359, -3, 50, 3.14159265359, 13],
        assigner_zero_layer_cfg=dict(
            type='mmdet.HungarianAssigner',
            match_costs=[
                dict(
                    type='mmdet.FocalLossCost',
                    weight=1.0,
                    binary_input=True,
                    gamma=2.0,
                    alpha=0.25),
                dict(type='mmdet.DiceCost', weight=2.0, pred_act=True)
            ]),
        assigner_cfg=dict(
            type='mmdet.HungarianAssigner',
            match_costs=[
                dict(
                    type='mmdet.FocalLossCost',
                    gamma=4.0,
                    alpha=0.25,
                    weight=1.0),
                dict(
                    type='mmdet.FocalLossCost',
                    weight=1.0,
                    binary_input=True,
                    gamma=2.0,
                    alpha=0.25),
                dict(type='mmdet.DiceCost', weight=2.0, pred_act=True)
            ]),
        sampler_cfg=dict(type='_MaskPseudoSampler'),
        loss_mask=dict(
            type='mmdet.FocalLoss',
            use_sigmoid=True,
            gamma=2.0,
            alpha=0.25,
            reduction='mean',
            loss_weight=1.0),
        loss_dice=dict(type='mmdet.DiceLoss', loss_weight=2.0),
        loss_cls=dict(
            type='mmdet.FocalLoss',
            use_sigmoid=True,
            gamma=4.0,
            alpha=0.25,
            loss_weight=1.0),
        num_decoder_layers=6,
        cls_channels=(256, 256, 25),
        mask_channels=(256, 256, 256, 256, 256),
        thing_class=[0, 1, 2, 3, 4, 5, 6, 7, 8],
        stuff_class=[
            9, 10, 11, 12, 13, 14, 15, 16, 17, 18, 19, 20, 21, 22, 23
        ],
        ignore_index=24,
        ood_cfg=dict(
            num_ood_logits=24,
            odin_temperature=1000.0,
            energy_temperature=1.0,
            class_groups=[[0, 1, 2, 3, 4], [5, 6], [9, 10, 11, 19],
                          [12, 13, 14, 15, 16, 17], [20, 21, 22],
                          [7, 8, 18, 23]],
            class_groups_variants=dict(
                m3_vno=[[0, 1, 2, 3, 4, 20, 21, 22, 7, 8, 18, 23], [5, 6],
                        [9, 10, 11, 19], [12, 13, 14, 15, 16, 17]],
                m3_hgc=[[5, 6, 9, 10, 11, 19, 12, 13, 14, 15, 16, 17],
                        [0, 1, 2, 3, 4], [20, 21, 22], [7, 8, 18, 23]],
                m3_hgn=[[5, 6, 9, 10, 11, 19, 20, 21, 22], [0, 1, 2, 3, 4],
                        [12, 13, 14, 15, 16, 17], [7, 8, 18, 23]],
                m3_hgo=[[5, 6, 9, 10, 11, 19, 7, 8, 18, 23], [0, 1, 2, 3, 4],
                        [12, 13, 14, 15, 16, 17], [20, 21, 22]],
                m3_hcn=[[5, 6, 12, 13, 14, 15, 16, 17, 20, 21, 22],
                        [0, 1, 2, 3, 4], [9, 10, 11, 19], [7, 8, 18, 23]],
                m3_hco=[[5, 6, 12, 13, 14, 15, 16, 17, 7, 8, 18, 23],
                        [0, 1, 2, 3, 4], [9, 10, 11, 19], [20, 21, 22]],
                m3_hno=[[5, 6, 20, 21, 22, 7, 8, 18, 23], [0, 1, 2, 3, 4],
                        [9, 10, 11, 19], [12, 13, 14, 15, 16, 17]],
                m3_gcn=[[9, 10, 11, 19, 12, 13, 14, 15, 16, 17, 20, 21, 22],
                        [0, 1, 2, 3, 4], [5, 6], [7, 8, 18, 23]],
                m3_gco=[[9, 10, 11, 19, 12, 13, 14, 15, 16, 17, 7, 8, 18, 23],
                        [0, 1, 2, 3, 4], [5, 6], [20, 21, 22]],
                m3_gno=[[9, 10, 11, 19, 20, 21, 22, 7, 8, 18, 23],
                        [0, 1, 2, 3, 4], [5, 6], [12, 13, 14, 15, 16, 17]],
                m3_cno=[[12, 13, 14, 15, 16, 17, 20, 21, 22, 7, 8, 18, 23],
                        [0, 1, 2, 3, 4], [5, 6], [9, 10, 11, 19]],
                m4_vhgc=[[
                    0, 1, 2, 3, 4, 5, 6, 9, 10, 11, 19, 12, 13, 14, 15, 16, 17
                ], [20, 21, 22], [7, 8, 18, 23]]))),
    train_cfg=None,
    test_cfg=dict(mode='whole'))
default_scope = 'mmdet3d'
default_hooks = dict(
    timer=dict(type='IterTimerHook'),
    logger=dict(type='LoggerHook', interval=50),
    param_scheduler=dict(type='ParamSchedulerHook'),
    checkpoint=dict(type='CheckpointHook', interval=5),
    sampler_seed=dict(type='DistSamplerSeedHook'),
    visualization=dict(type='Det3DVisualizationHook'))
env_cfg = dict(
    cudnn_benchmark=False,
    mp_cfg=dict(mp_start_method='fork', opencv_num_threads=0),
    dist_cfg=dict(backend='nccl'))
log_processor = dict(type='LogProcessor', window_size=50, by_epoch=True)
log_level = 'INFO'
load_from = 'work_dirs/p3former_2xb1_3x_dso/epoch_36.pth'
resume = False
point_cloud_range = [0, -3.14159265359, -3, 50, 3.14159265359, 13]
lr = 0.0008
optim_wrapper = dict(
    type='OptimWrapper',
    optimizer=dict(type='AdamW', lr=0.0008, weight_decay=0.01))
train_cfg = dict(type='EpochBasedTrainLoop', max_epochs=36, val_interval=1)
val_cfg = dict(type='ValLoop')
test_cfg = dict(type='TestLoop')
param_scheduler = [
    dict(
        type='MultiStepLR',
        begin=0,
        end=36,
        by_epoch=True,
        milestones=[24, 32],
        gamma=0.2)
]
custom_imports = dict(
    imports=[
        'p3former.backbones.cylinder3d',
        'p3former.data_preprocessors.data_preprocessor',
        'p3former.decode_heads.p3former_head', 'p3former.segmentors.p3former',
        'p3former.task_modules.samplers.mask_pseduo_sampler',
        'evaluation.metrics.panoptic_seg_metric',
        'evaluation.metrics.ood_metric', 'datasets.dso_dataset',
        'datasets.transforms.dso_loading', 'datasets.transforms.transforms_3d'
    ],
    allow_failed_imports=False)
launcher = 'none'
work_dir = 'work_dirs/p3former_2xb1_3x_dso_ood_hier/b3'

2026/08/25 03:04:15 - mmengine - INFO - Distributed training is not used, all SyncBatchNorm (SyncBN) layers in the model will be automatically reverted to BatchNormXd layers if they are used.
2026/08/25 03:04:15 - mmengine - INFO - Hooks will be executed in the following order:
before_run:
(VERY_HIGH   ) RuntimeInfoHook                    
(BELOW_NORMAL) LoggerHook                         
 -------------------- 
before_train:
(VERY_HIGH   ) RuntimeInfoHook                    
(NORMAL      ) IterTimerHook                      
(VERY_LOW    ) CheckpointHook                     
 -------------------- 
before_train_epoch:
(VERY_HIGH   ) RuntimeInfoHook                    
(NORMAL      ) IterTimerHook                      
(NORMAL      ) DistSamplerSeedHook                
 -------------------- 
before_train_iter:
(VERY_HIGH   ) RuntimeInfoHook                    
(NORMAL      ) IterTimerHook                      
 -------------------- 
after_train_iter:
(VERY_HIGH   ) RuntimeInfoHook                    
(NORMAL      ) IterTimerHook                      
(BELOW_NORMAL) LoggerHook                         
(LOW         ) ParamSchedulerHook                 
(VERY_LOW    ) CheckpointHook                     
 -------------------- 
after_train_epoch:
(NORMAL      ) IterTimerHook                      
(LOW         ) ParamSchedulerHook                 
(VERY_LOW    ) CheckpointHook                     
 -------------------- 
before_val_epoch:
(NORMAL      ) IterTimerHook                      
 -------------------- 
before_val_iter:
(NORMAL      ) IterTimerHook                      
 -------------------- 
after_val_iter:
(NORMAL      ) IterTimerHook                      
(NORMAL      ) Det3DVisualizationHook             
(BELOW_NORMAL) LoggerHook                         
 -------------------- 
after_val_epoch:
(VERY_HIGH   ) RuntimeInfoHook                    
(NORMAL      ) IterTimerHook                      
(BELOW_NORMAL) LoggerHook                         
(LOW         ) ParamSchedulerHook                 
(VERY_LOW    ) CheckpointHook                     
 -------------------- 
after_train:
(VERY_LOW    ) CheckpointHook                     
 -------------------- 
before_test_epoch:
(NORMAL      ) IterTimerHook                      
 -------------------- 
before_test_iter:
(NORMAL      ) IterTimerHook                      
 -------------------- 
after_test_iter:
(NORMAL      ) IterTimerHook                      
(NORMAL      ) Det3DVisualizationHook             
(BELOW_NORMAL) LoggerHook                         
 -------------------- 
after_test_epoch:
(VERY_HIGH   ) RuntimeInfoHook                    
(NORMAL      ) IterTimerHook                      
(BELOW_NORMAL) LoggerHook                         
 -------------------- 
after_run:
(BELOW_NORMAL) LoggerHook                         
 -------------------- 
2026/08/25 03:04:21 - mmengine - INFO - Load checkpoint from work_dirs/p3former_2xb1_3x_dso/epoch_36.pth
2026/08/25 03:04:33 - mmengine - INFO - Epoch(test) [ 50/980]    eta: 0:03:38  time: 0.2348  data_time: 0.0242  memory: 1506  
2026/08/25 03:04:44 - mmengine - INFO - Epoch(test) [100/980]    eta: 0:03:22  time: 0.2258  data_time: 0.0207  memory: 1438  
2026/08/25 03:04:55 - mmengine - INFO - Epoch(test) [150/980]    eta: 0:03:08  time: 0.2193  data_time: 0.0209  memory: 1509  
2026/08/25 03:05:07 - mmengine - INFO - Epoch(test) [200/980]    eta: 0:03:01  time: 0.2488  data_time: 0.0243  memory: 1647  
2026/08/25 03:05:19 - mmengine - INFO - Epoch(test) [250/980]    eta: 0:02:48  time: 0.2277  data_time: 0.0221  memory: 1489  
2026/08/25 03:05:31 - mmengine - INFO - Epoch(test) [300/980]    eta: 0:02:39  time: 0.2476  data_time: 0.0255  memory: 1745  
2026/08/25 03:05:43 - mmengine - INFO - Epoch(test) [350/980]    eta: 0:02:28  time: 0.2409  data_time: 0.0262  memory: 1713  
2026/08/25 03:05:54 - mmengine - INFO - Epoch(test) [400/980]    eta: 0:02:14  time: 0.2154  data_time: 0.0217  memory: 1513  
2026/08/25 03:06:05 - mmengine - INFO - Epoch(test) [450/980]    eta: 0:02:02  time: 0.2186  data_time: 0.0216  memory: 1514  
2026/08/25 03:06:17 - mmengine - INFO - Epoch(test) [500/980]    eta: 0:01:51  time: 0.2442  data_time: 0.0245  memory: 1660  
2026/08/25 03:06:28 - mmengine - INFO - Epoch(test) [550/980]    eta: 0:01:39  time: 0.2222  data_time: 0.0215  memory: 1603  
2026/08/25 03:06:41 - mmengine - INFO - Epoch(test) [600/980]    eta: 0:01:28  time: 0.2642  data_time: 0.0266  memory: 1753  
2026/08/25 03:06:53 - mmengine - INFO - Epoch(test) [650/980]    eta: 0:01:17  time: 0.2343  data_time: 0.0224  memory: 1505  
2026/08/25 03:07:04 - mmengine - INFO - Epoch(test) [700/980]    eta: 0:01:05  time: 0.2238  data_time: 0.0224  memory: 1416  
2026/08/25 03:07:16 - mmengine - INFO - Epoch(test) [750/980]    eta: 0:00:53  time: 0.2250  data_time: 0.0224  memory: 1456  
2026/08/25 03:07:27 - mmengine - INFO - Epoch(test) [800/980]    eta: 0:00:41  time: 0.2216  data_time: 0.0216  memory: 1459  
2026/08/25 03:07:39 - mmengine - INFO - Epoch(test) [850/980]    eta: 0:00:30  time: 0.2392  data_time: 0.0227  memory: 1618  
2026/08/25 03:07:50 - mmengine - INFO - Epoch(test) [900/980]    eta: 0:00:18  time: 0.2241  data_time: 0.0215  memory: 1577  
2026/08/25 03:08:02 - mmengine - INFO - Epoch(test) [950/980]    eta: 0:00:06  time: 0.2492  data_time: 0.0256  memory: 1710  
2026/08/25 03:08:10 - mmengine - INFO - Point-level OOD evaluation: 253052359 ID points, 7683321 OOD points (2.9468% OOD)
2026/08/25 03:08:10 - mmengine - INFO -     method |    AUROC |       AP |   FPR@95
2026/08/25 03:08:10 - mmengine - INFO - -------------------------------------------
2026/08/25 03:08:12 - mmengine - INFO -        msp |    90.42 |    28.27 |    32.32
2026/08/25 03:08:14 - mmengine - INFO -   maxlogit |    93.20 |    41.73 |    26.63
2026/08/25 03:08:16 - mmengine - INFO -       odin |    94.86 |    44.59 |    23.39
2026/08/25 03:08:18 - mmengine - INFO -     energy |    93.14 |    40.33 |    26.35
2026/08/25 03:08:20 - mmengine - INFO -    entropy |    92.10 |    38.71 |    31.29
2026/08/25 03:08:22 - mmengine - INFO -  group_msp |    90.19 |    20.33 |    31.68
2026/08/25 03:08:24 - mmengine - INFO - group_maxlogit |    93.20 |    41.73 |    26.63
2026/08/25 03:08:26 - mmengine - INFO - group_odin |    31.82 |     2.00 |    94.13
2026/08/25 03:08:28 - mmengine - INFO - group_energy |    93.23 |    41.15 |    26.45
2026/08/25 03:08:30 - mmengine - INFO - group_entropy |    91.15 |    28.14 |    31.05
2026/08/25 03:08:33 - mmengine - INFO -     gn_msp |    91.20 |    24.01 |    26.13
2026/08/25 03:08:35 - mmengine - INFO - gn_maxlogit |    93.45 |    41.11 |    24.67
2026/08/25 03:08:37 - mmengine - INFO -    gn_odin |    81.82 |    15.93 |    78.84
2026/08/25 03:08:39 - mmengine - INFO -  gn_energy |    93.48 |    40.77 |    24.45
2026/08/25 03:08:41 - mmengine - INFO - gn_entropy |    90.57 |    16.77 |    26.13
2026/08/25 03:08:43 - mmengine - INFO - m3_cno_gn_energy |    92.79 |    39.90 |    28.46
2026/08/25 03:08:45 - mmengine - INFO - m3_cno_gn_entropy |    85.91 |    17.13 |    57.11
2026/08/25 03:08:47 - mmengine - INFO - m3_cno_gn_maxlogit |    92.72 |    39.84 |    28.81
2026/08/25 03:08:49 - mmengine - INFO - m3_cno_gn_msp |    87.58 |    20.22 |    57.11
2026/08/25 03:08:51 - mmengine - INFO - m3_cno_gn_odin |    76.94 |    10.58 |    69.64
2026/08/25 03:08:53 - mmengine - INFO - m3_cno_group_energy |    93.26 |    41.49 |    26.40
2026/08/25 03:08:55 - mmengine - INFO - m3_cno_group_entropy |    91.66 |    20.69 |    27.13
2026/08/25 03:08:57 - mmengine - INFO - m3_cno_group_maxlogit |    93.20 |    41.73 |    26.63
2026/08/25 03:08:59 - mmengine - INFO - m3_cno_group_msp |    91.37 |    18.30 |    27.34
2026/08/25 03:09:01 - mmengine - INFO - m3_cno_group_odin |    45.11 |     2.50 |    69.86
2026/08/25 03:09:03 - mmengine - INFO - m3_gcn_gn_energy |    92.46 |    40.62 |    29.79
2026/08/25 03:09:05 - mmengine - INFO - m3_gcn_gn_entropy |    86.66 |    41.83 |    96.24
2026/08/25 03:09:07 - mmengine - INFO - m3_gcn_gn_maxlogit |    92.37 |    41.61 |    29.93
2026/08/25 03:09:09 - mmengine - INFO - m3_gcn_gn_msp |    89.39 |    44.96 |    96.24
2026/08/25 03:09:11 - mmengine - INFO - m3_gcn_gn_odin |    58.63 |     3.55 |    76.60
2026/08/25 03:09:13 - mmengine - INFO - m3_gcn_group_energy |    93.26 |    39.60 |    26.30
2026/08/25 03:09:15 - mmengine - INFO - m3_gcn_group_entropy |    95.51 |    40.39 |    20.57
2026/08/25 03:09:16 - mmengine - INFO - m3_gcn_group_maxlogit |    93.20 |    41.73 |    26.63
2026/08/25 03:09:18 - mmengine - INFO - m3_gcn_group_msp |    95.50 |    40.80 |    20.63
2026/08/25 03:09:20 - mmengine - INFO - m3_gcn_group_odin |    58.92 |     3.62 |    76.60
2026/08/25 03:09:22 - mmengine - INFO - m3_gco_gn_energy |    92.74 |    37.37 |    27.05
2026/08/25 03:09:24 - mmengine - INFO - m3_gco_gn_entropy |    73.87 |    10.96 |    66.89
2026/08/25 03:09:26 - mmengine - INFO - m3_gco_gn_maxlogit |    92.78 |    38.32 |    27.06
2026/08/25 03:09:28 - mmengine - INFO - m3_gco_gn_msp |    82.49 |    18.61 |    66.89
2026/08/25 03:09:30 - mmengine - INFO - m3_gco_gn_odin |    57.04 |     3.04 |    67.57
2026/08/25 03:09:32 - mmengine - INFO - m3_gco_group_energy |    93.18 |    40.49 |    26.45
2026/08/25 03:09:34 - mmengine - INFO - m3_gco_group_entropy |    89.42 |    21.66 |    34.13
2026/08/25 03:09:36 - mmengine - INFO - m3_gco_group_maxlogit |    93.20 |    41.73 |    26.63
2026/08/25 03:09:38 - mmengine - INFO - m3_gco_group_msp |    88.80 |    16.39 |    34.58
2026/08/25 03:09:40 - mmengine - INFO - m3_gco_group_odin |    47.18 |     3.22 |    96.83
2026/08/25 03:09:42 - mmengine - INFO - m3_gno_gn_energy |    92.38 |    41.02 |    31.82
2026/08/25 03:09:44 - mmengine - INFO - m3_gno_gn_entropy |    54.93 |    12.77 |    96.32
2026/08/25 03:09:46 - mmengine - INFO - m3_gno_gn_maxlogit |    92.31 |    41.30 |    31.72
2026/08/25 03:09:48 - mmengine - INFO - m3_gno_gn_msp |    55.56 |    12.64 |    96.29
2026/08/25 03:09:50 - mmengine - INFO - m3_gno_gn_odin |    69.62 |     7.70 |    87.16
2026/08/25 03:09:52 - mmengine - INFO - m3_gno_group_energy |    93.23 |    41.47 |    26.39
2026/08/25 03:09:54 - mmengine - INFO - m3_gno_group_entropy |    92.21 |    29.55 |    29.30
2026/08/25 03:09:56 - mmengine - INFO - m3_gno_group_maxlogit |    93.20 |    41.73 |    26.63
2026/08/25 03:09:58 - mmengine - INFO - m3_gno_group_msp |    91.78 |    23.73 |    29.65
2026/08/25 03:09:59 - mmengine - INFO - m3_gno_group_odin |    83.44 |    20.97 |    62.88
2026/08/25 03:10:01 - mmengine - INFO - m3_hcn_gn_energy |    92.89 |    40.53 |    28.01
2026/08/25 03:10:03 - mmengine - INFO - m3_hcn_gn_entropy |    88.50 |    19.95 |    55.69
2026/08/25 03:10:05 - mmengine - INFO - m3_hcn_gn_maxlogit |    92.80 |    40.65 |    28.33
2026/08/25 03:10:07 - mmengine - INFO - m3_hcn_gn_msp |    88.65 |    22.18 |    55.69
2026/08/25 03:10:09 - mmengine - INFO - m3_hcn_gn_odin |    84.61 |    13.28 |    59.44
2026/08/25 03:10:11 - mmengine - INFO - m3_hcn_group_energy |    93.28 |    40.90 |    26.37
2026/08/25 03:10:13 - mmengine - INFO - m3_hcn_group_entropy |    92.51 |    23.59 |    25.20
2026/08/25 03:10:15 - mmengine - INFO - m3_hcn_group_maxlogit |    93.20 |    41.73 |    26.63
2026/08/25 03:10:17 - mmengine - INFO - m3_hcn_group_msp |    92.09 |    19.90 |    25.55
2026/08/25 03:10:19 - mmengine - INFO - m3_hcn_group_odin |    43.27 |     2.44 |    71.52
2026/08/25 03:10:21 - mmengine - INFO - m3_hco_gn_energy |    93.43 |    37.81 |    23.39
2026/08/25 03:10:23 - mmengine - INFO - m3_hco_gn_entropy |    89.11 |    14.57 |    27.71
2026/08/25 03:10:25 - mmengine - INFO - m3_hco_gn_maxlogit |    93.43 |    38.18 |    23.71
2026/08/25 03:10:27 - mmengine - INFO - m3_hco_gn_msp |    90.38 |    24.25 |    27.62
2026/08/25 03:10:29 - mmengine - INFO - m3_hco_gn_odin |    90.62 |    20.77 |    25.91
2026/08/25 03:10:31 - mmengine - INFO - m3_hco_group_energy |    93.22 |    41.57 |    26.45
2026/08/25 03:10:33 - mmengine - INFO - m3_hco_group_entropy |    90.64 |    26.14 |    31.59
2026/08/25 03:10:35 - mmengine - INFO - m3_hco_group_maxlogit |    93.20 |    41.73 |    26.63
2026/08/25 03:10:37 - mmengine - INFO - m3_hco_group_msp |    89.87 |    19.27 |    32.12
2026/08/25 03:10:39 - mmengine - INFO - m3_hco_group_odin |    28.58 |     1.89 |    94.06
2026/08/25 03:10:41 - mmengine - INFO - m3_hgc_gn_energy |    92.84 |    38.39 |    26.72
2026/08/25 03:10:43 - mmengine - INFO - m3_hgc_gn_entropy |    83.20 |    14.24 |    65.51
2026/08/25 03:10:45 - mmengine - INFO - m3_hgc_gn_maxlogit |    92.86 |    39.20 |    26.76
2026/08/25 03:10:46 - mmengine - INFO - m3_hgc_gn_msp |    84.32 |    21.37 |    65.51
2026/08/25 03:10:48 - mmengine - INFO - m3_hgc_gn_odin |    57.54 |     3.07 |    63.71
2026/08/25 03:10:50 - mmengine - INFO - m3_hgc_group_energy |    93.19 |    40.24 |    26.45
2026/08/25 03:10:52 - mmengine - INFO - m3_hgc_group_entropy |    90.10 |    25.43 |    33.34
2026/08/25 03:10:54 - mmengine - INFO - m3_hgc_group_maxlogit |    93.20 |    41.73 |    26.63
2026/08/25 03:10:56 - mmengine - INFO - m3_hgc_group_msp |    89.23 |    17.81 |    33.84
2026/08/25 03:10:58 - mmengine - INFO - m3_hgc_group_odin |    47.89 |     2.80 |    98.88
2026/08/25 03:11:00 - mmengine - INFO - m3_hgn_gn_energy |    92.63 |    41.66 |    30.11
2026/08/25 03:11:02 - mmengine - INFO - m3_hgn_gn_entropy |    63.28 |    14.61 |    95.45
2026/08/25 03:11:04 - mmengine - INFO - m3_hgn_gn_maxlogit |    92.56 |    42.10 |    30.09
2026/08/25 03:11:06 - mmengine - INFO - m3_hgn_gn_msp |    63.38 |    16.50 |    95.45
2026/08/25 03:11:08 - mmengine - INFO - m3_hgn_gn_odin |    66.21 |     7.29 |    93.63
2026/08/25 03:11:10 - mmengine - INFO - m3_hgn_group_energy |    93.24 |    41.01 |    26.36
2026/08/25 03:11:12 - mmengine - INFO - m3_hgn_group_entropy |    92.47 |    31.88 |    28.64
2026/08/25 03:11:14 - mmengine - INFO - m3_hgn_group_maxlogit |    93.20 |    41.73 |    26.63
2026/08/25 03:11:16 - mmengine - INFO - m3_hgn_group_msp |    91.91 |    24.20 |    28.96
2026/08/25 03:11:18 - mmengine - INFO - m3_hgn_group_odin |    82.86 |    11.94 |    52.56
2026/08/25 03:11:20 - mmengine - INFO - m3_hgo_gn_energy |    93.09 |    40.18 |    26.75
2026/08/25 03:11:22 - mmengine - INFO - m3_hgo_gn_entropy |    70.03 |    10.71 |    67.30
2026/08/25 03:11:24 - mmengine - INFO - m3_hgo_gn_maxlogit |    93.06 |    40.63 |    26.85
2026/08/25 03:11:26 - mmengine - INFO - m3_hgo_gn_msp |    70.09 |    13.87 |    67.29
2026/08/25 03:11:28 - mmengine - INFO - m3_hgo_gn_odin |    57.70 |     3.36 |    78.87
2026/08/25 03:11:30 - mmengine - INFO - m3_hgo_group_energy |    93.24 |    41.27 |    26.45
2026/08/25 03:11:32 - mmengine - INFO - m3_hgo_group_entropy |    91.09 |    28.23 |    31.09
2026/08/25 03:11:34 - mmengine - INFO - m3_hgo_group_maxlogit |    93.20 |    41.73 |    26.63
2026/08/25 03:11:36 - mmengine - INFO - m3_hgo_group_msp |    90.23 |    20.62 |    31.62
2026/08/25 03:11:37 - mmengine - INFO - m3_hgo_group_odin |    63.04 |     3.55 |    51.39
2026/08/25 03:11:39 - mmengine - INFO - m3_hno_gn_energy |    92.97 |    40.74 |    28.21
2026/08/25 03:11:41 - mmengine - INFO - m3_hno_gn_entropy |    76.55 |    12.10 |    57.56
2026/08/25 03:11:43 - mmengine - INFO - m3_hno_gn_maxlogit |    92.95 |    40.66 |    28.35
2026/08/25 03:11:45 - mmengine - INFO - m3_hno_gn_msp |    76.72 |    13.92 |    57.56
2026/08/25 03:11:47 - mmengine - INFO - m3_hno_gn_odin |    72.17 |    10.00 |    93.98
2026/08/25 03:11:49 - mmengine - INFO - m3_hno_group_energy |    93.23 |    41.98 |    26.47
2026/08/25 03:11:51 - mmengine - INFO - m3_hno_group_entropy |    90.72 |    28.32 |    33.37
2026/08/25 03:11:53 - mmengine - INFO - m3_hno_group_maxlogit |    93.20 |    41.73 |    26.63
2026/08/25 03:11:55 - mmengine - INFO - m3_hno_group_msp |    89.92 |    20.39 |    34.03
2026/08/25 03:11:57 - mmengine - INFO - m3_hno_group_odin |    60.69 |     5.98 |    71.47
2026/08/25 03:11:59 - mmengine - INFO - m3_vno_gn_energy |    92.97 |    41.09 |    29.03
2026/08/25 03:12:01 - mmengine - INFO - m3_vno_gn_entropy |    72.02 |     9.36 |    57.45
2026/08/25 03:12:03 - mmengine - INFO - m3_vno_gn_maxlogit |    92.96 |    41.00 |    29.08
2026/08/25 03:12:05 - mmengine - INFO - m3_vno_gn_msp |    73.18 |    10.80 |    57.44
2026/08/25 03:12:07 - mmengine - INFO - m3_vno_gn_odin |    69.36 |     7.14 |    94.10
2026/08/25 03:12:09 - mmengine - INFO - m3_vno_group_energy |    93.21 |    42.23 |    26.47
2026/08/25 03:12:11 - mmengine - INFO - m3_vno_group_entropy |    90.15 |    22.37 |    34.07
2026/08/25 03:12:13 - mmengine - INFO - m3_vno_group_maxlogit |    93.20 |    41.73 |    26.63
2026/08/25 03:12:15 - mmengine - INFO - m3_vno_group_msp |    89.72 |    18.73 |    34.42
2026/08/25 03:12:17 - mmengine - INFO - m3_vno_group_odin |    52.11 |     3.99 |    88.54
2026/08/25 03:12:19 - mmengine - INFO - m4_vhgc_gn_energy |    92.91 |    37.28 |    26.33
2026/08/25 03:12:21 - mmengine - INFO - m4_vhgc_gn_entropy |    50.67 |     4.15 |    66.03
2026/08/25 03:12:23 - mmengine - INFO - m4_vhgc_gn_maxlogit |    93.02 |    39.03 |    26.20
2026/08/25 03:12:24 - mmengine - INFO - m4_vhgc_gn_msp |    81.42 |    15.92 |    65.58
2026/08/25 03:12:26 - mmengine - INFO - m4_vhgc_gn_odin |    56.22 |     2.99 |    61.59
2026/08/25 03:12:28 - mmengine - INFO - m4_vhgc_group_energy |    93.09 |    39.66 |    26.47
2026/08/25 03:12:30 - mmengine - INFO - m4_vhgc_group_entropy |    85.98 |    17.71 |    46.26
2026/08/25 03:12:32 - mmengine - INFO - m4_vhgc_group_maxlogit |    93.20 |    41.73 |    26.63
2026/08/25 03:12:34 - mmengine - INFO - m4_vhgc_group_msp |    85.46 |    13.40 |    46.54
2026/08/25 03:12:36 - mmengine - INFO - m4_vhgc_group_odin |    41.94 |     2.32 |    98.63
2026/08/25 03:12:37 - mmengine - INFO - Epoch(test) [980/980]    ood/msp_AUROC: 90.4207  ood/msp_AP: 28.2728  ood/msp_FPR95: 32.3161  ood/maxlogit_AUROC: 93.1954  ood/maxlogit_AP: 41.7321  ood/maxlogit_FPR95: 26.6318  ood/odin_AUROC: 94.8564  ood/odin_AP: 44.5884  ood/odin_FPR95: 23.3896  ood/energy_AUROC: 93.1389  ood/energy_AP: 40.3339  ood/energy_FPR95: 26.3465  ood/entropy_AUROC: 92.1024  ood/entropy_AP: 38.7111  ood/entropy_FPR95: 31.2887  ood/group_msp_AUROC: 90.1908  ood/group_msp_AP: 20.3266  ood/group_msp_FPR95: 31.6846  ood/group_maxlogit_AUROC: 93.1954  ood/group_maxlogit_AP: 41.7321  ood/group_maxlogit_FPR95: 26.6318  ood/group_odin_AUROC: 31.8158  ood/group_odin_AP: 1.9950  ood/group_odin_FPR95: 94.1269  ood/group_energy_AUROC: 93.2323  ood/group_energy_AP: 41.1506  ood/group_energy_FPR95: 26.4467  ood/group_entropy_AUROC: 91.1538  ood/group_entropy_AP: 28.1397  ood/group_entropy_FPR95: 31.0538  ood/gn_msp_AUROC: 91.1951  ood/gn_msp_AP: 24.0135  ood/gn_msp_FPR95: 26.1316  ood/gn_maxlogit_AUROC: 93.4507  ood/gn_maxlogit_AP: 41.1148  ood/gn_maxlogit_FPR95: 24.6704  ood/gn_odin_AUROC: 81.8152  ood/gn_odin_AP: 15.9283  ood/gn_odin_FPR95: 78.8432  ood/gn_energy_AUROC: 93.4820  ood/gn_energy_AP: 40.7655  ood/gn_energy_FPR95: 24.4541  ood/gn_entropy_AUROC: 90.5661  ood/gn_entropy_AP: 16.7744  ood/gn_entropy_FPR95: 26.1316  ood/m3_cno_gn_energy_AUROC: 92.7853  ood/m3_cno_gn_energy_AP: 39.9030  ood/m3_cno_gn_energy_FPR95: 28.4624  ood/m3_cno_gn_entropy_AUROC: 85.9122  ood/m3_cno_gn_entropy_AP: 17.1320  ood/m3_cno_gn_entropy_FPR95: 57.1138  ood/m3_cno_gn_maxlogit_AUROC: 92.7153  ood/m3_cno_gn_maxlogit_AP: 39.8381  ood/m3_cno_gn_maxlogit_FPR95: 28.8115  ood/m3_cno_gn_msp_AUROC: 87.5788  ood/m3_cno_gn_msp_AP: 20.2192  ood/m3_cno_gn_msp_FPR95: 57.1130  ood/m3_cno_gn_odin_AUROC: 76.9402  ood/m3_cno_gn_odin_AP: 10.5810  ood/m3_cno_gn_odin_FPR95: 69.6423  ood/m3_cno_group_energy_AUROC: 93.2565  ood/m3_cno_group_energy_AP: 41.4947  ood/m3_cno_group_energy_FPR95: 26.3964  ood/m3_cno_group_entropy_AUROC: 91.6552  ood/m3_cno_group_entropy_AP: 20.6868  ood/m3_cno_group_entropy_FPR95: 27.1325  ood/m3_cno_group_maxlogit_AUROC: 93.1954  ood/m3_cno_group_maxlogit_AP: 41.7321  ood/m3_cno_group_maxlogit_FPR95: 26.6318  ood/m3_cno_group_msp_AUROC: 91.3656  ood/m3_cno_group_msp_AP: 18.3008  ood/m3_cno_group_msp_FPR95: 27.3436  ood/m3_cno_group_odin_AUROC: 45.1090  ood/m3_cno_group_odin_AP: 2.4964  ood/m3_cno_group_odin_FPR95: 69.8619  ood/m3_gcn_gn_energy_AUROC: 92.4559  ood/m3_gcn_gn_energy_AP: 40.6191  ood/m3_gcn_gn_energy_FPR95: 29.7909  ood/m3_gcn_gn_entropy_AUROC: 86.6589  ood/m3_gcn_gn_entropy_AP: 41.8293  ood/m3_gcn_gn_entropy_FPR95: 96.2402  ood/m3_gcn_gn_maxlogit_AUROC: 92.3749  ood/m3_gcn_gn_maxlogit_AP: 41.6063  ood/m3_gcn_gn_maxlogit_FPR95: 29.9250  ood/m3_gcn_gn_msp_AUROC: 89.3854  ood/m3_gcn_gn_msp_AP: 44.9567  ood/m3_gcn_gn_msp_FPR95: 96.2405  ood/m3_gcn_gn_odin_AUROC: 58.6323  ood/m3_gcn_gn_odin_AP: 3.5500  ood/m3_gcn_gn_odin_FPR95: 76.5990  ood/m3_gcn_group_energy_AUROC: 93.2556  ood/m3_gcn_group_energy_AP: 39.6008  ood/m3_gcn_group_energy_FPR95: 26.3019  ood/m3_gcn_group_entropy_AUROC: 95.5125  ood/m3_gcn_group_entropy_AP: 40.3864  ood/m3_gcn_group_entropy_FPR95: 20.5654  ood/m3_gcn_group_maxlogit_AUROC: 93.1954  ood/m3_gcn_group_maxlogit_AP: 41.7321  ood/m3_gcn_group_maxlogit_FPR95: 26.6318  ood/m3_gcn_group_msp_AUROC: 95.4958  ood/m3_gcn_group_msp_AP: 40.8001  ood/m3_gcn_group_msp_FPR95: 20.6284  ood/m3_gcn_group_odin_AUROC: 58.9221  ood/m3_gcn_group_odin_AP: 3.6238  ood/m3_gcn_group_odin_FPR95: 76.5990  ood/m3_gco_gn_energy_AUROC: 92.7434  ood/m3_gco_gn_energy_AP: 37.3732  ood/m3_gco_gn_energy_FPR95: 27.0496  ood/m3_gco_gn_entropy_AUROC: 73.8659  ood/m3_gco_gn_entropy_AP: 10.9580  ood/m3_gco_gn_entropy_FPR95: 66.8874  ood/m3_gco_gn_maxlogit_AUROC: 92.7788  ood/m3_gco_gn_maxlogit_AP: 38.3214  ood/m3_gco_gn_maxlogit_FPR95: 27.0644  ood/m3_gco_gn_msp_AUROC: 82.4905  ood/m3_gco_gn_msp_AP: 18.6104  ood/m3_gco_gn_msp_FPR95: 66.8862  ood/m3_gco_gn_odin_AUROC: 57.0393  ood/m3_gco_gn_odin_AP: 3.0433  ood/m3_gco_gn_odin_FPR95: 67.5719  ood/m3_gco_group_energy_AUROC: 93.1767  ood/m3_gco_group_energy_AP: 40.4865  ood/m3_gco_group_energy_FPR95: 26.4532  ood/m3_gco_group_entropy_AUROC: 89.4166  ood/m3_gco_group_entropy_AP: 21.6586  ood/m3_gco_group_entropy_FPR95: 34.1254  ood/m3_gco_group_maxlogit_AUROC: 93.1954  ood/m3_gco_group_maxlogit_AP: 41.7321  ood/m3_gco_group_maxlogit_FPR95: 26.6318  ood/m3_gco_group_msp_AUROC: 88.7957  ood/m3_gco_group_msp_AP: 16.3944  ood/m3_gco_group_msp_FPR95: 34.5759  ood/m3_gco_group_odin_AUROC: 47.1763  ood/m3_gco_group_odin_AP: 3.2175  ood/m3_gco_group_odin_FPR95: 96.8276  ood/m3_gno_gn_energy_AUROC: 92.3816  ood/m3_gno_gn_energy_AP: 41.0220  ood/m3_gno_gn_energy_FPR95: 31.8153  ood/m3_gno_gn_entropy_AUROC: 54.9316  ood/m3_gno_gn_entropy_AP: 12.7734  ood/m3_gno_gn_entropy_FPR95: 96.3167  ood/m3_gno_gn_maxlogit_AUROC: 92.3145  ood/m3_gno_gn_maxlogit_AP: 41.2974  ood/m3_gno_gn_maxlogit_FPR95: 31.7171  ood/m3_gno_gn_msp_AUROC: 55.5578  ood/m3_gno_gn_msp_AP: 12.6434  ood/m3_gno_gn_msp_FPR95: 96.2905  ood/m3_gno_gn_odin_AUROC: 69.6174  ood/m3_gno_gn_odin_AP: 7.6960  ood/m3_gno_gn_odin_FPR95: 87.1611  ood/m3_gno_group_energy_AUROC: 93.2334  ood/m3_gno_group_energy_AP: 41.4651  ood/m3_gno_group_energy_FPR95: 26.3851  ood/m3_gno_group_entropy_AUROC: 92.2092  ood/m3_gno_group_entropy_AP: 29.5550  ood/m3_gno_group_entropy_FPR95: 29.3037  ood/m3_gno_group_maxlogit_AUROC: 93.1954  ood/m3_gno_group_maxlogit_AP: 41.7321  ood/m3_gno_group_maxlogit_FPR95: 26.6318  ood/m3_gno_group_msp_AUROC: 91.7766  ood/m3_gno_group_msp_AP: 23.7295  ood/m3_gno_group_msp_FPR95: 29.6471  ood/m3_gno_group_odin_AUROC: 83.4393  ood/m3_gno_group_odin_AP: 20.9654  ood/m3_gno_group_odin_FPR95: 62.8792  ood/m3_hcn_gn_energy_AUROC: 92.8873  ood/m3_hcn_gn_energy_AP: 40.5266  ood/m3_hcn_gn_energy_FPR95: 28.0146  ood/m3_hcn_gn_entropy_AUROC: 88.4988  ood/m3_hcn_gn_entropy_AP: 19.9523  ood/m3_hcn_gn_entropy_FPR95: 55.6870  ood/m3_hcn_gn_maxlogit_AUROC: 92.7964  ood/m3_hcn_gn_maxlogit_AP: 40.6547  ood/m3_hcn_gn_maxlogit_FPR95: 28.3312  ood/m3_hcn_gn_msp_AUROC: 88.6451  ood/m3_hcn_gn_msp_AP: 22.1831  ood/m3_hcn_gn_msp_FPR95: 55.6870  ood/m3_hcn_gn_odin_AUROC: 84.6148  ood/m3_hcn_gn_odin_AP: 13.2831  ood/m3_hcn_gn_odin_FPR95: 59.4378  ood/m3_hcn_group_energy_AUROC: 93.2763  ood/m3_hcn_group_energy_AP: 40.8973  ood/m3_hcn_group_energy_FPR95: 26.3718  ood/m3_hcn_group_entropy_AUROC: 92.5135  ood/m3_hcn_group_entropy_AP: 23.5920  ood/m3_hcn_group_entropy_FPR95: 25.2035  ood/m3_hcn_group_maxlogit_AUROC: 93.1954  ood/m3_hcn_group_maxlogit_AP: 41.7321  ood/m3_hcn_group_maxlogit_FPR95: 26.6318  ood/m3_hcn_group_msp_AUROC: 92.0920  ood/m3_hcn_group_msp_AP: 19.8988  ood/m3_hcn_group_msp_FPR95: 25.5550  ood/m3_hcn_group_odin_AUROC: 43.2704  ood/m3_hcn_group_odin_AP: 2.4398  ood/m3_hcn_group_odin_FPR95: 71.5200  ood/m3_hco_gn_energy_AUROC: 93.4339  ood/m3_hco_gn_energy_AP: 37.8087  ood/m3_hco_gn_energy_FPR95: 23.3879  ood/m3_hco_gn_entropy_AUROC: 89.1118  ood/m3_hco_gn_entropy_AP: 14.5677  ood/m3_hco_gn_entropy_FPR95: 27.7138  ood/m3_hco_gn_maxlogit_AUROC: 93.4322  ood/m3_hco_gn_maxlogit_AP: 38.1842  ood/m3_hco_gn_maxlogit_FPR95: 23.7091  ood/m3_hco_gn_msp_AUROC: 90.3771  ood/m3_hco_gn_msp_AP: 24.2457  ood/m3_hco_gn_msp_FPR95: 27.6179  ood/m3_hco_gn_odin_AUROC: 90.6194  ood/m3_hco_gn_odin_AP: 20.7695  ood/m3_hco_gn_odin_FPR95: 25.9124  ood/m3_hco_group_energy_AUROC: 93.2217  ood/m3_hco_group_energy_AP: 41.5682  ood/m3_hco_group_energy_FPR95: 26.4484  ood/m3_hco_group_entropy_AUROC: 90.6361  ood/m3_hco_group_entropy_AP: 26.1432  ood/m3_hco_group_entropy_FPR95: 31.5869  ood/m3_hco_group_maxlogit_AUROC: 93.1954  ood/m3_hco_group_maxlogit_AP: 41.7321  ood/m3_hco_group_maxlogit_FPR95: 26.6318  ood/m3_hco_group_msp_AUROC: 89.8749  ood/m3_hco_group_msp_AP: 19.2741  ood/m3_hco_group_msp_FPR95: 32.1161  ood/m3_hco_group_odin_AUROC: 28.5829  ood/m3_hco_group_odin_AP: 1.8868  ood/m3_hco_group_odin_FPR95: 94.0587  ood/m3_hgc_gn_energy_AUROC: 92.8354  ood/m3_hgc_gn_energy_AP: 38.3922  ood/m3_hgc_gn_energy_FPR95: 26.7196  ood/m3_hgc_gn_entropy_AUROC: 83.1971  ood/m3_hgc_gn_entropy_AP: 14.2401  ood/m3_hgc_gn_entropy_FPR95: 65.5105  ood/m3_hgc_gn_maxlogit_AUROC: 92.8579  ood/m3_hgc_gn_maxlogit_AP: 39.1987  ood/m3_hgc_gn_maxlogit_FPR95: 26.7591  ood/m3_hgc_gn_msp_AUROC: 84.3180  ood/m3_hgc_gn_msp_AP: 21.3671  ood/m3_hgc_gn_msp_FPR95: 65.5082  ood/m3_hgc_gn_odin_AUROC: 57.5361  ood/m3_hgc_gn_odin_AP: 3.0708  ood/m3_hgc_gn_odin_FPR95: 63.7141  ood/m3_hgc_group_energy_AUROC: 93.1898  ood/m3_hgc_group_energy_AP: 40.2364  ood/m3_hgc_group_energy_FPR95: 26.4486  ood/m3_hgc_group_entropy_AUROC: 90.0954  ood/m3_hgc_group_entropy_AP: 25.4329  ood/m3_hgc_group_entropy_FPR95: 33.3400  ood/m3_hgc_group_maxlogit_AUROC: 93.1954  ood/m3_hgc_group_maxlogit_AP: 41.7321  ood/m3_hgc_group_maxlogit_FPR95: 26.6318  ood/m3_hgc_group_msp_AUROC: 89.2339  ood/m3_hgc_group_msp_AP: 17.8064  ood/m3_hgc_group_msp_FPR95: 33.8362  ood/m3_hgc_group_odin_AUROC: 47.8898  ood/m3_hgc_group_odin_AP: 2.8035  ood/m3_hgc_group_odin_FPR95: 98.8802  ood/m3_hgn_gn_energy_AUROC: 92.6308  ood/m3_hgn_gn_energy_AP: 41.6559  ood/m3_hgn_gn_energy_FPR95: 30.1074  ood/m3_hgn_gn_entropy_AUROC: 63.2760  ood/m3_hgn_gn_entropy_AP: 14.6050  ood/m3_hgn_gn_entropy_FPR95: 95.4540  ood/m3_hgn_gn_maxlogit_AUROC: 92.5627  ood/m3_hgn_gn_maxlogit_AP: 42.1023  ood/m3_hgn_gn_maxlogit_FPR95: 30.0870  ood/m3_hgn_gn_msp_AUROC: 63.3793  ood/m3_hgn_gn_msp_AP: 16.5031  ood/m3_hgn_gn_msp_FPR95: 95.4478  ood/m3_hgn_gn_odin_AUROC: 66.2129  ood/m3_hgn_gn_odin_AP: 7.2885  ood/m3_hgn_gn_odin_FPR95: 93.6273  ood/m3_hgn_group_energy_AUROC: 93.2446  ood/m3_hgn_group_energy_AP: 41.0070  ood/m3_hgn_group_energy_FPR95: 26.3649  ood/m3_hgn_group_entropy_AUROC: 92.4686  ood/m3_hgn_group_entropy_AP: 31.8848  ood/m3_hgn_group_entropy_FPR95: 28.6353  ood/m3_hgn_group_maxlogit_AUROC: 93.1954  ood/m3_hgn_group_maxlogit_AP: 41.7321  ood/m3_hgn_group_maxlogit_FPR95: 26.6318  ood/m3_hgn_group_msp_AUROC: 91.9139  ood/m3_hgn_group_msp_AP: 24.2029  ood/m3_hgn_group_msp_FPR95: 28.9575  ood/m3_hgn_group_odin_AUROC: 82.8632  ood/m3_hgn_group_odin_AP: 11.9446  ood/m3_hgn_group_odin_FPR95: 52.5607  ood/m3_hgo_gn_energy_AUROC: 93.0914  ood/m3_hgo_gn_energy_AP: 40.1776  ood/m3_hgo_gn_energy_FPR95: 26.7517  ood/m3_hgo_gn_entropy_AUROC: 70.0348  ood/m3_hgo_gn_entropy_AP: 10.7089  ood/m3_hgo_gn_entropy_FPR95: 67.2987  ood/m3_hgo_gn_maxlogit_AUROC: 93.0648  ood/m3_hgo_gn_maxlogit_AP: 40.6311  ood/m3_hgo_gn_maxlogit_FPR95: 26.8506  ood/m3_hgo_gn_msp_AUROC: 70.0901  ood/m3_hgo_gn_msp_AP: 13.8747  ood/m3_hgo_gn_msp_FPR95: 67.2935  ood/m3_hgo_gn_odin_AUROC: 57.6991  ood/m3_hgo_gn_odin_AP: 3.3590  ood/m3_hgo_gn_odin_FPR95: 78.8718  ood/m3_hgo_group_energy_AUROC: 93.2353  ood/m3_hgo_group_energy_AP: 41.2658  ood/m3_hgo_group_energy_FPR95: 26.4457  ood/m3_hgo_group_entropy_AUROC: 91.0909  ood/m3_hgo_group_entropy_AP: 28.2260  ood/m3_hgo_group_entropy_FPR95: 31.0918  ood/m3_hgo_group_maxlogit_AUROC: 93.1954  ood/m3_hgo_group_maxlogit_AP: 41.7321  ood/m3_hgo_group_maxlogit_FPR95: 26.6318  ood/m3_hgo_group_msp_AUROC: 90.2253  ood/m3_hgo_group_msp_AP: 20.6224  ood/m3_hgo_group_msp_FPR95: 31.6211  ood/m3_hgo_group_odin_AUROC: 63.0397  ood/m3_hgo_group_odin_AP: 3.5469  ood/m3_hgo_group_odin_FPR95: 51.3865  ood/m3_hno_gn_energy_AUROC: 92.9723  ood/m3_hno_gn_energy_AP: 40.7399  ood/m3_hno_gn_energy_FPR95: 28.2141  ood/m3_hno_gn_entropy_AUROC: 76.5478  ood/m3_hno_gn_entropy_AP: 12.1029  ood/m3_hno_gn_entropy_FPR95: 57.5614  ood/m3_hno_gn_maxlogit_AUROC: 92.9470  ood/m3_hno_gn_maxlogit_AP: 40.6576  ood/m3_hno_gn_maxlogit_FPR95: 28.3498  ood/m3_hno_gn_msp_AUROC: 76.7235  ood/m3_hno_gn_msp_AP: 13.9188  ood/m3_hno_gn_msp_FPR95: 57.5595  ood/m3_hno_gn_odin_AUROC: 72.1661  ood/m3_hno_gn_odin_AP: 10.0002  ood/m3_hno_gn_odin_FPR95: 93.9770  ood/m3_hno_group_energy_AUROC: 93.2263  ood/m3_hno_group_energy_AP: 41.9821  ood/m3_hno_group_energy_FPR95: 26.4672  ood/m3_hno_group_entropy_AUROC: 90.7250  ood/m3_hno_group_entropy_AP: 28.3189  ood/m3_hno_group_entropy_FPR95: 33.3675  ood/m3_hno_group_maxlogit_AUROC: 93.1954  ood/m3_hno_group_maxlogit_AP: 41.7321  ood/m3_hno_group_maxlogit_FPR95: 26.6318  ood/m3_hno_group_msp_AUROC: 89.9195  ood/m3_hno_group_msp_AP: 20.3881  ood/m3_hno_group_msp_FPR95: 34.0281  ood/m3_hno_group_odin_AUROC: 60.6887  ood/m3_hno_group_odin_AP: 5.9802  ood/m3_hno_group_odin_FPR95: 71.4685  ood/m3_vno_gn_energy_AUROC: 92.9659  ood/m3_vno_gn_energy_AP: 41.0856  ood/m3_vno_gn_energy_FPR95: 29.0261  ood/m3_vno_gn_entropy_AUROC: 72.0228  ood/m3_vno_gn_entropy_AP: 9.3628  ood/m3_vno_gn_entropy_FPR95: 57.4489  ood/m3_vno_gn_maxlogit_AUROC: 92.9616  ood/m3_vno_gn_maxlogit_AP: 40.9989  ood/m3_vno_gn_maxlogit_FPR95: 29.0844  ood/m3_vno_gn_msp_AUROC: 73.1781  ood/m3_vno_gn_msp_AP: 10.8023  ood/m3_vno_gn_msp_FPR95: 57.4430  ood/m3_vno_gn_odin_AUROC: 69.3565  ood/m3_vno_gn_odin_AP: 7.1447  ood/m3_vno_gn_odin_FPR95: 94.0983  ood/m3_vno_group_energy_AUROC: 93.2052  ood/m3_vno_group_energy_AP: 42.2308  ood/m3_vno_group_energy_FPR95: 26.4679  ood/m3_vno_group_entropy_AUROC: 90.1498  ood/m3_vno_group_entropy_AP: 22.3663  ood/m3_vno_group_entropy_FPR95: 34.0739  ood/m3_vno_group_maxlogit_AUROC: 93.1954  ood/m3_vno_group_maxlogit_AP: 41.7321  ood/m3_vno_group_maxlogit_FPR95: 26.6318  ood/m3_vno_group_msp_AUROC: 89.7241  ood/m3_vno_group_msp_AP: 18.7257  ood/m3_vno_group_msp_FPR95: 34.4215  ood/m3_vno_group_odin_AUROC: 52.1102  ood/m3_vno_group_odin_AP: 3.9918  ood/m3_vno_group_odin_FPR95: 88.5408  ood/m4_vhgc_gn_energy_AUROC: 92.9086  ood/m4_vhgc_gn_energy_AP: 37.2798  ood/m4_vhgc_gn_energy_FPR95: 26.3302  ood/m4_vhgc_gn_entropy_AUROC: 50.6747  ood/m4_vhgc_gn_entropy_AP: 4.1474  ood/m4_vhgc_gn_entropy_FPR95: 66.0257  ood/m4_vhgc_gn_maxlogit_AUROC: 93.0230  ood/m4_vhgc_gn_maxlogit_AP: 39.0290  ood/m4_vhgc_gn_maxlogit_FPR95: 26.2046  ood/m4_vhgc_gn_msp_AUROC: 81.4237  ood/m4_vhgc_gn_msp_AP: 15.9204  ood/m4_vhgc_gn_msp_FPR95: 65.5782  ood/m4_vhgc_gn_odin_AUROC: 56.2159  ood/m4_vhgc_gn_odin_AP: 2.9882  ood/m4_vhgc_gn_odin_FPR95: 61.5901  ood/m4_vhgc_group_energy_AUROC: 93.0887  ood/m4_vhgc_group_energy_AP: 39.6569  ood/m4_vhgc_group_energy_FPR95: 26.4664  ood/m4_vhgc_group_entropy_AUROC: 85.9803  ood/m4_vhgc_group_entropy_AP: 17.7093  ood/m4_vhgc_group_entropy_FPR95: 46.2550  ood/m4_vhgc_group_maxlogit_AUROC: 93.1954  ood/m4_vhgc_group_maxlogit_AP: 41.7321  ood/m4_vhgc_group_maxlogit_FPR95: 26.6318  ood/m4_vhgc_group_msp_AUROC: 85.4613  ood/m4_vhgc_group_msp_AP: 13.4017  ood/m4_vhgc_group_msp_FPR95: 46.5431  ood/m4_vhgc_group_odin_AUROC: 41.9407  ood/m4_vhgc_group_odin_AP: 2.3248  ood/m4_vhgc_group_odin_FPR95: 98.6282  data_time: 0.0230  time: 0.2332
