2026/08/25 03:21:26 - mmengine - INFO - 
------------------------------------------------------------
System environment:
    sys.platform: linux
    Python: 3.8.20 (default, Oct  3 2024, 15:24:27) [GCC 11.2.0]
    CUDA available: True
    numpy_random_seed: 702268230
    GPU 0: NVIDIA RTX 6000 Ada Generation
    CUDA_HOME: /usr/local/cuda
    GCC: gcc (Ubuntu 11.4.0-1ubuntu1~22.04) 11.4.0
    PyTorch: 1.10.1+cu111
    PyTorch compiling details: PyTorch built with:
  - GCC 7.3
  - C++ Version: 201402
  - Intel(R) Math Kernel Library Version 2020.0.0 Product Build 20191122 for Intel(R) 64 architecture applications
  - Intel(R) MKL-DNN v2.2.3 (Git Hash 7336ca9f055cf1bfa13efb658fe15dc9b41f0740)
  - OpenMP 201511 (a.k.a. OpenMP 4.5)
  - LAPACK is enabled (usually provided by MKL)
  - NNPACK is enabled
  - CPU capability usage: AVX2
  - CUDA Runtime 11.1
  - NVCC architecture flags: -gencode;arch=compute_37,code=sm_37;-gencode;arch=compute_50,code=sm_50;-gencode;arch=compute_60,code=sm_60;-gencode;arch=compute_70,code=sm_70;-gencode;arch=compute_75,code=sm_75;-gencode;arch=compute_80,code=sm_80;-gencode;arch=compute_86,code=sm_86
  - CuDNN 8.0.5
  - Magma 2.5.2
  - Build settings: BLAS_INFO=mkl, BUILD_TYPE=Release, CUDA_VERSION=11.1, CUDNN_VERSION=8.0.5, CXX_COMPILER=/opt/rh/devtoolset-7/root/usr/bin/c++, CXX_FLAGS= -Wno-deprecated -fvisibility-inlines-hidden -DUSE_PTHREADPOOL -fopenmp -DNDEBUG -DUSE_KINETO -DUSE_FBGEMM -DUSE_QNNPACK -DUSE_PYTORCH_QNNPACK -DUSE_XNNPACK -DSYMBOLICATE_MOBILE_DEBUG_HANDLE -DEDGE_PROFILER_USE_KINETO -O2 -fPIC -Wno-narrowing -Wall -Wextra -Werror=return-type -Wno-missing-field-initializers -Wno-type-limits -Wno-array-bounds -Wno-unknown-pragmas -Wno-sign-compare -Wno-unused-parameter -Wno-unused-variable -Wno-unused-function -Wno-unused-result -Wno-unused-local-typedefs -Wno-strict-overflow -Wno-strict-aliasing -Wno-error=deprecated-declarations -Wno-stringop-overflow -Wno-psabi -Wno-error=pedantic -Wno-error=redundant-decls -Wno-error=old-style-cast -fdiagnostics-color=always -faligned-new -Wno-unused-but-set-variable -Wno-maybe-uninitialized -fno-math-errno -fno-trapping-math -Werror=format -Wno-stringop-overflow, LAPACK_INFO=mkl, PERF_WITH_AVX=1, PERF_WITH_AVX2=1, PERF_WITH_AVX512=1, TORCH_VERSION=1.10.1, USE_CUDA=ON, USE_CUDNN=ON, USE_EXCEPTION_PTR=1, USE_GFLAGS=OFF, USE_GLOG=OFF, USE_MKL=ON, USE_MKLDNN=ON, USE_MPI=OFF, USE_NCCL=ON, USE_NNPACK=ON, USE_OPENMP=ON, 

    TorchVision: 0.11.2+cu111
    OpenCV: 5.0.0
    MMEngine: 0.7.4

Runtime environment:
    cudnn_benchmark: False
    mp_cfg: {'mp_start_method': 'fork', 'opencv_num_threads': 0}
    dist_cfg: {'backend': 'nccl'}
    seed: 702268230
    Distributed launcher: none
    Distributed training: False
    GPU number: 1
------------------------------------------------------------

2026/08/25 03:21:28 - mmengine - INFO - Config:
dataset_type = '_DSODataset'
data_root = 'data/dso/'
class_names = [
    'car', 'bicycle', 'motorcycle', 'truck', 'bus', 'person', 'rider',
    'traffic-sign', 'traffic-cone', 'paved-road', 'unpaved-road', 'sidewalk',
    'building', 'window', 'perimeter-barrier', 'other-barrier',
    'overhead-bridge', 'gate', 'pole-like-object', 'drain', 'terrain',
    'trunks', 'vegetation', 'obscurant'
]
labels_map = dict({
    0: 24,
    1: 5,
    2: 6,
    3: 0,
    4: 3,
    5: 4,
    6: 2,
    7: 1,
    8: 9,
    9: 10,
    10: 11,
    11: 12,
    12: 13,
    13: 14,
    14: 15,
    15: 16,
    16: 17,
    17: 24,
    18: 18,
    19: 7,
    20: 8,
    21: 19,
    22: 20,
    23: 21,
    24: 22,
    27: 23,
    28: 24,
    29: 24,
    30: 24,
    255: 24
})
learning_map_inv = dict({
    0: 3,
    1: 7,
    2: 6,
    3: 4,
    4: 5,
    5: 1,
    6: 2,
    7: 19,
    8: 20,
    9: 8,
    10: 9,
    11: 10,
    12: 11,
    13: 12,
    14: 13,
    15: 14,
    16: 15,
    17: 16,
    18: 18,
    19: 21,
    20: 22,
    21: 23,
    22: 24,
    23: 27,
    24: 0
})
metainfo = dict(
    classes=[
        'car', 'bicycle', 'motorcycle', 'truck', 'bus', 'person', 'rider',
        'traffic-sign', 'traffic-cone', 'paved-road', 'unpaved-road',
        'sidewalk', 'building', 'window', 'perimeter-barrier', 'other-barrier',
        'overhead-bridge', 'gate', 'pole-like-object', 'drain', 'terrain',
        'trunks', 'vegetation', 'obscurant'
    ],
    seg_label_mapping=dict({
        0: 24,
        1: 5,
        2: 6,
        3: 0,
        4: 3,
        5: 4,
        6: 2,
        7: 1,
        8: 9,
        9: 10,
        10: 11,
        11: 12,
        12: 13,
        13: 14,
        14: 15,
        15: 16,
        16: 17,
        17: 24,
        18: 18,
        19: 7,
        20: 8,
        21: 19,
        22: 20,
        23: 21,
        24: 22,
        27: 23,
        28: 24,
        29: 24,
        30: 24,
        255: 24
    }),
    max_label=255)
input_modality = dict(use_lidar=True, use_camera=False)
backend_args = None
pre_transform = [
    dict(type='_LoadDSOPointsAndAnnotations'),
    dict(type='PointSegClassMapping')
]
train_pipeline = [
    dict(type='_LoadDSOPointsAndAnnotations'),
    dict(type='PointSegClassMapping'),
    dict(
        type='RandomChoice',
        transforms=[[{
            'type':
            '_LaserMix',
            'num_areas': [3, 4, 5, 6],
            'pitch_angles': [-12, 45],
            'pre_transform': [{
                'type': '_LoadDSOPointsAndAnnotations'
            }, {
                'type': 'PointSegClassMapping'
            }],
            'prob':
            0.5
        }],
                    [{
                        'type':
                        '_PolarMix',
                        'instance_classes': [0, 1, 2, 3, 4, 5, 6, 7, 8],
                        'swap_ratio':
                        0.5,
                        'rotate_paste_ratio':
                        1.0,
                        'pre_transform': [{
                            'type':
                            '_LoadDSOPointsAndAnnotations'
                        }, {
                            'type': 'PointSegClassMapping'
                        }],
                        'prob':
                        0.5
                    }]],
        prob=[0.2, 0.8]),
    dict(
        type='RandomFlip3D',
        sync_2d=False,
        flip_ratio_bev_horizontal=0.5,
        flip_ratio_bev_vertical=0.5),
    dict(
        type='GlobalRotScaleTrans',
        rot_range=[-0.78539816, 0.78539816],
        scale_ratio_range=[0.95, 1.05],
        translation_std=[0.1, 0.1, 0.1]),
    dict(
        type='Pack3DDetInputs',
        keys=['points', 'pts_semantic_mask', 'pts_instance_mask'])
]
test_pipeline = [
    dict(type='_LoadDSOPointsAndAnnotations'),
    dict(type='PointSegClassMapping'),
    dict(
        type='Pack3DDetInputs',
        keys=['points', 'pts_semantic_mask', 'pts_instance_mask'])
]
train_dataloader = dict(
    batch_size=1,
    num_workers=4,
    sampler=dict(type='DefaultSampler', shuffle=True),
    dataset=dict(
        type='RepeatDataset',
        times=1,
        dataset=dict(
            type='_DSODataset',
            data_root='data/dso/',
            data_prefix=dict(
                pts='',
                img='',
                pts_instance_mask='',
                pts_semantic_mask='',
                pts_panoptic_mask=''),
            ann_file='dso_infos_train.pkl',
            pipeline=[
                dict(type='_LoadDSOPointsAndAnnotations'),
                dict(type='PointSegClassMapping'),
                dict(
                    type='RandomChoice',
                    transforms=[[{
                        'type':
                        '_LaserMix',
                        'num_areas': [3, 4, 5, 6],
                        'pitch_angles': [-12, 45],
                        'pre_transform': [{
                            'type':
                            '_LoadDSOPointsAndAnnotations'
                        }, {
                            'type': 'PointSegClassMapping'
                        }],
                        'prob':
                        0.5
                    }],
                                [{
                                    'type':
                                    '_PolarMix',
                                    'instance_classes':
                                    [0, 1, 2, 3, 4, 5, 6, 7, 8],
                                    'swap_ratio':
                                    0.5,
                                    'rotate_paste_ratio':
                                    1.0,
                                    'pre_transform': [{
                                        'type':
                                        '_LoadDSOPointsAndAnnotations'
                                    }, {
                                        'type':
                                        'PointSegClassMapping'
                                    }],
                                    'prob':
                                    0.5
                                }]],
                    prob=[0.2, 0.8]),
                dict(
                    type='RandomFlip3D',
                    sync_2d=False,
                    flip_ratio_bev_horizontal=0.5,
                    flip_ratio_bev_vertical=0.5),
                dict(
                    type='GlobalRotScaleTrans',
                    rot_range=[-0.78539816, 0.78539816],
                    scale_ratio_range=[0.95, 1.05],
                    translation_std=[0.1, 0.1, 0.1]),
                dict(
                    type='Pack3DDetInputs',
                    keys=['points', 'pts_semantic_mask', 'pts_instance_mask'])
            ],
            metainfo=dict(
                classes=[
                    'car', 'bicycle', 'motorcycle', 'truck', 'bus', 'person',
                    'rider', 'traffic-sign', 'traffic-cone', 'paved-road',
                    'unpaved-road', 'sidewalk', 'building', 'window',
                    'perimeter-barrier', 'other-barrier', 'overhead-bridge',
                    'gate', 'pole-like-object', 'drain', 'terrain', 'trunks',
                    'vegetation', 'obscurant'
                ],
                seg_label_mapping=dict({
                    0: 24,
                    1: 5,
                    2: 6,
                    3: 0,
                    4: 3,
                    5: 4,
                    6: 2,
                    7: 1,
                    8: 9,
                    9: 10,
                    10: 11,
                    11: 12,
                    12: 13,
                    13: 14,
                    14: 15,
                    15: 16,
                    16: 17,
                    17: 24,
                    18: 18,
                    19: 7,
                    20: 8,
                    21: 19,
                    22: 20,
                    23: 21,
                    24: 22,
                    27: 23,
                    28: 24,
                    29: 24,
                    30: 24,
                    255: 24
                }),
                max_label=255),
            modality=dict(use_lidar=True, use_camera=False),
            ignore_index=24,
            backend_args=None)))
test_dataloader = dict(
    batch_size=1,
    num_workers=1,
    sampler=dict(type='DefaultSampler', shuffle=False),
    dataset=dict(
        type='RepeatDataset',
        times=1,
        dataset=dict(
            type='_DSODataset',
            data_root='data/dso/',
            data_prefix=dict(
                pts='',
                img='',
                pts_instance_mask='',
                pts_semantic_mask='',
                pts_panoptic_mask=''),
            ann_file='dso_infos_cetran.pkl',
            pipeline=[
                dict(type='_LoadDSOPointsAndAnnotations'),
                dict(type='PointSegClassMapping'),
                dict(
                    type='Pack3DDetInputs',
                    keys=['points', 'pts_semantic_mask', 'pts_instance_mask'])
            ],
            metainfo=dict(
                classes=[
                    'car', 'bicycle', 'motorcycle', 'truck', 'bus', 'person',
                    'rider', 'traffic-sign', 'traffic-cone', 'paved-road',
                    'unpaved-road', 'sidewalk', 'building', 'window',
                    'perimeter-barrier', 'other-barrier', 'overhead-bridge',
                    'gate', 'pole-like-object', 'drain', 'terrain', 'trunks',
                    'vegetation', 'obscurant'
                ],
                seg_label_mapping=dict({
                    0: 24,
                    1: 5,
                    2: 6,
                    3: 0,
                    4: 3,
                    5: 4,
                    6: 2,
                    7: 1,
                    8: 9,
                    9: 10,
                    10: 11,
                    11: 12,
                    12: 13,
                    13: 14,
                    14: 15,
                    15: 16,
                    16: 17,
                    17: 24,
                    18: 18,
                    19: 7,
                    20: 8,
                    21: 19,
                    22: 20,
                    23: 21,
                    24: 22,
                    27: 23,
                    28: 24,
                    29: 24,
                    30: 24,
                    255: 24
                }),
                max_label=255),
            modality=dict(use_lidar=True, use_camera=False),
            ignore_index=24,
            test_mode=True,
            backend_args=None)))
val_dataloader = dict(
    batch_size=1,
    num_workers=1,
    sampler=dict(type='DefaultSampler', shuffle=False),
    dataset=dict(
        type='RepeatDataset',
        times=1,
        dataset=dict(
            type='_DSODataset',
            data_root='data/dso/',
            data_prefix=dict(
                pts='',
                img='',
                pts_instance_mask='',
                pts_semantic_mask='',
                pts_panoptic_mask=''),
            ann_file='dso_infos_cetran.pkl',
            pipeline=[
                dict(type='_LoadDSOPointsAndAnnotations'),
                dict(type='PointSegClassMapping'),
                dict(
                    type='Pack3DDetInputs',
                    keys=['points', 'pts_semantic_mask', 'pts_instance_mask'])
            ],
            metainfo=dict(
                classes=[
                    'car', 'bicycle', 'motorcycle', 'truck', 'bus', 'person',
                    'rider', 'traffic-sign', 'traffic-cone', 'paved-road',
                    'unpaved-road', 'sidewalk', 'building', 'window',
                    'perimeter-barrier', 'other-barrier', 'overhead-bridge',
                    'gate', 'pole-like-object', 'drain', 'terrain', 'trunks',
                    'vegetation', 'obscurant'
                ],
                seg_label_mapping=dict({
                    0: 24,
                    1: 5,
                    2: 6,
                    3: 0,
                    4: 3,
                    5: 4,
                    6: 2,
                    7: 1,
                    8: 9,
                    9: 10,
                    10: 11,
                    11: 12,
                    12: 13,
                    13: 14,
                    14: 15,
                    15: 16,
                    16: 17,
                    17: 24,
                    18: 18,
                    19: 7,
                    20: 8,
                    21: 19,
                    22: 20,
                    23: 21,
                    24: 22,
                    27: 23,
                    28: 24,
                    29: 24,
                    30: 24,
                    255: 24
                }),
                max_label=255),
            modality=dict(use_lidar=True, use_camera=False),
            ignore_index=24,
            test_mode=True,
            backend_args=None)))
val_evaluator = [
    dict(
        type='_OODPointMetric',
        ood_raw_ids=[17, 28],
        seg_offset=65536,
        ignore_index=24)
]
test_evaluator = [
    dict(
        type='_OODPointMetric',
        ood_raw_ids=[17, 28],
        seg_offset=65536,
        ignore_index=24)
]
vis_backends = [dict(type='LocalVisBackend')]
visualizer = dict(
    type='Det3DLocalVisualizer',
    vis_backends=[dict(type='LocalVisBackend')],
    name='visualizer')
grid_shape = [480, 360, 32]
model = dict(
    type='_P3Former',
    data_preprocessor=dict(
        type='_Det3DDataPreprocessor',
        voxel=True,
        voxel_type='cylindrical',
        voxel_layer=dict(
            grid_shape=[480, 360, 32],
            point_cloud_range=[0, -3.14159265359, -3, 50, 3.14159265359, 13],
            max_num_points=-1,
            max_voxels=-1)),
    voxel_encoder=dict(
        type='SegVFE',
        feat_channels=[64, 128, 256, 256],
        in_channels=6,
        with_voxel_center=True,
        feat_compression=16,
        return_point_feats=False),
    backbone=dict(
        type='_Asymm3DSpconv',
        grid_size=[480, 360, 32],
        input_channels=16,
        base_channels=32,
        norm_cfg=dict(type='BN1d', eps=1e-05, momentum=0.1),
        more_conv=True,
        out_channels=256),
    decode_head=dict(
        type='_P3FormerHead',
        num_classes=25,
        num_queries=128,
        embed_dims=256,
        point_cloud_range=[0, -3.14159265359, -3, 50, 3.14159265359, 13],
        assigner_zero_layer_cfg=dict(
            type='mmdet.HungarianAssigner',
            match_costs=[
                dict(
                    type='mmdet.FocalLossCost',
                    weight=1.0,
                    binary_input=True,
                    gamma=2.0,
                    alpha=0.25),
                dict(type='mmdet.DiceCost', weight=2.0, pred_act=True)
            ]),
        assigner_cfg=dict(
            type='mmdet.HungarianAssigner',
            match_costs=[
                dict(
                    type='mmdet.FocalLossCost',
                    gamma=4.0,
                    alpha=0.25,
                    weight=1.0),
                dict(
                    type='mmdet.FocalLossCost',
                    weight=1.0,
                    binary_input=True,
                    gamma=2.0,
                    alpha=0.25),
                dict(type='mmdet.DiceCost', weight=2.0, pred_act=True)
            ]),
        sampler_cfg=dict(type='_MaskPseudoSampler'),
        loss_mask=dict(
            type='mmdet.FocalLoss',
            use_sigmoid=True,
            gamma=2.0,
            alpha=0.25,
            reduction='mean',
            loss_weight=1.0),
        loss_dice=dict(type='mmdet.DiceLoss', loss_weight=2.0),
        loss_cls=dict(
            type='mmdet.FocalLoss',
            use_sigmoid=True,
            gamma=4.0,
            alpha=0.25,
            loss_weight=1.0),
        num_decoder_layers=6,
        cls_channels=(256, 256, 25),
        mask_channels=(256, 256, 256, 256, 256),
        thing_class=[0, 1, 2, 3, 4, 5, 6, 7, 8],
        stuff_class=[
            9, 10, 11, 12, 13, 14, 15, 16, 17, 18, 19, 20, 21, 22, 23
        ],
        ignore_index=24,
        ood_cfg=dict(
            num_ood_logits=24,
            odin_temperature=1000.0,
            energy_temperature=1.0,
            class_groups=[[0, 1, 2, 3, 4], [5, 6], [9, 10, 11, 19],
                          [12, 13, 14, 15, 16, 17], [20, 21, 22],
                          [7, 8, 18, 23]],
            class_groups_variants=dict(
                m4_hcno=[[
                    5, 6, 12, 13, 14, 15, 16, 17, 20, 21, 22, 7, 8, 18, 23
                ], [0, 1, 2, 3, 4], [9, 10, 11, 19]],
                m4_gcno=[[
                    9, 10, 11, 19, 12, 13, 14, 15, 16, 17, 20, 21, 22, 7, 8,
                    18, 23
                ], [0, 1, 2, 3, 4], [5, 6]],
                m5_vhgcn=[[
                    0, 1, 2, 3, 4, 5, 6, 9, 10, 11, 19, 12, 13, 14, 15, 16, 17,
                    20, 21, 22
                ], [7, 8, 18, 23]],
                m5_vhgco=[[
                    0, 1, 2, 3, 4, 5, 6, 9, 10, 11, 19, 12, 13, 14, 15, 16, 17,
                    7, 8, 18, 23
                ], [20, 21, 22]],
                m5_vhgno=[[
                    0, 1, 2, 3, 4, 5, 6, 9, 10, 11, 19, 20, 21, 22, 7, 8, 18,
                    23
                ], [12, 13, 14, 15, 16, 17]],
                m5_vhcno=[[
                    0, 1, 2, 3, 4, 5, 6, 12, 13, 14, 15, 16, 17, 20, 21, 22, 7,
                    8, 18, 23
                ], [9, 10, 11, 19]],
                m5_vgcno=[[
                    0, 1, 2, 3, 4, 9, 10, 11, 19, 12, 13, 14, 15, 16, 17, 20,
                    21, 22, 7, 8, 18, 23
                ], [5, 6]],
                m5_hgcno=[[
                    5, 6, 9, 10, 11, 19, 12, 13, 14, 15, 16, 17, 20, 21, 22, 7,
                    8, 18, 23
                ], [0, 1, 2, 3, 4]],
                sp=[[2, 3], [0, 1, 4], [6], [5], [9, 11], [10,
                                                           19], [13, 16, 17],
                    [12, 14, 15], [20], [21, 22], [7, 8], [18, 23]]))),
    train_cfg=None,
    test_cfg=dict(mode='whole'))
default_scope = 'mmdet3d'
default_hooks = dict(
    timer=dict(type='IterTimerHook'),
    logger=dict(type='LoggerHook', interval=50),
    param_scheduler=dict(type='ParamSchedulerHook'),
    checkpoint=dict(type='CheckpointHook', interval=5),
    sampler_seed=dict(type='DistSamplerSeedHook'),
    visualization=dict(type='Det3DVisualizationHook'))
env_cfg = dict(
    cudnn_benchmark=False,
    mp_cfg=dict(mp_start_method='fork', opencv_num_threads=0),
    dist_cfg=dict(backend='nccl'))
log_processor = dict(type='LogProcessor', window_size=50, by_epoch=True)
log_level = 'INFO'
load_from = 'work_dirs/p3former_2xb1_3x_dso/epoch_36.pth'
resume = False
point_cloud_range = [0, -3.14159265359, -3, 50, 3.14159265359, 13]
lr = 0.0008
optim_wrapper = dict(
    type='OptimWrapper',
    optimizer=dict(type='AdamW', lr=0.0008, weight_decay=0.01))
train_cfg = dict(type='EpochBasedTrainLoop', max_epochs=36, val_interval=1)
val_cfg = dict(type='ValLoop')
test_cfg = dict(type='TestLoop')
param_scheduler = [
    dict(
        type='MultiStepLR',
        begin=0,
        end=36,
        by_epoch=True,
        milestones=[24, 32],
        gamma=0.2)
]
custom_imports = dict(
    imports=[
        'p3former.backbones.cylinder3d',
        'p3former.data_preprocessors.data_preprocessor',
        'p3former.decode_heads.p3former_head', 'p3former.segmentors.p3former',
        'p3former.task_modules.samplers.mask_pseduo_sampler',
        'evaluation.metrics.panoptic_seg_metric',
        'evaluation.metrics.ood_metric', 'datasets.dso_dataset',
        'datasets.transforms.dso_loading', 'datasets.transforms.transforms_3d'
    ],
    allow_failed_imports=False)
launcher = 'none'
work_dir = 'work_dirs/p3former_2xb1_3x_dso_ood_hier/b5'

2026/08/25 03:21:33 - mmengine - INFO - Distributed training is not used, all SyncBatchNorm (SyncBN) layers in the model will be automatically reverted to BatchNormXd layers if they are used.
2026/08/25 03:21:34 - mmengine - INFO - Hooks will be executed in the following order:
before_run:
(VERY_HIGH   ) RuntimeInfoHook                    
(BELOW_NORMAL) LoggerHook                         
 -------------------- 
before_train:
(VERY_HIGH   ) RuntimeInfoHook                    
(NORMAL      ) IterTimerHook                      
(VERY_LOW    ) CheckpointHook                     
 -------------------- 
before_train_epoch:
(VERY_HIGH   ) RuntimeInfoHook                    
(NORMAL      ) IterTimerHook                      
(NORMAL      ) DistSamplerSeedHook                
 -------------------- 
before_train_iter:
(VERY_HIGH   ) RuntimeInfoHook                    
(NORMAL      ) IterTimerHook                      
 -------------------- 
after_train_iter:
(VERY_HIGH   ) RuntimeInfoHook                    
(NORMAL      ) IterTimerHook                      
(BELOW_NORMAL) LoggerHook                         
(LOW         ) ParamSchedulerHook                 
(VERY_LOW    ) CheckpointHook                     
 -------------------- 
after_train_epoch:
(NORMAL      ) IterTimerHook                      
(LOW         ) ParamSchedulerHook                 
(VERY_LOW    ) CheckpointHook                     
 -------------------- 
before_val_epoch:
(NORMAL      ) IterTimerHook                      
 -------------------- 
before_val_iter:
(NORMAL      ) IterTimerHook                      
 -------------------- 
after_val_iter:
(NORMAL      ) IterTimerHook                      
(NORMAL      ) Det3DVisualizationHook             
(BELOW_NORMAL) LoggerHook                         
 -------------------- 
after_val_epoch:
(VERY_HIGH   ) RuntimeInfoHook                    
(NORMAL      ) IterTimerHook                      
(BELOW_NORMAL) LoggerHook                         
(LOW         ) ParamSchedulerHook                 
(VERY_LOW    ) CheckpointHook                     
 -------------------- 
after_train:
(VERY_LOW    ) CheckpointHook                     
 -------------------- 
before_test_epoch:
(NORMAL      ) IterTimerHook                      
 -------------------- 
before_test_iter:
(NORMAL      ) IterTimerHook                      
 -------------------- 
after_test_iter:
(NORMAL      ) IterTimerHook                      
(NORMAL      ) Det3DVisualizationHook             
(BELOW_NORMAL) LoggerHook                         
 -------------------- 
after_test_epoch:
(VERY_HIGH   ) RuntimeInfoHook                    
(NORMAL      ) IterTimerHook                      
(BELOW_NORMAL) LoggerHook                         
 -------------------- 
after_run:
(BELOW_NORMAL) LoggerHook                         
 -------------------- 
2026/08/25 03:21:38 - mmengine - INFO - Load checkpoint from work_dirs/p3former_2xb1_3x_dso/epoch_36.pth
2026/08/25 03:21:48 - mmengine - INFO - Epoch(test) [ 50/980]    eta: 0:03:10  time: 0.2048  data_time: 0.0238  memory: 1506  
2026/08/25 03:21:58 - mmengine - INFO - Epoch(test) [100/980]    eta: 0:02:55  time: 0.1941  data_time: 0.0203  memory: 1438  
2026/08/25 03:22:07 - mmengine - INFO - Epoch(test) [150/980]    eta: 0:02:42  time: 0.1878  data_time: 0.0206  memory: 1509  
2026/08/25 03:22:18 - mmengine - INFO - Epoch(test) [200/980]    eta: 0:02:37  time: 0.2215  data_time: 0.0239  memory: 1647  
2026/08/25 03:22:28 - mmengine - INFO - Epoch(test) [250/980]    eta: 0:02:25  time: 0.1906  data_time: 0.0217  memory: 1489  
2026/08/25 03:22:39 - mmengine - INFO - Epoch(test) [300/980]    eta: 0:02:17  time: 0.2137  data_time: 0.0251  memory: 1745  
2026/08/25 03:22:49 - mmengine - INFO - Epoch(test) [350/980]    eta: 0:02:07  time: 0.2084  data_time: 0.0249  memory: 1713  
2026/08/25 03:22:58 - mmengine - INFO - Epoch(test) [400/980]    eta: 0:01:56  time: 0.1867  data_time: 0.0215  memory: 1513  
2026/08/25 03:23:08 - mmengine - INFO - Epoch(test) [450/980]    eta: 0:01:45  time: 0.1885  data_time: 0.0216  memory: 1514  
2026/08/25 03:23:18 - mmengine - INFO - Epoch(test) [500/980]    eta: 0:01:36  time: 0.2092  data_time: 0.0242  memory: 1660  
2026/08/25 03:23:28 - mmengine - INFO - Epoch(test) [550/980]    eta: 0:01:25  time: 0.1929  data_time: 0.0209  memory: 1603  
2026/08/25 03:23:39 - mmengine - INFO - Epoch(test) [600/980]    eta: 0:01:16  time: 0.2303  data_time: 0.0265  memory: 1753  
2026/08/25 03:23:49 - mmengine - INFO - Epoch(test) [650/980]    eta: 0:01:06  time: 0.2021  data_time: 0.0219  memory: 1505  
2026/08/25 03:23:59 - mmengine - INFO - Epoch(test) [700/980]    eta: 0:00:56  time: 0.1936  data_time: 0.0221  memory: 1416  
2026/08/25 03:24:09 - mmengine - INFO - Epoch(test) [750/980]    eta: 0:00:46  time: 0.1958  data_time: 0.0224  memory: 1456  
2026/08/25 03:24:19 - mmengine - INFO - Epoch(test) [800/980]    eta: 0:00:36  time: 0.1931  data_time: 0.0214  memory: 1459  
2026/08/25 03:24:29 - mmengine - INFO - Epoch(test) [850/980]    eta: 0:00:26  time: 0.2072  data_time: 0.0225  memory: 1618  
2026/08/25 03:24:39 - mmengine - INFO - Epoch(test) [900/980]    eta: 0:00:16  time: 0.1949  data_time: 0.0211  memory: 1577  
2026/08/25 03:24:50 - mmengine - INFO - Epoch(test) [950/980]    eta: 0:00:06  time: 0.2170  data_time: 0.0250  memory: 1710  
2026/08/25 03:24:56 - mmengine - INFO - Point-level OOD evaluation: 253052359 ID points, 7683321 OOD points (2.9468% OOD)
2026/08/25 03:24:56 - mmengine - INFO -     method |    AUROC |       AP |   FPR@95
2026/08/25 03:24:56 - mmengine - INFO - -------------------------------------------
2026/08/25 03:24:58 - mmengine - INFO -        msp |    90.42 |    28.27 |    32.32
2026/08/25 03:25:00 - mmengine - INFO -   maxlogit |    93.20 |    41.73 |    26.63
2026/08/25 03:25:02 - mmengine - INFO -       odin |    94.86 |    44.59 |    23.39
2026/08/25 03:25:04 - mmengine - INFO -     energy |    93.14 |    40.33 |    26.35
2026/08/25 03:25:07 - mmengine - INFO -    entropy |    92.10 |    38.71 |    31.29
2026/08/25 03:25:09 - mmengine - INFO -  group_msp |    90.19 |    20.33 |    31.68
2026/08/25 03:25:11 - mmengine - INFO - group_maxlogit |    93.20 |    41.73 |    26.63
2026/08/25 03:25:13 - mmengine - INFO - group_odin |    31.82 |     2.00 |    94.13
2026/08/25 03:25:15 - mmengine - INFO - group_energy |    93.23 |    41.15 |    26.45
2026/08/25 03:25:17 - mmengine - INFO - group_entropy |    91.15 |    28.14 |    31.05
2026/08/25 03:25:19 - mmengine - INFO -     gn_msp |    91.20 |    24.01 |    26.13
2026/08/25 03:25:21 - mmengine - INFO - gn_maxlogit |    93.45 |    41.11 |    24.67
2026/08/25 03:25:23 - mmengine - INFO -    gn_odin |    81.82 |    15.93 |    78.84
2026/08/25 03:25:25 - mmengine - INFO -  gn_energy |    93.48 |    40.77 |    24.45
2026/08/25 03:25:27 - mmengine - INFO - gn_entropy |    90.57 |    16.77 |    26.13
2026/08/25 03:25:29 - mmengine - INFO - m4_gcno_gn_energy |    92.40 |    39.89 |    29.82
2026/08/25 03:25:31 - mmengine - INFO - m4_gcno_gn_entropy |     6.97 |     2.05 |    98.35
2026/08/25 03:25:33 - mmengine - INFO - m4_gcno_gn_maxlogit |    92.33 |    40.77 |    29.99
2026/08/25 03:25:35 - mmengine - INFO - m4_gcno_gn_msp |    88.86 |    42.80 |    98.34
2026/08/25 03:25:37 - mmengine - INFO - m4_gcno_gn_odin |    56.73 |     3.23 |    71.51
2026/08/25 03:25:39 - mmengine - INFO - m4_gcno_group_energy |    93.24 |    40.41 |    26.32
2026/08/25 03:25:41 - mmengine - INFO - m4_gcno_group_entropy |    95.90 |    42.74 |    18.53
2026/08/25 03:25:43 - mmengine - INFO - m4_gcno_group_maxlogit |    93.20 |    41.73 |    26.63
2026/08/25 03:25:45 - mmengine - INFO - m4_gcno_group_msp |    95.91 |    43.49 |    18.54
2026/08/25 03:25:47 - mmengine - INFO - m4_gcno_group_odin |    58.30 |     4.00 |    71.51
2026/08/25 03:25:49 - mmengine - INFO - m4_hcno_gn_energy |    92.73 |    39.51 |    28.57
2026/08/25 03:25:51 - mmengine - INFO - m4_hcno_gn_entropy |    60.30 |     4.85 |    57.59
2026/08/25 03:25:53 - mmengine - INFO - m4_hcno_gn_maxlogit |    92.66 |    39.30 |    28.97
2026/08/25 03:25:55 - mmengine - INFO - m4_hcno_gn_msp |    87.09 |    20.30 |    57.56
2026/08/25 03:25:57 - mmengine - INFO - m4_hcno_gn_odin |    87.46 |    17.74 |    35.06
2026/08/25 03:25:59 - mmengine - INFO - m4_hcno_group_energy |    93.26 |    41.71 |    26.40
2026/08/25 03:26:01 - mmengine - INFO - m4_hcno_group_entropy |    91.60 |    22.03 |    27.38
2026/08/25 03:26:03 - mmengine - INFO - m4_hcno_group_maxlogit |    93.20 |    41.73 |    26.63
2026/08/25 03:26:05 - mmengine - INFO - m4_hcno_group_msp |    91.34 |    18.53 |    27.55
2026/08/25 03:26:07 - mmengine - INFO - m4_hcno_group_odin |    43.92 |     2.44 |    71.58
2026/08/25 03:26:09 - mmengine - INFO - m5_hgcno_gn_energy |    92.42 |    39.70 |    29.54
2026/08/25 03:26:11 - mmengine - INFO - m5_hgcno_gn_entropy |     7.93 |     3.44 |    98.89
2026/08/25 03:26:13 - mmengine - INFO - m5_hgcno_gn_maxlogit |    92.35 |    40.43 |    29.74
2026/08/25 03:26:15 - mmengine - INFO - m5_hgcno_gn_msp |    88.49 |    42.45 |    98.89
2026/08/25 03:26:17 - mmengine - INFO - m5_hgcno_gn_odin |    58.29 |     3.20 |    69.19
2026/08/25 03:26:19 - mmengine - INFO - m5_hgcno_group_energy |    93.24 |    40.62 |    26.32
2026/08/25 03:26:21 - mmengine - INFO - m5_hgcno_group_entropy |    96.00 |    47.23 |    18.41
2026/08/25 03:26:23 - mmengine - INFO - m5_hgcno_group_maxlogit |    93.20 |    41.73 |    26.63
2026/08/25 03:26:25 - mmengine - INFO - m5_hgcno_group_msp |    96.00 |    47.23 |    18.42
2026/08/25 03:26:27 - mmengine - INFO - m5_hgcno_group_odin |    62.44 |     5.27 |    66.85
2026/08/25 03:26:29 - mmengine - INFO - m5_vgcno_gn_energy |    93.00 |    40.42 |    27.04
2026/08/25 03:26:30 - mmengine - INFO - m5_vgcno_gn_entropy |     8.56 |     1.59 |    99.11
2026/08/25 03:26:32 - mmengine - INFO - m5_vgcno_gn_maxlogit |    93.06 |    42.04 |    27.29
2026/08/25 03:26:34 - mmengine - INFO - m5_vgcno_gn_msp |    91.56 |    30.17 |    38.81
2026/08/25 03:26:36 - mmengine - INFO - m5_vgcno_gn_odin |    48.10 |     3.04 |    85.54
2026/08/25 03:26:38 - mmengine - INFO - m5_vgcno_group_energy |    93.14 |    40.18 |    26.35
2026/08/25 03:26:40 - mmengine - INFO - m5_vgcno_group_entropy |    91.92 |    25.88 |    35.19
2026/08/25 03:26:42 - mmengine - INFO - m5_vgcno_group_maxlogit |    93.20 |    41.73 |    26.63
2026/08/25 03:26:44 - mmengine - INFO - m5_vgcno_group_msp |    91.87 |    25.83 |    35.38
2026/08/25 03:26:46 - mmengine - INFO - m5_vgcno_group_odin |    48.09 |     2.93 |    85.55
2026/08/25 03:26:48 - mmengine - INFO - m5_vhcno_gn_energy |    93.01 |    39.51 |    27.56
2026/08/25 03:26:50 - mmengine - INFO - m5_vhcno_gn_entropy |    51.98 |     3.31 |    59.26
2026/08/25 03:26:52 - mmengine - INFO - m5_vhcno_gn_maxlogit |    93.04 |    39.82 |    28.06
2026/08/25 03:26:54 - mmengine - INFO - m5_vhcno_gn_msp |    85.78 |    13.15 |    57.75
2026/08/25 03:26:56 - mmengine - INFO - m5_vhcno_gn_odin |    80.09 |     7.48 |    53.47
2026/08/25 03:26:58 - mmengine - INFO - m5_vhcno_group_energy |    93.16 |    41.42 |    26.42
2026/08/25 03:27:00 - mmengine - INFO - m5_vhcno_group_entropy |    84.95 |    10.93 |    46.33
2026/08/25 03:27:02 - mmengine - INFO - m5_vhcno_group_maxlogit |    93.20 |    41.73 |    26.63
2026/08/25 03:27:04 - mmengine - INFO - m5_vhcno_group_msp |    84.95 |    10.93 |    46.33
2026/08/25 03:27:06 - mmengine - INFO - m5_vhcno_group_odin |    36.05 |     2.13 |    82.73
2026/08/25 03:27:08 - mmengine - INFO - m5_vhgcn_gn_energy |    92.89 |    40.91 |    27.30
2026/08/25 03:27:10 - mmengine - INFO - m5_vhgcn_gn_entropy |     9.29 |     1.65 |    97.78
2026/08/25 03:27:12 - mmengine - INFO - m5_vhgcn_gn_maxlogit |    92.93 |    42.70 |    27.56
2026/08/25 03:27:14 - mmengine - INFO - m5_vhgcn_gn_msp |    91.78 |    38.38 |    42.77
2026/08/25 03:27:16 - mmengine - INFO - m5_vhgcn_gn_odin |    49.79 |     2.95 |    94.24
2026/08/25 03:27:18 - mmengine - INFO - m5_vhgcn_group_energy |    93.15 |    39.53 |    26.32
2026/08/25 03:27:19 - mmengine - INFO - m5_vhgcn_group_entropy |    92.51 |    30.57 |    36.29
2026/08/25 03:27:21 - mmengine - INFO - m5_vhgcn_group_maxlogit |    93.20 |    41.73 |    26.63
2026/08/25 03:27:23 - mmengine - INFO - m5_vhgcn_group_msp |    92.51 |    30.57 |    36.30
2026/08/25 03:27:25 - mmengine - INFO - m5_vhgcn_group_odin |    49.32 |     2.90 |    95.22
2026/08/25 03:27:27 - mmengine - INFO - m5_vhgco_gn_energy |    92.93 |    36.06 |    26.23
2026/08/25 03:27:29 - mmengine - INFO - m5_vhgco_gn_entropy |    50.56 |     5.28 |    99.27
2026/08/25 03:27:31 - mmengine - INFO - m5_vhgco_gn_maxlogit |    93.06 |    37.70 |    26.10
2026/08/25 03:27:33 - mmengine - INFO - m5_vhgco_gn_msp |    75.29 |    10.87 |    67.21
2026/08/25 03:27:35 - mmengine - INFO - m5_vhgco_gn_odin |    55.46 |     2.95 |    62.27
2026/08/25 03:27:37 - mmengine - INFO - m5_vhgco_group_energy |    93.08 |    40.28 |    26.47
2026/08/25 03:27:39 - mmengine - INFO - m5_vhgco_group_entropy |    83.18 |    11.63 |    59.42
2026/08/25 03:27:41 - mmengine - INFO - m5_vhgco_group_maxlogit |    93.20 |    41.73 |    26.63
2026/08/25 03:27:43 - mmengine - INFO - m5_vhgco_group_msp |    83.18 |    11.63 |    59.43
2026/08/25 03:27:45 - mmengine - INFO - m5_vhgco_group_odin |    42.49 |     2.37 |    99.54
2026/08/25 03:27:47 - mmengine - INFO - m5_vhgno_gn_energy |    92.20 |    40.38 |    33.70
2026/08/25 03:27:49 - mmengine - INFO - m5_vhgno_gn_entropy |    29.74 |     6.96 |    99.40
2026/08/25 03:27:51 - mmengine - INFO - m5_vhgno_gn_maxlogit |    92.14 |    39.94 |    33.41
2026/08/25 03:27:53 - mmengine - INFO - m5_vhgno_gn_msp |    43.19 |     7.01 |    94.01
2026/08/25 03:27:55 - mmengine - INFO - m5_vhgno_gn_odin |    47.41 |     3.08 |    94.13
2026/08/25 03:27:57 - mmengine - INFO - m5_vhgno_group_energy |    93.21 |    41.97 |    26.39
2026/08/25 03:27:59 - mmengine - INFO - m5_vhgno_group_entropy |    91.52 |    22.30 |    31.01
2026/08/25 03:28:01 - mmengine - INFO - m5_vhgno_group_maxlogit |    93.20 |    41.73 |    26.63
2026/08/25 03:28:03 - mmengine - INFO - m5_vhgno_group_msp |    91.52 |    22.30 |    31.01
2026/08/25 03:28:05 - mmengine - INFO - m5_vhgno_group_odin |    68.18 |     4.15 |    52.68
2026/08/25 03:28:07 - mmengine - INFO - sp_gn_energy |    93.52 |    42.07 |    24.75
2026/08/25 03:28:09 - mmengine - INFO - sp_gn_entropy |    91.35 |    18.94 |    27.73
2026/08/25 03:28:11 - mmengine - INFO - sp_gn_maxlogit |    93.37 |    41.34 |    25.12
2026/08/25 03:28:13 - mmengine - INFO -  sp_gn_msp |    92.31 |    25.47 |    27.74
2026/08/25 03:28:15 - mmengine - INFO - sp_gn_odin |    89.04 |    15.37 |    29.98
2026/08/25 03:28:16 - mmengine - INFO - sp_group_energy |    93.35 |    42.24 |    26.26
2026/08/25 03:28:18 - mmengine - INFO - sp_group_entropy |    92.99 |    32.39 |    24.99
2026/08/25 03:28:20 - mmengine - INFO - sp_group_maxlogit |    93.20 |    41.73 |    26.63
2026/08/25 03:28:22 - mmengine - INFO - sp_group_msp |    91.97 |    22.98 |    25.27
2026/08/25 03:28:24 - mmengine - INFO - sp_group_odin |    34.16 |     2.08 |    84.94
2026/08/25 03:28:25 - mmengine - INFO - Epoch(test) [980/980]    ood/msp_AUROC: 90.4207  ood/msp_AP: 28.2728  ood/msp_FPR95: 32.3161  ood/maxlogit_AUROC: 93.1954  ood/maxlogit_AP: 41.7321  ood/maxlogit_FPR95: 26.6318  ood/odin_AUROC: 94.8564  ood/odin_AP: 44.5884  ood/odin_FPR95: 23.3896  ood/energy_AUROC: 93.1389  ood/energy_AP: 40.3339  ood/energy_FPR95: 26.3465  ood/entropy_AUROC: 92.1024  ood/entropy_AP: 38.7111  ood/entropy_FPR95: 31.2887  ood/group_msp_AUROC: 90.1908  ood/group_msp_AP: 20.3266  ood/group_msp_FPR95: 31.6846  ood/group_maxlogit_AUROC: 93.1954  ood/group_maxlogit_AP: 41.7321  ood/group_maxlogit_FPR95: 26.6318  ood/group_odin_AUROC: 31.8158  ood/group_odin_AP: 1.9950  ood/group_odin_FPR95: 94.1269  ood/group_energy_AUROC: 93.2323  ood/group_energy_AP: 41.1506  ood/group_energy_FPR95: 26.4467  ood/group_entropy_AUROC: 91.1538  ood/group_entropy_AP: 28.1397  ood/group_entropy_FPR95: 31.0538  ood/gn_msp_AUROC: 91.1951  ood/gn_msp_AP: 24.0135  ood/gn_msp_FPR95: 26.1316  ood/gn_maxlogit_AUROC: 93.4507  ood/gn_maxlogit_AP: 41.1148  ood/gn_maxlogit_FPR95: 24.6704  ood/gn_odin_AUROC: 81.8152  ood/gn_odin_AP: 15.9283  ood/gn_odin_FPR95: 78.8432  ood/gn_energy_AUROC: 93.4820  ood/gn_energy_AP: 40.7655  ood/gn_energy_FPR95: 24.4541  ood/gn_entropy_AUROC: 90.5661  ood/gn_entropy_AP: 16.7744  ood/gn_entropy_FPR95: 26.1316  ood/m4_gcno_gn_energy_AUROC: 92.3957  ood/m4_gcno_gn_energy_AP: 39.8933  ood/m4_gcno_gn_energy_FPR95: 29.8167  ood/m4_gcno_gn_entropy_AUROC: 6.9719  ood/m4_gcno_gn_entropy_AP: 2.0487  ood/m4_gcno_gn_entropy_FPR95: 98.3489  ood/m4_gcno_gn_maxlogit_AUROC: 92.3342  ood/m4_gcno_gn_maxlogit_AP: 40.7669  ood/m4_gcno_gn_maxlogit_FPR95: 29.9874  ood/m4_gcno_gn_msp_AUROC: 88.8642  ood/m4_gcno_gn_msp_AP: 42.8023  ood/m4_gcno_gn_msp_FPR95: 98.3421  ood/m4_gcno_gn_odin_AUROC: 56.7273  ood/m4_gcno_gn_odin_AP: 3.2293  ood/m4_gcno_gn_odin_FPR95: 71.5101  ood/m4_gcno_group_energy_AUROC: 93.2372  ood/m4_gcno_group_energy_AP: 40.4089  ood/m4_gcno_group_energy_FPR95: 26.3245  ood/m4_gcno_group_entropy_AUROC: 95.9044  ood/m4_gcno_group_entropy_AP: 42.7436  ood/m4_gcno_group_entropy_FPR95: 18.5324  ood/m4_gcno_group_maxlogit_AUROC: 93.1954  ood/m4_gcno_group_maxlogit_AP: 41.7321  ood/m4_gcno_group_maxlogit_FPR95: 26.6318  ood/m4_gcno_group_msp_AUROC: 95.9100  ood/m4_gcno_group_msp_AP: 43.4867  ood/m4_gcno_group_msp_FPR95: 18.5376  ood/m4_gcno_group_odin_AUROC: 58.3021  ood/m4_gcno_group_odin_AP: 3.9989  ood/m4_gcno_group_odin_FPR95: 71.5102  ood/m4_hcno_gn_energy_AUROC: 92.7309  ood/m4_hcno_gn_energy_AP: 39.5052  ood/m4_hcno_gn_energy_FPR95: 28.5735  ood/m4_hcno_gn_entropy_AUROC: 60.2966  ood/m4_hcno_gn_entropy_AP: 4.8520  ood/m4_hcno_gn_entropy_FPR95: 57.5896  ood/m4_hcno_gn_maxlogit_AUROC: 92.6608  ood/m4_hcno_gn_maxlogit_AP: 39.3034  ood/m4_hcno_gn_maxlogit_FPR95: 28.9727  ood/m4_hcno_gn_msp_AUROC: 87.0859  ood/m4_hcno_gn_msp_AP: 20.3011  ood/m4_hcno_gn_msp_FPR95: 57.5595  ood/m4_hcno_gn_odin_AUROC: 87.4642  ood/m4_hcno_gn_odin_AP: 17.7409  ood/m4_hcno_gn_odin_FPR95: 35.0593  ood/m4_hcno_group_energy_AUROC: 93.2593  ood/m4_hcno_group_energy_AP: 41.7123  ood/m4_hcno_group_energy_FPR95: 26.3969  ood/m4_hcno_group_entropy_AUROC: 91.5955  ood/m4_hcno_group_entropy_AP: 22.0277  ood/m4_hcno_group_entropy_FPR95: 27.3779  ood/m4_hcno_group_maxlogit_AUROC: 93.1954  ood/m4_hcno_group_maxlogit_AP: 41.7321  ood/m4_hcno_group_maxlogit_FPR95: 26.6318  ood/m4_hcno_group_msp_AUROC: 91.3364  ood/m4_hcno_group_msp_AP: 18.5318  ood/m4_hcno_group_msp_FPR95: 27.5520  ood/m4_hcno_group_odin_AUROC: 43.9212  ood/m4_hcno_group_odin_AP: 2.4420  ood/m4_hcno_group_odin_FPR95: 71.5779  ood/m5_hgcno_gn_energy_AUROC: 92.4184  ood/m5_hgcno_gn_energy_AP: 39.6958  ood/m5_hgcno_gn_energy_FPR95: 29.5405  ood/m5_hgcno_gn_entropy_AUROC: 7.9274  ood/m5_hgcno_gn_entropy_AP: 3.4398  ood/m5_hgcno_gn_entropy_FPR95: 98.8870  ood/m5_hgcno_gn_maxlogit_AUROC: 92.3534  ood/m5_hgcno_gn_maxlogit_AP: 40.4269  ood/m5_hgcno_gn_maxlogit_FPR95: 29.7356  ood/m5_hgcno_gn_msp_AUROC: 88.4933  ood/m5_hgcno_gn_msp_AP: 42.4517  ood/m5_hgcno_gn_msp_FPR95: 98.8937  ood/m5_hgcno_gn_odin_AUROC: 58.2931  ood/m5_hgcno_gn_odin_AP: 3.1960  ood/m5_hgcno_gn_odin_FPR95: 69.1856  ood/m5_hgcno_group_energy_AUROC: 93.2406  ood/m5_hgcno_group_energy_AP: 40.6218  ood/m5_hgcno_group_energy_FPR95: 26.3244  ood/m5_hgcno_group_entropy_AUROC: 95.9997  ood/m5_hgcno_group_entropy_AP: 47.2327  ood/m5_hgcno_group_entropy_FPR95: 18.4112  ood/m5_hgcno_group_maxlogit_AUROC: 93.1954  ood/m5_hgcno_group_maxlogit_AP: 41.7321  ood/m5_hgcno_group_maxlogit_FPR95: 26.6318  ood/m5_hgcno_group_msp_AUROC: 95.9997  ood/m5_hgcno_group_msp_AP: 47.2330  ood/m5_hgcno_group_msp_FPR95: 18.4222  ood/m5_hgcno_group_odin_AUROC: 62.4441  ood/m5_hgcno_group_odin_AP: 5.2673  ood/m5_hgcno_group_odin_FPR95: 66.8496  ood/m5_vgcno_gn_energy_AUROC: 93.0004  ood/m5_vgcno_gn_energy_AP: 40.4221  ood/m5_vgcno_gn_energy_FPR95: 27.0371  ood/m5_vgcno_gn_entropy_AUROC: 8.5607  ood/m5_vgcno_gn_entropy_AP: 1.5895  ood/m5_vgcno_gn_entropy_FPR95: 99.1089  ood/m5_vgcno_gn_maxlogit_AUROC: 93.0562  ood/m5_vgcno_gn_maxlogit_AP: 42.0359  ood/m5_vgcno_gn_maxlogit_FPR95: 27.2949  ood/m5_vgcno_gn_msp_AUROC: 91.5621  ood/m5_vgcno_gn_msp_AP: 30.1695  ood/m5_vgcno_gn_msp_FPR95: 38.8080  ood/m5_vgcno_gn_odin_AUROC: 48.1014  ood/m5_vgcno_gn_odin_AP: 3.0430  ood/m5_vgcno_gn_odin_FPR95: 85.5440  ood/m5_vgcno_group_energy_AUROC: 93.1368  ood/m5_vgcno_group_energy_AP: 40.1777  ood/m5_vgcno_group_energy_FPR95: 26.3465  ood/m5_vgcno_group_entropy_AUROC: 91.9154  ood/m5_vgcno_group_entropy_AP: 25.8815  ood/m5_vgcno_group_entropy_FPR95: 35.1946  ood/m5_vgcno_group_maxlogit_AUROC: 93.1954  ood/m5_vgcno_group_maxlogit_AP: 41.7321  ood/m5_vgcno_group_maxlogit_FPR95: 26.6318  ood/m5_vgcno_group_msp_AUROC: 91.8654  ood/m5_vgcno_group_msp_AP: 25.8263  ood/m5_vgcno_group_msp_FPR95: 35.3818  ood/m5_vgcno_group_odin_AUROC: 48.0904  ood/m5_vgcno_group_odin_AP: 2.9271  ood/m5_vgcno_group_odin_FPR95: 85.5451  ood/m5_vhcno_gn_energy_AUROC: 93.0057  ood/m5_vhcno_gn_energy_AP: 39.5053  ood/m5_vhcno_gn_energy_FPR95: 27.5624  ood/m5_vhcno_gn_entropy_AUROC: 51.9797  ood/m5_vhcno_gn_entropy_AP: 3.3112  ood/m5_vhcno_gn_entropy_FPR95: 59.2648  ood/m5_vhcno_gn_maxlogit_AUROC: 93.0432  ood/m5_vhcno_gn_maxlogit_AP: 39.8167  ood/m5_vhcno_gn_maxlogit_FPR95: 28.0630  ood/m5_vhcno_gn_msp_AUROC: 85.7828  ood/m5_vhcno_gn_msp_AP: 13.1462  ood/m5_vhcno_gn_msp_FPR95: 57.7541  ood/m5_vhcno_gn_odin_AUROC: 80.0891  ood/m5_vhcno_gn_odin_AP: 7.4768  ood/m5_vhcno_gn_odin_FPR95: 53.4658  ood/m5_vhcno_group_energy_AUROC: 93.1552  ood/m5_vhcno_group_energy_AP: 41.4191  ood/m5_vhcno_group_energy_FPR95: 26.4202  ood/m5_vhcno_group_entropy_AUROC: 84.9513  ood/m5_vhcno_group_entropy_AP: 10.9259  ood/m5_vhcno_group_entropy_FPR95: 46.3316  ood/m5_vhcno_group_maxlogit_AUROC: 93.1954  ood/m5_vhcno_group_maxlogit_AP: 41.7321  ood/m5_vhcno_group_maxlogit_FPR95: 26.6318  ood/m5_vhcno_group_msp_AUROC: 84.9513  ood/m5_vhcno_group_msp_AP: 10.9255  ood/m5_vhcno_group_msp_FPR95: 46.3287  ood/m5_vhcno_group_odin_AUROC: 36.0499  ood/m5_vhcno_group_odin_AP: 2.1344  ood/m5_vhcno_group_odin_FPR95: 82.7272  ood/m5_vhgcn_gn_energy_AUROC: 92.8933  ood/m5_vhgcn_gn_energy_AP: 40.9086  ood/m5_vhgcn_gn_energy_FPR95: 27.2980  ood/m5_vhgcn_gn_entropy_AUROC: 9.2859  ood/m5_vhgcn_gn_entropy_AP: 1.6510  ood/m5_vhgcn_gn_entropy_FPR95: 97.7773  ood/m5_vhgcn_gn_maxlogit_AUROC: 92.9275  ood/m5_vhgcn_gn_maxlogit_AP: 42.7028  ood/m5_vhgcn_gn_maxlogit_FPR95: 27.5643  ood/m5_vhgcn_gn_msp_AUROC: 91.7754  ood/m5_vhgcn_gn_msp_AP: 38.3773  ood/m5_vhgcn_gn_msp_FPR95: 42.7707  ood/m5_vhgcn_gn_odin_AUROC: 49.7907  ood/m5_vhgcn_gn_odin_AP: 2.9469  ood/m5_vhgcn_gn_odin_FPR95: 94.2354  ood/m5_vhgcn_group_energy_AUROC: 93.1536  ood/m5_vhgcn_group_energy_AP: 39.5314  ood/m5_vhgcn_group_energy_FPR95: 26.3216  ood/m5_vhgcn_group_entropy_AUROC: 92.5098  ood/m5_vhgcn_group_entropy_AP: 30.5711  ood/m5_vhgcn_group_entropy_FPR95: 36.2944  ood/m5_vhgcn_group_maxlogit_AUROC: 93.1954  ood/m5_vhgcn_group_maxlogit_AP: 41.7321  ood/m5_vhgcn_group_maxlogit_FPR95: 26.6318  ood/m5_vhgcn_group_msp_AUROC: 92.5095  ood/m5_vhgcn_group_msp_AP: 30.5692  ood/m5_vhgcn_group_msp_FPR95: 36.2972  ood/m5_vhgcn_group_odin_AUROC: 49.3157  ood/m5_vhgcn_group_odin_AP: 2.8985  ood/m5_vhgcn_group_odin_FPR95: 95.2212  ood/m5_vhgco_gn_energy_AUROC: 92.9283  ood/m5_vhgco_gn_energy_AP: 36.0642  ood/m5_vhgco_gn_energy_FPR95: 26.2277  ood/m5_vhgco_gn_entropy_AUROC: 50.5621  ood/m5_vhgco_gn_entropy_AP: 5.2830  ood/m5_vhgco_gn_entropy_FPR95: 99.2675  ood/m5_vhgco_gn_maxlogit_AUROC: 93.0558  ood/m5_vhgco_gn_maxlogit_AP: 37.6961  ood/m5_vhgco_gn_maxlogit_FPR95: 26.1009  ood/m5_vhgco_gn_msp_AUROC: 75.2852  ood/m5_vhgco_gn_msp_AP: 10.8666  ood/m5_vhgco_gn_msp_FPR95: 67.2127  ood/m5_vhgco_gn_odin_AUROC: 55.4570  ood/m5_vhgco_gn_odin_AP: 2.9522  ood/m5_vhgco_gn_odin_FPR95: 62.2695  ood/m5_vhgco_group_energy_AUROC: 93.0800  ood/m5_vhgco_group_energy_AP: 40.2754  ood/m5_vhgco_group_energy_FPR95: 26.4684  ood/m5_vhgco_group_entropy_AUROC: 83.1814  ood/m5_vhgco_group_entropy_AP: 11.6276  ood/m5_vhgco_group_entropy_FPR95: 59.4200  ood/m5_vhgco_group_maxlogit_AUROC: 93.1954  ood/m5_vhgco_group_maxlogit_AP: 41.7321  ood/m5_vhgco_group_maxlogit_FPR95: 26.6318  ood/m5_vhgco_group_msp_AUROC: 83.1813  ood/m5_vhgco_group_msp_AP: 11.6266  ood/m5_vhgco_group_msp_FPR95: 59.4276  ood/m5_vhgco_group_odin_AUROC: 42.4909  ood/m5_vhgco_group_odin_AP: 2.3704  ood/m5_vhgco_group_odin_FPR95: 99.5439  ood/m5_vhgno_gn_energy_AUROC: 92.1994  ood/m5_vhgno_gn_energy_AP: 40.3754  ood/m5_vhgno_gn_energy_FPR95: 33.7030  ood/m5_vhgno_gn_entropy_AUROC: 29.7384  ood/m5_vhgno_gn_entropy_AP: 6.9620  ood/m5_vhgno_gn_entropy_FPR95: 99.3957  ood/m5_vhgno_gn_maxlogit_AUROC: 92.1441  ood/m5_vhgno_gn_maxlogit_AP: 39.9434  ood/m5_vhgno_gn_maxlogit_FPR95: 33.4086  ood/m5_vhgno_gn_msp_AUROC: 43.1928  ood/m5_vhgno_gn_msp_AP: 7.0062  ood/m5_vhgno_gn_msp_FPR95: 94.0105  ood/m5_vhgno_gn_odin_AUROC: 47.4060  ood/m5_vhgno_gn_odin_AP: 3.0802  ood/m5_vhgno_gn_odin_FPR95: 94.1255  ood/m5_vhgno_group_energy_AUROC: 93.2132  ood/m5_vhgno_group_energy_AP: 41.9728  ood/m5_vhgno_group_energy_FPR95: 26.3907  ood/m5_vhgno_group_entropy_AUROC: 91.5172  ood/m5_vhgno_group_entropy_AP: 22.3024  ood/m5_vhgno_group_entropy_FPR95: 31.0114  ood/m5_vhgno_group_maxlogit_AUROC: 93.1954  ood/m5_vhgno_group_maxlogit_AP: 41.7321  ood/m5_vhgno_group_maxlogit_FPR95: 26.6318  ood/m5_vhgno_group_msp_AUROC: 91.5172  ood/m5_vhgno_group_msp_AP: 22.3039  ood/m5_vhgno_group_msp_FPR95: 31.0131  ood/m5_vhgno_group_odin_AUROC: 68.1842  ood/m5_vhgno_group_odin_AP: 4.1519  ood/m5_vhgno_group_odin_FPR95: 52.6806  ood/sp_gn_energy_AUROC: 93.5188  ood/sp_gn_energy_AP: 42.0678  ood/sp_gn_energy_FPR95: 24.7450  ood/sp_gn_entropy_AUROC: 91.3497  ood/sp_gn_entropy_AP: 18.9391  ood/sp_gn_entropy_FPR95: 27.7331  ood/sp_gn_maxlogit_AUROC: 93.3685  ood/sp_gn_maxlogit_AP: 41.3371  ood/sp_gn_maxlogit_FPR95: 25.1153  ood/sp_gn_msp_AUROC: 92.3092  ood/sp_gn_msp_AP: 25.4661  ood/sp_gn_msp_FPR95: 27.7404  ood/sp_gn_odin_AUROC: 89.0362  ood/sp_gn_odin_AP: 15.3682  ood/sp_gn_odin_FPR95: 29.9791  ood/sp_group_energy_AUROC: 93.3515  ood/sp_group_energy_AP: 42.2418  ood/sp_group_energy_FPR95: 26.2605  ood/sp_group_entropy_AUROC: 92.9917  ood/sp_group_entropy_AP: 32.3871  ood/sp_group_entropy_FPR95: 24.9903  ood/sp_group_maxlogit_AUROC: 93.1954  ood/sp_group_maxlogit_AP: 41.7321  ood/sp_group_maxlogit_FPR95: 26.6318  ood/sp_group_msp_AUROC: 91.9655  ood/sp_group_msp_AP: 22.9811  ood/sp_group_msp_FPR95: 25.2689  ood/sp_group_odin_AUROC: 34.1578  ood/sp_group_odin_AP: 2.0825  ood/sp_group_odin_FPR95: 84.9423  data_time: 0.0226  time: 0.2018
