2026/08/25 02:55:21 - mmengine - INFO - 
------------------------------------------------------------
System environment:
    sys.platform: linux
    Python: 3.8.20 (default, Oct  3 2024, 15:24:27) [GCC 11.2.0]
    CUDA available: True
    numpy_random_seed: 69637320
    GPU 0: NVIDIA RTX 6000 Ada Generation
    CUDA_HOME: /usr/local/cuda
    GCC: gcc (Ubuntu 11.4.0-1ubuntu1~22.04) 11.4.0
    PyTorch: 1.10.1+cu111
    PyTorch compiling details: PyTorch built with:
  - GCC 7.3
  - C++ Version: 201402
  - Intel(R) Math Kernel Library Version 2020.0.0 Product Build 20191122 for Intel(R) 64 architecture applications
  - Intel(R) MKL-DNN v2.2.3 (Git Hash 7336ca9f055cf1bfa13efb658fe15dc9b41f0740)
  - OpenMP 201511 (a.k.a. OpenMP 4.5)
  - LAPACK is enabled (usually provided by MKL)
  - NNPACK is enabled
  - CPU capability usage: AVX2
  - CUDA Runtime 11.1
  - NVCC architecture flags: -gencode;arch=compute_37,code=sm_37;-gencode;arch=compute_50,code=sm_50;-gencode;arch=compute_60,code=sm_60;-gencode;arch=compute_70,code=sm_70;-gencode;arch=compute_75,code=sm_75;-gencode;arch=compute_80,code=sm_80;-gencode;arch=compute_86,code=sm_86
  - CuDNN 8.0.5
  - Magma 2.5.2
  - Build settings: BLAS_INFO=mkl, BUILD_TYPE=Release, CUDA_VERSION=11.1, CUDNN_VERSION=8.0.5, CXX_COMPILER=/opt/rh/devtoolset-7/root/usr/bin/c++, CXX_FLAGS= -Wno-deprecated -fvisibility-inlines-hidden -DUSE_PTHREADPOOL -fopenmp -DNDEBUG -DUSE_KINETO -DUSE_FBGEMM -DUSE_QNNPACK -DUSE_PYTORCH_QNNPACK -DUSE_XNNPACK -DSYMBOLICATE_MOBILE_DEBUG_HANDLE -DEDGE_PROFILER_USE_KINETO -O2 -fPIC -Wno-narrowing -Wall -Wextra -Werror=return-type -Wno-missing-field-initializers -Wno-type-limits -Wno-array-bounds -Wno-unknown-pragmas -Wno-sign-compare -Wno-unused-parameter -Wno-unused-variable -Wno-unused-function -Wno-unused-result -Wno-unused-local-typedefs -Wno-strict-overflow -Wno-strict-aliasing -Wno-error=deprecated-declarations -Wno-stringop-overflow -Wno-psabi -Wno-error=pedantic -Wno-error=redundant-decls -Wno-error=old-style-cast -fdiagnostics-color=always -faligned-new -Wno-unused-but-set-variable -Wno-maybe-uninitialized -fno-math-errno -fno-trapping-math -Werror=format -Wno-stringop-overflow, LAPACK_INFO=mkl, PERF_WITH_AVX=1, PERF_WITH_AVX2=1, PERF_WITH_AVX512=1, TORCH_VERSION=1.10.1, USE_CUDA=ON, USE_CUDNN=ON, USE_EXCEPTION_PTR=1, USE_GFLAGS=OFF, USE_GLOG=OFF, USE_MKL=ON, USE_MKLDNN=ON, USE_MPI=OFF, USE_NCCL=ON, USE_NNPACK=ON, USE_OPENMP=ON, 

    TorchVision: 0.11.2+cu111
    OpenCV: 5.0.0
    MMEngine: 0.7.4

Runtime environment:
    cudnn_benchmark: False
    mp_cfg: {'mp_start_method': 'fork', 'opencv_num_threads': 0}
    dist_cfg: {'backend': 'nccl'}
    seed: 69637320
    Distributed launcher: none
    Distributed training: False
    GPU number: 1
------------------------------------------------------------

2026/08/25 02:55:23 - mmengine - INFO - Config:
dataset_type = '_DSODataset'
data_root = 'data/dso/'
class_names = [
    'car', 'bicycle', 'motorcycle', 'truck', 'bus', 'person', 'rider',
    'traffic-sign', 'traffic-cone', 'paved-road', 'unpaved-road', 'sidewalk',
    'building', 'window', 'perimeter-barrier', 'other-barrier',
    'overhead-bridge', 'gate', 'pole-like-object', 'drain', 'terrain',
    'trunks', 'vegetation', 'obscurant'
]
labels_map = dict({
    0: 24,
    1: 5,
    2: 6,
    3: 0,
    4: 3,
    5: 4,
    6: 2,
    7: 1,
    8: 9,
    9: 10,
    10: 11,
    11: 12,
    12: 13,
    13: 14,
    14: 15,
    15: 16,
    16: 17,
    17: 24,
    18: 18,
    19: 7,
    20: 8,
    21: 19,
    22: 20,
    23: 21,
    24: 22,
    27: 23,
    28: 24,
    29: 24,
    30: 24,
    255: 24
})
learning_map_inv = dict({
    0: 3,
    1: 7,
    2: 6,
    3: 4,
    4: 5,
    5: 1,
    6: 2,
    7: 19,
    8: 20,
    9: 8,
    10: 9,
    11: 10,
    12: 11,
    13: 12,
    14: 13,
    15: 14,
    16: 15,
    17: 16,
    18: 18,
    19: 21,
    20: 22,
    21: 23,
    22: 24,
    23: 27,
    24: 0
})
metainfo = dict(
    classes=[
        'car', 'bicycle', 'motorcycle', 'truck', 'bus', 'person', 'rider',
        'traffic-sign', 'traffic-cone', 'paved-road', 'unpaved-road',
        'sidewalk', 'building', 'window', 'perimeter-barrier', 'other-barrier',
        'overhead-bridge', 'gate', 'pole-like-object', 'drain', 'terrain',
        'trunks', 'vegetation', 'obscurant'
    ],
    seg_label_mapping=dict({
        0: 24,
        1: 5,
        2: 6,
        3: 0,
        4: 3,
        5: 4,
        6: 2,
        7: 1,
        8: 9,
        9: 10,
        10: 11,
        11: 12,
        12: 13,
        13: 14,
        14: 15,
        15: 16,
        16: 17,
        17: 24,
        18: 18,
        19: 7,
        20: 8,
        21: 19,
        22: 20,
        23: 21,
        24: 22,
        27: 23,
        28: 24,
        29: 24,
        30: 24,
        255: 24
    }),
    max_label=255)
input_modality = dict(use_lidar=True, use_camera=False)
backend_args = None
pre_transform = [
    dict(type='_LoadDSOPointsAndAnnotations'),
    dict(type='PointSegClassMapping')
]
train_pipeline = [
    dict(type='_LoadDSOPointsAndAnnotations'),
    dict(type='PointSegClassMapping'),
    dict(
        type='RandomChoice',
        transforms=[[{
            'type':
            '_LaserMix',
            'num_areas': [3, 4, 5, 6],
            'pitch_angles': [-12, 45],
            'pre_transform': [{
                'type': '_LoadDSOPointsAndAnnotations'
            }, {
                'type': 'PointSegClassMapping'
            }],
            'prob':
            0.5
        }],
                    [{
                        'type':
                        '_PolarMix',
                        'instance_classes': [0, 1, 2, 3, 4, 5, 6, 7, 8],
                        'swap_ratio':
                        0.5,
                        'rotate_paste_ratio':
                        1.0,
                        'pre_transform': [{
                            'type':
                            '_LoadDSOPointsAndAnnotations'
                        }, {
                            'type': 'PointSegClassMapping'
                        }],
                        'prob':
                        0.5
                    }]],
        prob=[0.2, 0.8]),
    dict(
        type='RandomFlip3D',
        sync_2d=False,
        flip_ratio_bev_horizontal=0.5,
        flip_ratio_bev_vertical=0.5),
    dict(
        type='GlobalRotScaleTrans',
        rot_range=[-0.78539816, 0.78539816],
        scale_ratio_range=[0.95, 1.05],
        translation_std=[0.1, 0.1, 0.1]),
    dict(
        type='Pack3DDetInputs',
        keys=['points', 'pts_semantic_mask', 'pts_instance_mask'])
]
test_pipeline = [
    dict(type='_LoadDSOPointsAndAnnotations'),
    dict(type='PointSegClassMapping'),
    dict(
        type='Pack3DDetInputs',
        keys=['points', 'pts_semantic_mask', 'pts_instance_mask'])
]
train_dataloader = dict(
    batch_size=1,
    num_workers=4,
    sampler=dict(type='DefaultSampler', shuffle=True),
    dataset=dict(
        type='RepeatDataset',
        times=1,
        dataset=dict(
            type='_DSODataset',
            data_root='data/dso/',
            data_prefix=dict(
                pts='',
                img='',
                pts_instance_mask='',
                pts_semantic_mask='',
                pts_panoptic_mask=''),
            ann_file='dso_infos_train.pkl',
            pipeline=[
                dict(type='_LoadDSOPointsAndAnnotations'),
                dict(type='PointSegClassMapping'),
                dict(
                    type='RandomChoice',
                    transforms=[[{
                        'type':
                        '_LaserMix',
                        'num_areas': [3, 4, 5, 6],
                        'pitch_angles': [-12, 45],
                        'pre_transform': [{
                            'type':
                            '_LoadDSOPointsAndAnnotations'
                        }, {
                            'type': 'PointSegClassMapping'
                        }],
                        'prob':
                        0.5
                    }],
                                [{
                                    'type':
                                    '_PolarMix',
                                    'instance_classes':
                                    [0, 1, 2, 3, 4, 5, 6, 7, 8],
                                    'swap_ratio':
                                    0.5,
                                    'rotate_paste_ratio':
                                    1.0,
                                    'pre_transform': [{
                                        'type':
                                        '_LoadDSOPointsAndAnnotations'
                                    }, {
                                        'type':
                                        'PointSegClassMapping'
                                    }],
                                    'prob':
                                    0.5
                                }]],
                    prob=[0.2, 0.8]),
                dict(
                    type='RandomFlip3D',
                    sync_2d=False,
                    flip_ratio_bev_horizontal=0.5,
                    flip_ratio_bev_vertical=0.5),
                dict(
                    type='GlobalRotScaleTrans',
                    rot_range=[-0.78539816, 0.78539816],
                    scale_ratio_range=[0.95, 1.05],
                    translation_std=[0.1, 0.1, 0.1]),
                dict(
                    type='Pack3DDetInputs',
                    keys=['points', 'pts_semantic_mask', 'pts_instance_mask'])
            ],
            metainfo=dict(
                classes=[
                    'car', 'bicycle', 'motorcycle', 'truck', 'bus', 'person',
                    'rider', 'traffic-sign', 'traffic-cone', 'paved-road',
                    'unpaved-road', 'sidewalk', 'building', 'window',
                    'perimeter-barrier', 'other-barrier', 'overhead-bridge',
                    'gate', 'pole-like-object', 'drain', 'terrain', 'trunks',
                    'vegetation', 'obscurant'
                ],
                seg_label_mapping=dict({
                    0: 24,
                    1: 5,
                    2: 6,
                    3: 0,
                    4: 3,
                    5: 4,
                    6: 2,
                    7: 1,
                    8: 9,
                    9: 10,
                    10: 11,
                    11: 12,
                    12: 13,
                    13: 14,
                    14: 15,
                    15: 16,
                    16: 17,
                    17: 24,
                    18: 18,
                    19: 7,
                    20: 8,
                    21: 19,
                    22: 20,
                    23: 21,
                    24: 22,
                    27: 23,
                    28: 24,
                    29: 24,
                    30: 24,
                    255: 24
                }),
                max_label=255),
            modality=dict(use_lidar=True, use_camera=False),
            ignore_index=24,
            backend_args=None)))
test_dataloader = dict(
    batch_size=1,
    num_workers=1,
    sampler=dict(type='DefaultSampler', shuffle=False),
    dataset=dict(
        type='RepeatDataset',
        times=1,
        dataset=dict(
            type='_DSODataset',
            data_root='data/dso/',
            data_prefix=dict(
                pts='',
                img='',
                pts_instance_mask='',
                pts_semantic_mask='',
                pts_panoptic_mask=''),
            ann_file='dso_infos_cetran.pkl',
            pipeline=[
                dict(type='_LoadDSOPointsAndAnnotations'),
                dict(type='PointSegClassMapping'),
                dict(
                    type='Pack3DDetInputs',
                    keys=['points', 'pts_semantic_mask', 'pts_instance_mask'])
            ],
            metainfo=dict(
                classes=[
                    'car', 'bicycle', 'motorcycle', 'truck', 'bus', 'person',
                    'rider', 'traffic-sign', 'traffic-cone', 'paved-road',
                    'unpaved-road', 'sidewalk', 'building', 'window',
                    'perimeter-barrier', 'other-barrier', 'overhead-bridge',
                    'gate', 'pole-like-object', 'drain', 'terrain', 'trunks',
                    'vegetation', 'obscurant'
                ],
                seg_label_mapping=dict({
                    0: 24,
                    1: 5,
                    2: 6,
                    3: 0,
                    4: 3,
                    5: 4,
                    6: 2,
                    7: 1,
                    8: 9,
                    9: 10,
                    10: 11,
                    11: 12,
                    12: 13,
                    13: 14,
                    14: 15,
                    15: 16,
                    16: 17,
                    17: 24,
                    18: 18,
                    19: 7,
                    20: 8,
                    21: 19,
                    22: 20,
                    23: 21,
                    24: 22,
                    27: 23,
                    28: 24,
                    29: 24,
                    30: 24,
                    255: 24
                }),
                max_label=255),
            modality=dict(use_lidar=True, use_camera=False),
            ignore_index=24,
            test_mode=True,
            backend_args=None)))
val_dataloader = dict(
    batch_size=1,
    num_workers=1,
    sampler=dict(type='DefaultSampler', shuffle=False),
    dataset=dict(
        type='RepeatDataset',
        times=1,
        dataset=dict(
            type='_DSODataset',
            data_root='data/dso/',
            data_prefix=dict(
                pts='',
                img='',
                pts_instance_mask='',
                pts_semantic_mask='',
                pts_panoptic_mask=''),
            ann_file='dso_infos_cetran.pkl',
            pipeline=[
                dict(type='_LoadDSOPointsAndAnnotations'),
                dict(type='PointSegClassMapping'),
                dict(
                    type='Pack3DDetInputs',
                    keys=['points', 'pts_semantic_mask', 'pts_instance_mask'])
            ],
            metainfo=dict(
                classes=[
                    'car', 'bicycle', 'motorcycle', 'truck', 'bus', 'person',
                    'rider', 'traffic-sign', 'traffic-cone', 'paved-road',
                    'unpaved-road', 'sidewalk', 'building', 'window',
                    'perimeter-barrier', 'other-barrier', 'overhead-bridge',
                    'gate', 'pole-like-object', 'drain', 'terrain', 'trunks',
                    'vegetation', 'obscurant'
                ],
                seg_label_mapping=dict({
                    0: 24,
                    1: 5,
                    2: 6,
                    3: 0,
                    4: 3,
                    5: 4,
                    6: 2,
                    7: 1,
                    8: 9,
                    9: 10,
                    10: 11,
                    11: 12,
                    12: 13,
                    13: 14,
                    14: 15,
                    15: 16,
                    16: 17,
                    17: 24,
                    18: 18,
                    19: 7,
                    20: 8,
                    21: 19,
                    22: 20,
                    23: 21,
                    24: 22,
                    27: 23,
                    28: 24,
                    29: 24,
                    30: 24,
                    255: 24
                }),
                max_label=255),
            modality=dict(use_lidar=True, use_camera=False),
            ignore_index=24,
            test_mode=True,
            backend_args=None)))
val_evaluator = [
    dict(
        type='_OODPointMetric',
        ood_raw_ids=[17, 28],
        seg_offset=65536,
        ignore_index=24)
]
test_evaluator = [
    dict(
        type='_OODPointMetric',
        ood_raw_ids=[17, 28],
        seg_offset=65536,
        ignore_index=24)
]
vis_backends = [dict(type='LocalVisBackend')]
visualizer = dict(
    type='Det3DLocalVisualizer',
    vis_backends=[dict(type='LocalVisBackend')],
    name='visualizer')
grid_shape = [480, 360, 32]
model = dict(
    type='_P3Former',
    data_preprocessor=dict(
        type='_Det3DDataPreprocessor',
        voxel=True,
        voxel_type='cylindrical',
        voxel_layer=dict(
            grid_shape=[480, 360, 32],
            point_cloud_range=[0, -3.14159265359, -3, 50, 3.14159265359, 13],
            max_num_points=-1,
            max_voxels=-1)),
    voxel_encoder=dict(
        type='SegVFE',
        feat_channels=[64, 128, 256, 256],
        in_channels=6,
        with_voxel_center=True,
        feat_compression=16,
        return_point_feats=False),
    backbone=dict(
        type='_Asymm3DSpconv',
        grid_size=[480, 360, 32],
        input_channels=16,
        base_channels=32,
        norm_cfg=dict(type='BN1d', eps=1e-05, momentum=0.1),
        more_conv=True,
        out_channels=256),
    decode_head=dict(
        type='_P3FormerHead',
        num_classes=25,
        num_queries=128,
        embed_dims=256,
        point_cloud_range=[0, -3.14159265359, -3, 50, 3.14159265359, 13],
        assigner_zero_layer_cfg=dict(
            type='mmdet.HungarianAssigner',
            match_costs=[
                dict(
                    type='mmdet.FocalLossCost',
                    weight=1.0,
                    binary_input=True,
                    gamma=2.0,
                    alpha=0.25),
                dict(type='mmdet.DiceCost', weight=2.0, pred_act=True)
            ]),
        assigner_cfg=dict(
            type='mmdet.HungarianAssigner',
            match_costs=[
                dict(
                    type='mmdet.FocalLossCost',
                    gamma=4.0,
                    alpha=0.25,
                    weight=1.0),
                dict(
                    type='mmdet.FocalLossCost',
                    weight=1.0,
                    binary_input=True,
                    gamma=2.0,
                    alpha=0.25),
                dict(type='mmdet.DiceCost', weight=2.0, pred_act=True)
            ]),
        sampler_cfg=dict(type='_MaskPseudoSampler'),
        loss_mask=dict(
            type='mmdet.FocalLoss',
            use_sigmoid=True,
            gamma=2.0,
            alpha=0.25,
            reduction='mean',
            loss_weight=1.0),
        loss_dice=dict(type='mmdet.DiceLoss', loss_weight=2.0),
        loss_cls=dict(
            type='mmdet.FocalLoss',
            use_sigmoid=True,
            gamma=4.0,
            alpha=0.25,
            loss_weight=1.0),
        num_decoder_layers=6,
        cls_channels=(256, 256, 25),
        mask_channels=(256, 256, 256, 256, 256),
        thing_class=[0, 1, 2, 3, 4, 5, 6, 7, 8],
        stuff_class=[
            9, 10, 11, 12, 13, 14, 15, 16, 17, 18, 19, 20, 21, 22, 23
        ],
        ignore_index=24,
        ood_cfg=dict(
            num_ood_logits=24,
            odin_temperature=1000.0,
            energy_temperature=1.0,
            class_groups=[[0, 1, 2, 3, 4], [5, 6], [9, 10, 11, 19],
                          [12, 13, 14, 15, 16, 17], [20, 21, 22],
                          [7, 8, 18, 23]],
            class_groups_variants=dict(
                m2_cn=[[12, 13, 14, 15, 16, 17, 20, 21, 22], [0, 1, 2, 3, 4],
                       [5, 6], [9, 10, 11, 19], [7, 8, 18, 23]],
                m2_co=[[12, 13, 14, 15, 16, 17, 7, 8, 18, 23], [0, 1, 2, 3, 4],
                       [5, 6], [9, 10, 11, 19], [20, 21, 22]],
                m2_no=[[20, 21, 22, 7, 8, 18, 23], [0, 1, 2, 3, 4], [5, 6],
                       [9, 10, 11, 19], [12, 13, 14, 15, 16, 17]],
                m3_vhg=[[0, 1, 2, 3, 4, 5, 6, 9, 10, 11, 19],
                        [12, 13, 14, 15, 16, 17], [20, 21, 22], [7, 8, 18,
                                                                 23]],
                m3_vhc=[[0, 1, 2, 3, 4, 5, 6, 12, 13, 14, 15, 16, 17],
                        [9, 10, 11, 19], [20, 21, 22], [7, 8, 18, 23]],
                m3_vhn=[[0, 1, 2, 3, 4, 5, 6, 20, 21, 22], [9, 10, 11, 19],
                        [12, 13, 14, 15, 16, 17], [7, 8, 18, 23]],
                m3_vho=[[0, 1, 2, 3, 4, 5, 6, 7, 8, 18, 23], [9, 10, 11, 19],
                        [12, 13, 14, 15, 16, 17], [20, 21, 22]],
                m3_vgc=[[0, 1, 2, 3, 4, 9, 10, 11, 19, 12, 13, 14, 15, 16, 17],
                        [5, 6], [20, 21, 22], [7, 8, 18, 23]],
                m3_vgn=[[0, 1, 2, 3, 4, 9, 10, 11, 19, 20, 21, 22], [5, 6],
                        [12, 13, 14, 15, 16, 17], [7, 8, 18, 23]],
                m3_vgo=[[0, 1, 2, 3, 4, 9, 10, 11, 19, 7, 8, 18, 23], [5, 6],
                        [12, 13, 14, 15, 16, 17], [20, 21, 22]],
                m3_vcn=[[0, 1, 2, 3, 4, 12, 13, 14, 15, 16, 17, 20, 21, 22],
                        [5, 6], [9, 10, 11, 19], [7, 8, 18, 23]],
                m3_vco=[[0, 1, 2, 3, 4, 12, 13, 14, 15, 16, 17, 7, 8, 18, 23],
                        [5, 6], [9, 10, 11, 19], [20, 21, 22]]))),
    train_cfg=None,
    test_cfg=dict(mode='whole'))
default_scope = 'mmdet3d'
default_hooks = dict(
    timer=dict(type='IterTimerHook'),
    logger=dict(type='LoggerHook', interval=50),
    param_scheduler=dict(type='ParamSchedulerHook'),
    checkpoint=dict(type='CheckpointHook', interval=5),
    sampler_seed=dict(type='DistSamplerSeedHook'),
    visualization=dict(type='Det3DVisualizationHook'))
env_cfg = dict(
    cudnn_benchmark=False,
    mp_cfg=dict(mp_start_method='fork', opencv_num_threads=0),
    dist_cfg=dict(backend='nccl'))
log_processor = dict(type='LogProcessor', window_size=50, by_epoch=True)
log_level = 'INFO'
load_from = 'work_dirs/p3former_2xb1_3x_dso/epoch_36.pth'
resume = False
point_cloud_range = [0, -3.14159265359, -3, 50, 3.14159265359, 13]
lr = 0.0008
optim_wrapper = dict(
    type='OptimWrapper',
    optimizer=dict(type='AdamW', lr=0.0008, weight_decay=0.01))
train_cfg = dict(type='EpochBasedTrainLoop', max_epochs=36, val_interval=1)
val_cfg = dict(type='ValLoop')
test_cfg = dict(type='TestLoop')
param_scheduler = [
    dict(
        type='MultiStepLR',
        begin=0,
        end=36,
        by_epoch=True,
        milestones=[24, 32],
        gamma=0.2)
]
custom_imports = dict(
    imports=[
        'p3former.backbones.cylinder3d',
        'p3former.data_preprocessors.data_preprocessor',
        'p3former.decode_heads.p3former_head', 'p3former.segmentors.p3former',
        'p3former.task_modules.samplers.mask_pseduo_sampler',
        'evaluation.metrics.panoptic_seg_metric',
        'evaluation.metrics.ood_metric', 'datasets.dso_dataset',
        'datasets.transforms.dso_loading', 'datasets.transforms.transforms_3d'
    ],
    allow_failed_imports=False)
launcher = 'none'
work_dir = 'work_dirs/p3former_2xb1_3x_dso_ood_hier/b2'

2026/08/25 02:55:28 - mmengine - INFO - Distributed training is not used, all SyncBatchNorm (SyncBN) layers in the model will be automatically reverted to BatchNormXd layers if they are used.
2026/08/25 02:55:28 - mmengine - INFO - Hooks will be executed in the following order:
before_run:
(VERY_HIGH   ) RuntimeInfoHook                    
(BELOW_NORMAL) LoggerHook                         
 -------------------- 
before_train:
(VERY_HIGH   ) RuntimeInfoHook                    
(NORMAL      ) IterTimerHook                      
(VERY_LOW    ) CheckpointHook                     
 -------------------- 
before_train_epoch:
(VERY_HIGH   ) RuntimeInfoHook                    
(NORMAL      ) IterTimerHook                      
(NORMAL      ) DistSamplerSeedHook                
 -------------------- 
before_train_iter:
(VERY_HIGH   ) RuntimeInfoHook                    
(NORMAL      ) IterTimerHook                      
 -------------------- 
after_train_iter:
(VERY_HIGH   ) RuntimeInfoHook                    
(NORMAL      ) IterTimerHook                      
(BELOW_NORMAL) LoggerHook                         
(LOW         ) ParamSchedulerHook                 
(VERY_LOW    ) CheckpointHook                     
 -------------------- 
after_train_epoch:
(NORMAL      ) IterTimerHook                      
(LOW         ) ParamSchedulerHook                 
(VERY_LOW    ) CheckpointHook                     
 -------------------- 
before_val_epoch:
(NORMAL      ) IterTimerHook                      
 -------------------- 
before_val_iter:
(NORMAL      ) IterTimerHook                      
 -------------------- 
after_val_iter:
(NORMAL      ) IterTimerHook                      
(NORMAL      ) Det3DVisualizationHook             
(BELOW_NORMAL) LoggerHook                         
 -------------------- 
after_val_epoch:
(VERY_HIGH   ) RuntimeInfoHook                    
(NORMAL      ) IterTimerHook                      
(BELOW_NORMAL) LoggerHook                         
(LOW         ) ParamSchedulerHook                 
(VERY_LOW    ) CheckpointHook                     
 -------------------- 
after_train:
(VERY_LOW    ) CheckpointHook                     
 -------------------- 
before_test_epoch:
(NORMAL      ) IterTimerHook                      
 -------------------- 
before_test_iter:
(NORMAL      ) IterTimerHook                      
 -------------------- 
after_test_iter:
(NORMAL      ) IterTimerHook                      
(NORMAL      ) Det3DVisualizationHook             
(BELOW_NORMAL) LoggerHook                         
 -------------------- 
after_test_epoch:
(VERY_HIGH   ) RuntimeInfoHook                    
(NORMAL      ) IterTimerHook                      
(BELOW_NORMAL) LoggerHook                         
 -------------------- 
after_run:
(BELOW_NORMAL) LoggerHook                         
 -------------------- 
2026/08/25 02:55:32 - mmengine - INFO - Load checkpoint from work_dirs/p3former_2xb1_3x_dso/epoch_36.pth
2026/08/25 02:55:44 - mmengine - INFO - Epoch(test) [ 50/980]    eta: 0:03:42  time: 0.2391  data_time: 0.0218  memory: 1506  
2026/08/25 02:55:56 - mmengine - INFO - Epoch(test) [100/980]    eta: 0:03:25  time: 0.2276  data_time: 0.0196  memory: 1438  
2026/08/25 02:56:08 - mmengine - INFO - Epoch(test) [150/980]    eta: 0:03:14  time: 0.2380  data_time: 0.0212  memory: 1509  
2026/08/25 02:56:20 - mmengine - INFO - Epoch(test) [200/980]    eta: 0:03:05  time: 0.2491  data_time: 0.0242  memory: 1647  
2026/08/25 02:56:31 - mmengine - INFO - Epoch(test) [250/980]    eta: 0:02:51  time: 0.2177  data_time: 0.0221  memory: 1489  
2026/08/25 02:56:43 - mmengine - INFO - Epoch(test) [300/980]    eta: 0:02:40  time: 0.2490  data_time: 0.0250  memory: 1745  
2026/08/25 02:56:56 - mmengine - INFO - Epoch(test) [350/980]    eta: 0:02:29  time: 0.2425  data_time: 0.0252  memory: 1713  
2026/08/25 02:57:06 - mmengine - INFO - Epoch(test) [400/980]    eta: 0:02:16  time: 0.2158  data_time: 0.0215  memory: 1513  
2026/08/25 02:57:17 - mmengine - INFO - Epoch(test) [450/980]    eta: 0:02:03  time: 0.2203  data_time: 0.0220  memory: 1514  
2026/08/25 02:57:29 - mmengine - INFO - Epoch(test) [500/980]    eta: 0:01:52  time: 0.2410  data_time: 0.0234  memory: 1660  
2026/08/25 02:57:41 - mmengine - INFO - Epoch(test) [550/980]    eta: 0:01:40  time: 0.2238  data_time: 0.0217  memory: 1603  
2026/08/25 02:57:54 - mmengine - INFO - Epoch(test) [600/980]    eta: 0:01:29  time: 0.2698  data_time: 0.0265  memory: 1753  
2026/08/25 02:58:06 - mmengine - INFO - Epoch(test) [650/980]    eta: 0:01:17  time: 0.2349  data_time: 0.0219  memory: 1505  
2026/08/25 02:58:17 - mmengine - INFO - Epoch(test) [700/980]    eta: 0:01:05  time: 0.2255  data_time: 0.0231  memory: 1416  
2026/08/25 02:58:28 - mmengine - INFO - Epoch(test) [750/980]    eta: 0:00:53  time: 0.2270  data_time: 0.0234  memory: 1456  
2026/08/25 02:58:40 - mmengine - INFO - Epoch(test) [800/980]    eta: 0:00:42  time: 0.2241  data_time: 0.0220  memory: 1459  
2026/08/25 02:58:52 - mmengine - INFO - Epoch(test) [850/980]    eta: 0:00:30  time: 0.2422  data_time: 0.0226  memory: 1618  
2026/08/25 02:59:03 - mmengine - INFO - Epoch(test) [900/980]    eta: 0:00:18  time: 0.2266  data_time: 0.0218  memory: 1577  
2026/08/25 02:59:16 - mmengine - INFO - Epoch(test) [950/980]    eta: 0:00:07  time: 0.2481  data_time: 0.0253  memory: 1710  
2026/08/25 02:59:23 - mmengine - INFO - Point-level OOD evaluation: 253052359 ID points, 7683321 OOD points (2.9468% OOD)
2026/08/25 02:59:23 - mmengine - INFO -     method |    AUROC |       AP |   FPR@95
2026/08/25 02:59:23 - mmengine - INFO - -------------------------------------------
2026/08/25 02:59:25 - mmengine - INFO -        msp |    90.42 |    28.27 |    32.32
2026/08/25 02:59:27 - mmengine - INFO -   maxlogit |    93.20 |    41.73 |    26.63
2026/08/25 02:59:30 - mmengine - INFO -       odin |    94.86 |    44.59 |    23.39
2026/08/25 02:59:32 - mmengine - INFO -     energy |    93.14 |    40.33 |    26.35
2026/08/25 02:59:34 - mmengine - INFO -    entropy |    92.10 |    38.71 |    31.29
2026/08/25 02:59:36 - mmengine - INFO -  group_msp |    90.19 |    20.33 |    31.68
2026/08/25 02:59:38 - mmengine - INFO - group_maxlogit |    93.20 |    41.73 |    26.63
2026/08/25 02:59:40 - mmengine - INFO - group_odin |    31.82 |     2.00 |    94.13
2026/08/25 02:59:42 - mmengine - INFO - group_energy |    93.23 |    41.15 |    26.45
2026/08/25 02:59:44 - mmengine - INFO - group_entropy |    91.15 |    28.14 |    31.05
2026/08/25 02:59:46 - mmengine - INFO -     gn_msp |    91.20 |    24.01 |    26.13
2026/08/25 02:59:48 - mmengine - INFO - gn_maxlogit |    93.45 |    41.11 |    24.67
2026/08/25 02:59:51 - mmengine - INFO -    gn_odin |    81.82 |    15.93 |    78.84
2026/08/25 02:59:53 - mmengine - INFO -  gn_energy |    93.48 |    40.77 |    24.45
2026/08/25 02:59:55 - mmengine - INFO - gn_entropy |    90.57 |    16.77 |    26.13
2026/08/25 02:59:57 - mmengine - INFO - m2_cn_gn_energy |    92.98 |    40.86 |    27.62
2026/08/25 02:59:59 - mmengine - INFO - m2_cn_gn_entropy |    89.00 |    20.01 |    55.24
2026/08/25 03:00:01 - mmengine - INFO - m2_cn_gn_maxlogit |    92.89 |    41.22 |    27.91
2026/08/25 03:00:03 - mmengine - INFO - m2_cn_gn_msp |    89.06 |    21.87 |    55.24
2026/08/25 03:00:05 - mmengine - INFO - m2_cn_gn_odin |    66.70 |     6.01 |    71.66
2026/08/25 03:00:07 - mmengine - INFO - m2_cn_group_energy |    93.28 |    40.68 |    26.37
2026/08/25 03:00:09 - mmengine - INFO - m2_cn_group_entropy |    92.53 |    23.07 |    25.12
2026/08/25 03:00:11 - mmengine - INFO - m2_cn_group_maxlogit |    93.20 |    41.73 |    26.63
2026/08/25 03:00:13 - mmengine - INFO - m2_cn_group_msp |    92.10 |    19.80 |    25.48
2026/08/25 03:00:15 - mmengine - INFO - m2_cn_group_odin |    44.16 |     2.47 |    71.66
2026/08/25 03:00:17 - mmengine - INFO - m2_co_gn_energy |    93.45 |    38.68 |    23.70
2026/08/25 03:00:19 - mmengine - INFO - m2_co_gn_entropy |    89.71 |    15.61 |    27.59
2026/08/25 03:00:21 - mmengine - INFO - m2_co_gn_maxlogit |    93.44 |    39.06 |    23.99
2026/08/25 03:00:23 - mmengine - INFO - m2_co_gn_msp |    90.56 |    24.08 |    27.59
2026/08/25 03:00:25 - mmengine - INFO - m2_co_gn_odin |    89.16 |    16.85 |    32.22
2026/08/25 03:00:27 - mmengine - INFO - m2_co_group_energy |    93.22 |    41.43 |    26.45
2026/08/25 03:00:29 - mmengine - INFO - m2_co_group_entropy |    90.64 |    24.90 |    31.56
2026/08/25 03:00:31 - mmengine - INFO - m2_co_group_maxlogit |    93.20 |    41.73 |    26.63
2026/08/25 03:00:33 - mmengine - INFO - m2_co_group_msp |    89.87 |    18.97 |    32.11
2026/08/25 03:00:35 - mmengine - INFO - m2_co_group_odin |    32.29 |     2.00 |    89.36
2026/08/25 03:00:37 - mmengine - INFO - m2_no_gn_energy |    93.11 |    41.27 |    27.16
2026/08/25 03:00:39 - mmengine - INFO - m2_no_gn_entropy |    82.13 |    13.64 |    57.11
2026/08/25 03:00:41 - mmengine - INFO - m2_no_gn_maxlogit |    93.09 |    41.27 |    27.36
2026/08/25 03:00:43 - mmengine - INFO - m2_no_gn_msp |    82.36 |    17.57 |    57.11
2026/08/25 03:00:45 - mmengine - INFO - m2_no_gn_odin |    79.30 |    14.82 |    83.97
2026/08/25 03:00:47 - mmengine - INFO - m2_no_group_energy |    93.22 |    41.80 |    26.46
2026/08/25 03:00:49 - mmengine - INFO - m2_no_group_entropy |    90.74 |    27.03 |    33.14
2026/08/25 03:00:51 - mmengine - INFO - m2_no_group_maxlogit |    93.20 |    41.73 |    26.63
2026/08/25 03:00:53 - mmengine - INFO - m2_no_group_msp |    89.92 |    20.13 |    33.86
2026/08/25 03:00:55 - mmengine - INFO - m2_no_group_odin |    58.06 |     4.35 |    65.91
2026/08/25 03:00:57 - mmengine - INFO - m3_vcn_gn_energy |    92.96 |    40.40 |    27.67
2026/08/25 03:00:59 - mmengine - INFO - m3_vcn_gn_entropy |    84.14 |    15.10 |    55.72
2026/08/25 03:01:01 - mmengine - INFO - m3_vcn_gn_maxlogit |    92.97 |    41.48 |    28.04
2026/08/25 03:01:03 - mmengine - INFO - m3_vcn_gn_msp |    88.03 |    17.09 |    55.72
2026/08/25 03:01:05 - mmengine - INFO - m3_vcn_gn_odin |    73.54 |     6.33 |    81.72
2026/08/25 03:01:07 - mmengine - INFO - m3_vcn_group_energy |    93.17 |    40.39 |    26.39
2026/08/25 03:01:09 - mmengine - INFO - m3_vcn_group_entropy |    88.81 |    15.02 |    35.18
2026/08/25 03:01:11 - mmengine - INFO - m3_vcn_group_maxlogit |    93.20 |    41.73 |    26.63
2026/08/25 03:01:13 - mmengine - INFO - m3_vcn_group_msp |    88.44 |    13.88 |    35.59
2026/08/25 03:01:15 - mmengine - INFO - m3_vcn_group_odin |    36.96 |     2.19 |    81.85
2026/08/25 03:01:17 - mmengine - INFO - m3_vco_gn_energy |    93.56 |    37.12 |    22.58
2026/08/25 03:01:19 - mmengine - INFO - m3_vco_gn_entropy |    83.45 |     9.00 |    27.59
2026/08/25 03:01:21 - mmengine - INFO - m3_vco_gn_maxlogit |    93.63 |    38.15 |    22.92
2026/08/25 03:01:23 - mmengine - INFO - m3_vco_gn_msp |    89.12 |    19.59 |    27.59
2026/08/25 03:01:25 - mmengine - INFO - m3_vco_gn_odin |    88.26 |    12.26 |    28.29
2026/08/25 03:01:27 - mmengine - INFO - m3_vco_group_energy |    93.13 |    41.13 |    26.47
2026/08/25 03:01:29 - mmengine - INFO - m3_vco_group_entropy |    86.51 |    17.37 |    46.33
2026/08/25 03:01:31 - mmengine - INFO - m3_vco_group_maxlogit |    93.20 |    41.73 |    26.63
2026/08/25 03:01:33 - mmengine - INFO - m3_vco_group_msp |    86.00 |    14.64 |    46.93
2026/08/25 03:01:35 - mmengine - INFO - m3_vco_group_odin |    17.14 |     1.64 |    99.52
2026/08/25 03:01:37 - mmengine - INFO - m3_vgc_gn_energy |    92.92 |    37.79 |    26.35
2026/08/25 03:01:39 - mmengine - INFO - m3_vgc_gn_entropy |    61.05 |     6.30 |    65.27
2026/08/25 03:01:41 - mmengine - INFO - m3_vgc_gn_maxlogit |    93.02 |    39.53 |    26.29
2026/08/25 03:01:43 - mmengine - INFO - m3_vgc_gn_msp |    82.94 |    16.61 |    65.26
2026/08/25 03:01:45 - mmengine - INFO - m3_vgc_gn_odin |    61.67 |     3.48 |    67.12
2026/08/25 03:01:47 - mmengine - INFO - m3_vgc_group_energy |    93.09 |    39.56 |    26.47
2026/08/25 03:01:49 - mmengine - INFO - m3_vgc_group_entropy |    86.12 |    17.24 |    45.66
2026/08/25 03:01:51 - mmengine - INFO - m3_vgc_group_maxlogit |    93.20 |    41.73 |    26.63
2026/08/25 03:01:53 - mmengine - INFO - m3_vgc_group_msp |    85.55 |    13.40 |    46.09
2026/08/25 03:01:55 - mmengine - INFO - m3_vgc_group_odin |    39.31 |     2.23 |    99.33
2026/08/25 03:01:57 - mmengine - INFO - m3_vgn_gn_energy |    92.50 |    42.33 |    31.67
2026/08/25 03:01:59 - mmengine - INFO - m3_vgn_gn_entropy |    54.10 |     9.80 |    93.01
2026/08/25 03:02:01 - mmengine - INFO - m3_vgn_gn_maxlogit |    92.45 |    43.19 |    31.50
2026/08/25 03:02:03 - mmengine - INFO - m3_vgn_gn_msp |    56.49 |    12.86 |    93.01
2026/08/25 03:02:05 - mmengine - INFO - m3_vgn_gn_odin |    69.48 |     6.01 |    93.42
2026/08/25 03:02:07 - mmengine - INFO - m3_vgn_group_energy |    93.22 |    40.96 |    26.36
2026/08/25 03:02:09 - mmengine - INFO - m3_vgn_group_entropy |    92.04 |    27.35 |    29.75
2026/08/25 03:02:11 - mmengine - INFO - m3_vgn_group_maxlogit |    93.20 |    41.73 |    26.63
2026/08/25 03:02:13 - mmengine - INFO - m3_vgn_group_msp |    91.74 |    22.62 |    29.77
2026/08/25 03:02:15 - mmengine - INFO - m3_vgn_group_odin |    71.42 |     4.77 |    54.35
2026/08/25 03:02:17 - mmengine - INFO - m3_vgo_gn_energy |    93.13 |    40.72 |    27.12
2026/08/25 03:02:19 - mmengine - INFO - m3_vgo_gn_entropy |    66.61 |     8.91 |    66.89
2026/08/25 03:02:21 - mmengine - INFO - m3_vgo_gn_maxlogit |    93.12 |    40.99 |    27.11
2026/08/25 03:02:23 - mmengine - INFO - m3_vgo_gn_msp |    65.76 |    12.11 |    66.88
2026/08/25 03:02:25 - mmengine - INFO - m3_vgo_gn_odin |    67.93 |     5.93 |    78.87
2026/08/25 03:02:27 - mmengine - INFO - m3_vgo_group_energy |    93.23 |    41.70 |    26.44
2026/08/25 03:02:29 - mmengine - INFO - m3_vgo_group_entropy |    90.78 |    25.88 |    31.64
2026/08/25 03:02:31 - mmengine - INFO - m3_vgo_group_maxlogit |    93.20 |    41.73 |    26.63
2026/08/25 03:02:33 - mmengine - INFO - m3_vgo_group_msp |    90.18 |    20.38 |    31.77
2026/08/25 03:02:35 - mmengine - INFO - m3_vgo_group_odin |    56.73 |     3.12 |    56.96
2026/08/25 03:02:37 - mmengine - INFO - m3_vhc_gn_energy |    93.54 |    37.98 |    22.82
2026/08/25 03:02:39 - mmengine - INFO - m3_vhc_gn_entropy |    88.44 |    12.91 |    26.38
2026/08/25 03:02:41 - mmengine - INFO - m3_vhc_gn_maxlogit |    93.61 |    39.12 |    23.10
2026/08/25 03:02:43 - mmengine - INFO - m3_vhc_gn_msp |    90.23 |    22.19 |    26.37
2026/08/25 03:02:45 - mmengine - INFO - m3_vhc_gn_odin |    88.09 |    11.42 |    28.05
2026/08/25 03:02:47 - mmengine - INFO - m3_vhc_group_energy |    93.13 |    40.64 |    26.46
2026/08/25 03:02:49 - mmengine - INFO - m3_vhc_group_entropy |    87.98 |    22.05 |    40.98
2026/08/25 03:02:51 - mmengine - INFO - m3_vhc_group_maxlogit |    93.20 |    41.73 |    26.63
2026/08/25 03:02:53 - mmengine - INFO - m3_vhc_group_msp |    87.20 |    16.22 |    41.52
2026/08/25 03:02:55 - mmengine - INFO - m3_vhc_group_odin |    16.56 |     1.63 |    99.94
2026/08/25 03:02:57 - mmengine - INFO - m3_vhg_gn_energy |    93.18 |    41.48 |    26.63
2026/08/25 03:02:58 - mmengine - INFO - m3_vhg_gn_entropy |    70.72 |    10.65 |    65.85
2026/08/25 03:03:01 - mmengine - INFO - m3_vhg_gn_maxlogit |    93.17 |    41.90 |    26.62
2026/08/25 03:03:02 - mmengine - INFO - m3_vhg_gn_msp |    70.30 |    14.85 |    65.84
2026/08/25 03:03:05 - mmengine - INFO - m3_vhg_gn_odin |    64.89 |     5.07 |    78.87
2026/08/25 03:03:06 - mmengine - INFO - m3_vhg_group_energy |    93.23 |    41.16 |    26.44
2026/08/25 03:03:09 - mmengine - INFO - m3_vhg_group_entropy |    90.95 |    27.12 |    31.48
2026/08/25 03:03:10 - mmengine - INFO - m3_vhg_group_maxlogit |    93.20 |    41.73 |    26.63
2026/08/25 03:03:12 - mmengine - INFO - m3_vhg_group_msp |    90.16 |    20.09 |    31.79
2026/08/25 03:03:14 - mmengine - INFO - m3_vhg_group_odin |    54.89 |     2.99 |    58.28
2026/08/25 03:03:16 - mmengine - INFO - m3_vhn_gn_energy |    93.04 |    41.51 |    28.26
2026/08/25 03:03:18 - mmengine - INFO - m3_vhn_gn_entropy |    76.54 |    11.08 |    56.27
2026/08/25 03:03:20 - mmengine - INFO - m3_vhn_gn_maxlogit |    93.03 |    42.07 |    28.31
2026/08/25 03:03:22 - mmengine - INFO - m3_vhn_gn_msp |    76.79 |    13.43 |    56.27
2026/08/25 03:03:24 - mmengine - INFO - m3_vhn_gn_odin |    68.52 |     5.63 |    94.11
2026/08/25 03:03:26 - mmengine - INFO - m3_vhn_group_energy |    93.21 |    41.49 |    26.45
2026/08/25 03:03:28 - mmengine - INFO - m3_vhn_group_entropy |    90.68 |    26.44 |    31.82
2026/08/25 03:03:30 - mmengine - INFO - m3_vhn_group_maxlogit |    93.20 |    41.73 |    26.63
2026/08/25 03:03:32 - mmengine - INFO - m3_vhn_group_msp |    89.99 |    19.46 |    32.22
2026/08/25 03:03:34 - mmengine - INFO - m3_vhn_group_odin |    52.82 |     3.67 |    97.06
2026/08/25 03:03:36 - mmengine - INFO - m3_vho_gn_energy |    93.85 |    40.34 |    23.00
2026/08/25 03:03:38 - mmengine - INFO - m3_vho_gn_entropy |    89.52 |    14.57 |    27.86
2026/08/25 03:03:40 - mmengine - INFO - m3_vho_gn_maxlogit |    93.81 |    40.55 |    23.25
2026/08/25 03:03:42 - mmengine - INFO - m3_vho_gn_msp |    90.26 |    23.08 |    27.86
2026/08/25 03:03:44 - mmengine - INFO - m3_vho_gn_odin |    81.57 |    15.01 |    78.83
2026/08/25 03:03:46 - mmengine - INFO - m3_vho_group_energy |    93.24 |    41.90 |    26.45
2026/08/25 03:03:48 - mmengine - INFO - m3_vho_group_entropy |    90.98 |    29.93 |    31.55
2026/08/25 03:03:50 - mmengine - INFO - m3_vho_group_maxlogit |    93.20 |    41.73 |    26.63
2026/08/25 03:03:52 - mmengine - INFO - m3_vho_group_msp |    90.17 |    21.08 |    31.91
2026/08/25 03:03:54 - mmengine - INFO - m3_vho_group_odin |    41.08 |     2.25 |    97.11
2026/08/25 03:03:55 - mmengine - INFO - Epoch(test) [980/980]    ood/msp_AUROC: 90.4207  ood/msp_AP: 28.2728  ood/msp_FPR95: 32.3161  ood/maxlogit_AUROC: 93.1954  ood/maxlogit_AP: 41.7321  ood/maxlogit_FPR95: 26.6318  ood/odin_AUROC: 94.8564  ood/odin_AP: 44.5884  ood/odin_FPR95: 23.3896  ood/energy_AUROC: 93.1389  ood/energy_AP: 40.3339  ood/energy_FPR95: 26.3465  ood/entropy_AUROC: 92.1024  ood/entropy_AP: 38.7111  ood/entropy_FPR95: 31.2887  ood/group_msp_AUROC: 90.1908  ood/group_msp_AP: 20.3266  ood/group_msp_FPR95: 31.6846  ood/group_maxlogit_AUROC: 93.1954  ood/group_maxlogit_AP: 41.7321  ood/group_maxlogit_FPR95: 26.6318  ood/group_odin_AUROC: 31.8158  ood/group_odin_AP: 1.9950  ood/group_odin_FPR95: 94.1269  ood/group_energy_AUROC: 93.2323  ood/group_energy_AP: 41.1506  ood/group_energy_FPR95: 26.4467  ood/group_entropy_AUROC: 91.1538  ood/group_entropy_AP: 28.1397  ood/group_entropy_FPR95: 31.0538  ood/gn_msp_AUROC: 91.1951  ood/gn_msp_AP: 24.0135  ood/gn_msp_FPR95: 26.1316  ood/gn_maxlogit_AUROC: 93.4507  ood/gn_maxlogit_AP: 41.1148  ood/gn_maxlogit_FPR95: 24.6704  ood/gn_odin_AUROC: 81.8152  ood/gn_odin_AP: 15.9283  ood/gn_odin_FPR95: 78.8432  ood/gn_energy_AUROC: 93.4820  ood/gn_energy_AP: 40.7655  ood/gn_energy_FPR95: 24.4541  ood/gn_entropy_AUROC: 90.5661  ood/gn_entropy_AP: 16.7744  ood/gn_entropy_FPR95: 26.1316  ood/m2_cn_gn_energy_AUROC: 92.9829  ood/m2_cn_gn_energy_AP: 40.8602  ood/m2_cn_gn_energy_FPR95: 27.6220  ood/m2_cn_gn_entropy_AUROC: 88.9958  ood/m2_cn_gn_entropy_AP: 20.0073  ood/m2_cn_gn_entropy_FPR95: 55.2392  ood/m2_cn_gn_maxlogit_AUROC: 92.8917  ood/m2_cn_gn_maxlogit_AP: 41.2165  ood/m2_cn_gn_maxlogit_FPR95: 27.9083  ood/m2_cn_gn_msp_AUROC: 89.0603  ood/m2_cn_gn_msp_AP: 21.8744  ood/m2_cn_gn_msp_FPR95: 55.2392  ood/m2_cn_gn_odin_AUROC: 66.7023  ood/m2_cn_gn_odin_AP: 6.0104  ood/m2_cn_gn_odin_FPR95: 71.6616  ood/m2_cn_group_energy_AUROC: 93.2754  ood/m2_cn_group_energy_AP: 40.6768  ood/m2_cn_group_energy_FPR95: 26.3711  ood/m2_cn_group_entropy_AUROC: 92.5337  ood/m2_cn_group_entropy_AP: 23.0750  ood/m2_cn_group_entropy_FPR95: 25.1195  ood/m2_cn_group_maxlogit_AUROC: 93.1954  ood/m2_cn_group_maxlogit_AP: 41.7321  ood/m2_cn_group_maxlogit_FPR95: 26.6318  ood/m2_cn_group_msp_AUROC: 92.0997  ood/m2_cn_group_msp_AP: 19.7999  ood/m2_cn_group_msp_FPR95: 25.4789  ood/m2_cn_group_odin_AUROC: 44.1566  ood/m2_cn_group_odin_AP: 2.4707  ood/m2_cn_group_odin_FPR95: 71.6616  ood/m2_co_gn_energy_AUROC: 93.4511  ood/m2_co_gn_energy_AP: 38.6831  ood/m2_co_gn_energy_FPR95: 23.7046  ood/m2_co_gn_entropy_AUROC: 89.7066  ood/m2_co_gn_entropy_AP: 15.6082  ood/m2_co_gn_entropy_FPR95: 27.5930  ood/m2_co_gn_maxlogit_AUROC: 93.4427  ood/m2_co_gn_maxlogit_AP: 39.0560  ood/m2_co_gn_maxlogit_FPR95: 23.9857  ood/m2_co_gn_msp_AUROC: 90.5616  ood/m2_co_gn_msp_AP: 24.0832  ood/m2_co_gn_msp_FPR95: 27.5929  ood/m2_co_gn_odin_AUROC: 89.1571  ood/m2_co_gn_odin_AP: 16.8536  ood/m2_co_gn_odin_FPR95: 32.2180  ood/m2_co_group_energy_AUROC: 93.2195  ood/m2_co_group_energy_AP: 41.4260  ood/m2_co_group_energy_FPR95: 26.4489  ood/m2_co_group_entropy_AUROC: 90.6445  ood/m2_co_group_entropy_AP: 24.9018  ood/m2_co_group_entropy_FPR95: 31.5586  ood/m2_co_group_maxlogit_AUROC: 93.1954  ood/m2_co_group_maxlogit_AP: 41.7321  ood/m2_co_group_maxlogit_FPR95: 26.6318  ood/m2_co_group_msp_AUROC: 89.8664  ood/m2_co_group_msp_AP: 18.9735  ood/m2_co_group_msp_FPR95: 32.1143  ood/m2_co_group_odin_AUROC: 32.2921  ood/m2_co_group_odin_AP: 2.0026  ood/m2_co_group_odin_FPR95: 89.3557  ood/m2_no_gn_energy_AUROC: 93.1116  ood/m2_no_gn_energy_AP: 41.2710  ood/m2_no_gn_energy_FPR95: 27.1553  ood/m2_no_gn_entropy_AUROC: 82.1251  ood/m2_no_gn_entropy_AP: 13.6448  ood/m2_no_gn_entropy_FPR95: 57.1130  ood/m2_no_gn_maxlogit_AUROC: 93.0873  ood/m2_no_gn_maxlogit_AP: 41.2747  ood/m2_no_gn_maxlogit_FPR95: 27.3566  ood/m2_no_gn_msp_AUROC: 82.3649  ood/m2_no_gn_msp_AP: 17.5714  ood/m2_no_gn_msp_FPR95: 57.1130  ood/m2_no_gn_odin_AUROC: 79.3044  ood/m2_no_gn_odin_AP: 14.8199  ood/m2_no_gn_odin_FPR95: 83.9717  ood/m2_no_group_energy_AUROC: 93.2232  ood/m2_no_group_energy_AP: 41.8009  ood/m2_no_group_energy_FPR95: 26.4647  ood/m2_no_group_entropy_AUROC: 90.7442  ood/m2_no_group_entropy_AP: 27.0271  ood/m2_no_group_entropy_FPR95: 33.1368  ood/m2_no_group_maxlogit_AUROC: 93.1954  ood/m2_no_group_maxlogit_AP: 41.7321  ood/m2_no_group_maxlogit_FPR95: 26.6318  ood/m2_no_group_msp_AUROC: 89.9228  ood/m2_no_group_msp_AP: 20.1256  ood/m2_no_group_msp_FPR95: 33.8566  ood/m2_no_group_odin_AUROC: 58.0593  ood/m2_no_group_odin_AP: 4.3526  ood/m2_no_group_odin_FPR95: 65.9101  ood/m3_vcn_gn_energy_AUROC: 92.9597  ood/m3_vcn_gn_energy_AP: 40.4019  ood/m3_vcn_gn_energy_FPR95: 27.6693  ood/m3_vcn_gn_entropy_AUROC: 84.1432  ood/m3_vcn_gn_entropy_AP: 15.1000  ood/m3_vcn_gn_entropy_FPR95: 55.7249  ood/m3_vcn_gn_maxlogit_AUROC: 92.9720  ood/m3_vcn_gn_maxlogit_AP: 41.4798  ood/m3_vcn_gn_maxlogit_FPR95: 28.0392  ood/m3_vcn_gn_msp_AUROC: 88.0339  ood/m3_vcn_gn_msp_AP: 17.0885  ood/m3_vcn_gn_msp_FPR95: 55.7234  ood/m3_vcn_gn_odin_AUROC: 73.5437  ood/m3_vcn_gn_odin_AP: 6.3341  ood/m3_vcn_gn_odin_FPR95: 81.7215  ood/m3_vcn_group_energy_AUROC: 93.1709  ood/m3_vcn_group_energy_AP: 40.3888  ood/m3_vcn_group_energy_FPR95: 26.3931  ood/m3_vcn_group_entropy_AUROC: 88.8065  ood/m3_vcn_group_entropy_AP: 15.0159  ood/m3_vcn_group_entropy_FPR95: 35.1845  ood/m3_vcn_group_maxlogit_AUROC: 93.1954  ood/m3_vcn_group_maxlogit_AP: 41.7321  ood/m3_vcn_group_maxlogit_FPR95: 26.6318  ood/m3_vcn_group_msp_AUROC: 88.4417  ood/m3_vcn_group_msp_AP: 13.8759  ood/m3_vcn_group_msp_FPR95: 35.5924  ood/m3_vcn_group_odin_AUROC: 36.9603  ood/m3_vcn_group_odin_AP: 2.1934  ood/m3_vcn_group_odin_FPR95: 81.8546  ood/m3_vco_gn_energy_AUROC: 93.5565  ood/m3_vco_gn_energy_AP: 37.1194  ood/m3_vco_gn_energy_FPR95: 22.5756  ood/m3_vco_gn_entropy_AUROC: 83.4507  ood/m3_vco_gn_entropy_AP: 8.9976  ood/m3_vco_gn_entropy_FPR95: 27.5942  ood/m3_vco_gn_maxlogit_AUROC: 93.6345  ood/m3_vco_gn_maxlogit_AP: 38.1481  ood/m3_vco_gn_maxlogit_FPR95: 22.9158  ood/m3_vco_gn_msp_AUROC: 89.1228  ood/m3_vco_gn_msp_AP: 19.5909  ood/m3_vco_gn_msp_FPR95: 27.5929  ood/m3_vco_gn_odin_AUROC: 88.2609  ood/m3_vco_gn_odin_AP: 12.2629  ood/m3_vco_gn_odin_FPR95: 28.2927  ood/m3_vco_group_energy_AUROC: 93.1260  ood/m3_vco_group_energy_AP: 41.1307  ood/m3_vco_group_energy_FPR95: 26.4678  ood/m3_vco_group_entropy_AUROC: 86.5122  ood/m3_vco_group_entropy_AP: 17.3722  ood/m3_vco_group_entropy_FPR95: 46.3293  ood/m3_vco_group_maxlogit_AUROC: 93.1954  ood/m3_vco_group_maxlogit_AP: 41.7321  ood/m3_vco_group_maxlogit_FPR95: 26.6318  ood/m3_vco_group_msp_AUROC: 86.0038  ood/m3_vco_group_msp_AP: 14.6377  ood/m3_vco_group_msp_FPR95: 46.9253  ood/m3_vco_group_odin_AUROC: 17.1368  ood/m3_vco_group_odin_AP: 1.6449  ood/m3_vco_group_odin_FPR95: 99.5225  ood/m3_vgc_gn_energy_AUROC: 92.9156  ood/m3_vgc_gn_energy_AP: 37.7869  ood/m3_vgc_gn_energy_FPR95: 26.3496  ood/m3_vgc_gn_entropy_AUROC: 61.0511  ood/m3_vgc_gn_entropy_AP: 6.2994  ood/m3_vgc_gn_entropy_FPR95: 65.2730  ood/m3_vgc_gn_maxlogit_AUROC: 93.0232  ood/m3_vgc_gn_maxlogit_AP: 39.5289  ood/m3_vgc_gn_maxlogit_FPR95: 26.2880  ood/m3_vgc_gn_msp_AUROC: 82.9352  ood/m3_vgc_gn_msp_AP: 16.6104  ood/m3_vgc_gn_msp_FPR95: 65.2573  ood/m3_vgc_gn_odin_AUROC: 61.6655  ood/m3_vgc_gn_odin_AP: 3.4803  ood/m3_vgc_gn_odin_FPR95: 67.1219  ood/m3_vgc_group_energy_AUROC: 93.0899  ood/m3_vgc_group_energy_AP: 39.5564  ood/m3_vgc_group_energy_FPR95: 26.4657  ood/m3_vgc_group_entropy_AUROC: 86.1197  ood/m3_vgc_group_entropy_AP: 17.2355  ood/m3_vgc_group_entropy_FPR95: 45.6631  ood/m3_vgc_group_maxlogit_AUROC: 93.1954  ood/m3_vgc_group_maxlogit_AP: 41.7321  ood/m3_vgc_group_maxlogit_FPR95: 26.6318  ood/m3_vgc_group_msp_AUROC: 85.5510  ood/m3_vgc_group_msp_AP: 13.3975  ood/m3_vgc_group_msp_FPR95: 46.0863  ood/m3_vgc_group_odin_AUROC: 39.3113  ood/m3_vgc_group_odin_AP: 2.2263  ood/m3_vgc_group_odin_FPR95: 99.3302  ood/m3_vgn_gn_energy_AUROC: 92.4991  ood/m3_vgn_gn_energy_AP: 42.3256  ood/m3_vgn_gn_energy_FPR95: 31.6705  ood/m3_vgn_gn_entropy_AUROC: 54.0979  ood/m3_vgn_gn_entropy_AP: 9.8035  ood/m3_vgn_gn_entropy_FPR95: 93.0149  ood/m3_vgn_gn_maxlogit_AUROC: 92.4475  ood/m3_vgn_gn_maxlogit_AP: 43.1927  ood/m3_vgn_gn_maxlogit_FPR95: 31.4987  ood/m3_vgn_gn_msp_AUROC: 56.4923  ood/m3_vgn_gn_msp_AP: 12.8580  ood/m3_vgn_gn_msp_FPR95: 93.0053  ood/m3_vgn_gn_odin_AUROC: 69.4849  ood/m3_vgn_gn_odin_AP: 6.0095  ood/m3_vgn_gn_odin_FPR95: 93.4176  ood/m3_vgn_group_energy_AUROC: 93.2191  ood/m3_vgn_group_energy_AP: 40.9575  ood/m3_vgn_group_energy_FPR95: 26.3632  ood/m3_vgn_group_entropy_AUROC: 92.0362  ood/m3_vgn_group_entropy_AP: 27.3538  ood/m3_vgn_group_entropy_FPR95: 29.7491  ood/m3_vgn_group_maxlogit_AUROC: 93.1954  ood/m3_vgn_group_maxlogit_AP: 41.7321  ood/m3_vgn_group_maxlogit_FPR95: 26.6318  ood/m3_vgn_group_msp_AUROC: 91.7397  ood/m3_vgn_group_msp_AP: 22.6171  ood/m3_vgn_group_msp_FPR95: 29.7668  ood/m3_vgn_group_odin_AUROC: 71.4171  ood/m3_vgn_group_odin_AP: 4.7692  ood/m3_vgn_group_odin_FPR95: 54.3503  ood/m3_vgo_gn_energy_AUROC: 93.1283  ood/m3_vgo_gn_energy_AP: 40.7175  ood/m3_vgo_gn_energy_FPR95: 27.1242  ood/m3_vgo_gn_entropy_AUROC: 66.6098  ood/m3_vgo_gn_entropy_AP: 8.9096  ood/m3_vgo_gn_entropy_FPR95: 66.8942  ood/m3_vgo_gn_maxlogit_AUROC: 93.1170  ood/m3_vgo_gn_maxlogit_AP: 40.9862  ood/m3_vgo_gn_maxlogit_FPR95: 27.1107  ood/m3_vgo_gn_msp_AUROC: 65.7639  ood/m3_vgo_gn_msp_AP: 12.1096  ood/m3_vgo_gn_msp_FPR95: 66.8802  ood/m3_vgo_gn_odin_AUROC: 67.9288  ood/m3_vgo_gn_odin_AP: 5.9308  ood/m3_vgo_gn_odin_FPR95: 78.8718  ood/m3_vgo_group_energy_AUROC: 93.2301  ood/m3_vgo_group_energy_AP: 41.6993  ood/m3_vgo_group_energy_FPR95: 26.4441  ood/m3_vgo_group_entropy_AUROC: 90.7842  ood/m3_vgo_group_entropy_AP: 25.8774  ood/m3_vgo_group_entropy_FPR95: 31.6359  ood/m3_vgo_group_maxlogit_AUROC: 93.1954  ood/m3_vgo_group_maxlogit_AP: 41.7321  ood/m3_vgo_group_maxlogit_FPR95: 26.6318  ood/m3_vgo_group_msp_AUROC: 90.1793  ood/m3_vgo_group_msp_AP: 20.3825  ood/m3_vgo_group_msp_FPR95: 31.7696  ood/m3_vgo_group_odin_AUROC: 56.7296  ood/m3_vgo_group_odin_AP: 3.1219  ood/m3_vgo_group_odin_FPR95: 56.9617  ood/m3_vhc_gn_energy_AUROC: 93.5405  ood/m3_vhc_gn_energy_AP: 37.9810  ood/m3_vhc_gn_energy_FPR95: 22.8157  ood/m3_vhc_gn_entropy_AUROC: 88.4381  ood/m3_vhc_gn_entropy_AP: 12.9146  ood/m3_vhc_gn_entropy_FPR95: 26.3769  ood/m3_vhc_gn_maxlogit_AUROC: 93.6109  ood/m3_vhc_gn_maxlogit_AP: 39.1199  ood/m3_vhc_gn_maxlogit_FPR95: 23.1024  ood/m3_vhc_gn_msp_AUROC: 90.2275  ood/m3_vhc_gn_msp_AP: 22.1904  ood/m3_vhc_gn_msp_FPR95: 26.3729  ood/m3_vhc_gn_odin_AUROC: 88.0863  ood/m3_vhc_gn_odin_AP: 11.4224  ood/m3_vhc_gn_odin_FPR95: 28.0457  ood/m3_vhc_group_energy_AUROC: 93.1349  ood/m3_vhc_group_energy_AP: 40.6421  ood/m3_vhc_group_energy_FPR95: 26.4648  ood/m3_vhc_group_entropy_AUROC: 87.9792  ood/m3_vhc_group_entropy_AP: 22.0545  ood/m3_vhc_group_entropy_FPR95: 40.9759  ood/m3_vhc_group_maxlogit_AUROC: 93.1954  ood/m3_vhc_group_maxlogit_AP: 41.7321  ood/m3_vhc_group_maxlogit_FPR95: 26.6318  ood/m3_vhc_group_msp_AUROC: 87.2029  ood/m3_vhc_group_msp_AP: 16.2171  ood/m3_vhc_group_msp_FPR95: 41.5157  ood/m3_vhc_group_odin_AUROC: 16.5607  ood/m3_vhc_group_odin_AP: 1.6296  ood/m3_vhc_group_odin_FPR95: 99.9426  ood/m3_vhg_gn_energy_AUROC: 93.1806  ood/m3_vhg_gn_energy_AP: 41.4755  ood/m3_vhg_gn_energy_FPR95: 26.6258  ood/m3_vhg_gn_entropy_AUROC: 70.7187  ood/m3_vhg_gn_entropy_AP: 10.6452  ood/m3_vhg_gn_entropy_FPR95: 65.8516  ood/m3_vhg_gn_maxlogit_AUROC: 93.1652  ood/m3_vhg_gn_maxlogit_AP: 41.9034  ood/m3_vhg_gn_maxlogit_FPR95: 26.6159  ood/m3_vhg_gn_msp_AUROC: 70.3045  ood/m3_vhg_gn_msp_AP: 14.8518  ood/m3_vhg_gn_msp_FPR95: 65.8361  ood/m3_vhg_gn_odin_AUROC: 64.8913  ood/m3_vhg_gn_odin_AP: 5.0683  ood/m3_vhg_gn_odin_FPR95: 78.8717  ood/m3_vhg_group_energy_AUROC: 93.2263  ood/m3_vhg_group_energy_AP: 41.1552  ood/m3_vhg_group_energy_FPR95: 26.4443  ood/m3_vhg_group_entropy_AUROC: 90.9486  ood/m3_vhg_group_entropy_AP: 27.1177  ood/m3_vhg_group_entropy_FPR95: 31.4785  ood/m3_vhg_group_maxlogit_AUROC: 93.1954  ood/m3_vhg_group_maxlogit_AP: 41.7321  ood/m3_vhg_group_maxlogit_FPR95: 26.6318  ood/m3_vhg_group_msp_AUROC: 90.1619  ood/m3_vhg_group_msp_AP: 20.0856  ood/m3_vhg_group_msp_FPR95: 31.7873  ood/m3_vhg_group_odin_AUROC: 54.8910  ood/m3_vhg_group_odin_AP: 2.9872  ood/m3_vhg_group_odin_FPR95: 58.2827  ood/m3_vhn_gn_energy_AUROC: 93.0400  ood/m3_vhn_gn_energy_AP: 41.5109  ood/m3_vhn_gn_energy_FPR95: 28.2583  ood/m3_vhn_gn_entropy_AUROC: 76.5370  ood/m3_vhn_gn_entropy_AP: 11.0827  ood/m3_vhn_gn_entropy_FPR95: 56.2676  ood/m3_vhn_gn_maxlogit_AUROC: 93.0314  ood/m3_vhn_gn_maxlogit_AP: 42.0741  ood/m3_vhn_gn_maxlogit_FPR95: 28.3145  ood/m3_vhn_gn_msp_AUROC: 76.7854  ood/m3_vhn_gn_msp_AP: 13.4345  ood/m3_vhn_gn_msp_FPR95: 56.2651  ood/m3_vhn_gn_odin_AUROC: 68.5195  ood/m3_vhn_gn_odin_AP: 5.6344  ood/m3_vhn_gn_odin_FPR95: 94.1117  ood/m3_vhn_group_energy_AUROC: 93.2123  ood/m3_vhn_group_energy_AP: 41.4900  ood/m3_vhn_group_energy_FPR95: 26.4488  ood/m3_vhn_group_entropy_AUROC: 90.6829  ood/m3_vhn_group_entropy_AP: 26.4380  ood/m3_vhn_group_entropy_FPR95: 31.8198  ood/m3_vhn_group_maxlogit_AUROC: 93.1954  ood/m3_vhn_group_maxlogit_AP: 41.7321  ood/m3_vhn_group_maxlogit_FPR95: 26.6318  ood/m3_vhn_group_msp_AUROC: 89.9872  ood/m3_vhn_group_msp_AP: 19.4615  ood/m3_vhn_group_msp_FPR95: 32.2208  ood/m3_vhn_group_odin_AUROC: 52.8237  ood/m3_vhn_group_odin_AP: 3.6659  ood/m3_vhn_group_odin_FPR95: 97.0591  ood/m3_vho_gn_energy_AUROC: 93.8485  ood/m3_vho_gn_energy_AP: 40.3383  ood/m3_vho_gn_energy_FPR95: 22.9977  ood/m3_vho_gn_entropy_AUROC: 89.5219  ood/m3_vho_gn_entropy_AP: 14.5691  ood/m3_vho_gn_entropy_FPR95: 27.8589  ood/m3_vho_gn_maxlogit_AUROC: 93.8147  ood/m3_vho_gn_maxlogit_AP: 40.5505  ood/m3_vho_gn_maxlogit_FPR95: 23.2537  ood/m3_vho_gn_msp_AUROC: 90.2572  ood/m3_vho_gn_msp_AP: 23.0836  ood/m3_vho_gn_msp_FPR95: 27.8569  ood/m3_vho_gn_odin_AUROC: 81.5653  ood/m3_vho_gn_odin_AP: 15.0097  ood/m3_vho_gn_odin_FPR95: 78.8347  ood/m3_vho_group_energy_AUROC: 93.2366  ood/m3_vho_group_energy_AP: 41.9030  ood/m3_vho_group_energy_FPR95: 26.4457  ood/m3_vho_group_entropy_AUROC: 90.9770  ood/m3_vho_group_entropy_AP: 29.9320  ood/m3_vho_group_entropy_FPR95: 31.5489  ood/m3_vho_group_maxlogit_AUROC: 93.1954  ood/m3_vho_group_maxlogit_AP: 41.7321  ood/m3_vho_group_maxlogit_FPR95: 26.6318  ood/m3_vho_group_msp_AUROC: 90.1697  ood/m3_vho_group_msp_AP: 21.0780  ood/m3_vho_group_msp_FPR95: 31.9107  ood/m3_vho_group_odin_AUROC: 41.0779  ood/m3_vho_group_odin_AP: 2.2491  ood/m3_vho_group_odin_FPR95: 97.1065  data_time: 0.0228  time: 0.2350
