2026/08/26 14:59:25 - mmengine - INFO - 
------------------------------------------------------------
System environment:
    sys.platform: linux
    Python: 3.8.20 (default, Oct  3 2024, 15:24:27) [GCC 11.2.0]
    CUDA available: True
    numpy_random_seed: 680151891
    GPU 0: NVIDIA RTX 6000 Ada Generation
    CUDA_HOME: /usr/local/cuda
    GCC: gcc (Ubuntu 11.4.0-1ubuntu1~22.04) 11.4.0
    PyTorch: 1.10.1+cu111
    PyTorch compiling details: PyTorch built with:
  - GCC 7.3
  - C++ Version: 201402
  - Intel(R) Math Kernel Library Version 2020.0.0 Product Build 20191122 for Intel(R) 64 architecture applications
  - Intel(R) MKL-DNN v2.2.3 (Git Hash 7336ca9f055cf1bfa13efb658fe15dc9b41f0740)
  - OpenMP 201511 (a.k.a. OpenMP 4.5)
  - LAPACK is enabled (usually provided by MKL)
  - NNPACK is enabled
  - CPU capability usage: AVX2
  - CUDA Runtime 11.1
  - NVCC architecture flags: -gencode;arch=compute_37,code=sm_37;-gencode;arch=compute_50,code=sm_50;-gencode;arch=compute_60,code=sm_60;-gencode;arch=compute_70,code=sm_70;-gencode;arch=compute_75,code=sm_75;-gencode;arch=compute_80,code=sm_80;-gencode;arch=compute_86,code=sm_86
  - CuDNN 8.0.5
  - Magma 2.5.2
  - Build settings: BLAS_INFO=mkl, BUILD_TYPE=Release, CUDA_VERSION=11.1, CUDNN_VERSION=8.0.5, CXX_COMPILER=/opt/rh/devtoolset-7/root/usr/bin/c++, CXX_FLAGS= -Wno-deprecated -fvisibility-inlines-hidden -DUSE_PTHREADPOOL -fopenmp -DNDEBUG -DUSE_KINETO -DUSE_FBGEMM -DUSE_QNNPACK -DUSE_PYTORCH_QNNPACK -DUSE_XNNPACK -DSYMBOLICATE_MOBILE_DEBUG_HANDLE -DEDGE_PROFILER_USE_KINETO -O2 -fPIC -Wno-narrowing -Wall -Wextra -Werror=return-type -Wno-missing-field-initializers -Wno-type-limits -Wno-array-bounds -Wno-unknown-pragmas -Wno-sign-compare -Wno-unused-parameter -Wno-unused-variable -Wno-unused-function -Wno-unused-result -Wno-unused-local-typedefs -Wno-strict-overflow -Wno-strict-aliasing -Wno-error=deprecated-declarations -Wno-stringop-overflow -Wno-psabi -Wno-error=pedantic -Wno-error=redundant-decls -Wno-error=old-style-cast -fdiagnostics-color=always -faligned-new -Wno-unused-but-set-variable -Wno-maybe-uninitialized -fno-math-errno -fno-trapping-math -Werror=format -Wno-stringop-overflow, LAPACK_INFO=mkl, PERF_WITH_AVX=1, PERF_WITH_AVX2=1, PERF_WITH_AVX512=1, TORCH_VERSION=1.10.1, USE_CUDA=ON, USE_CUDNN=ON, USE_EXCEPTION_PTR=1, USE_GFLAGS=OFF, USE_GLOG=OFF, USE_MKL=ON, USE_MKLDNN=ON, USE_MPI=OFF, USE_NCCL=ON, USE_NNPACK=ON, USE_OPENMP=ON, 

    TorchVision: 0.11.2+cu111
    OpenCV: 5.0.0
    MMEngine: 0.7.4

Runtime environment:
    cudnn_benchmark: False
    mp_cfg: {'mp_start_method': 'fork', 'opencv_num_threads': 0}
    dist_cfg: {'backend': 'nccl'}
    seed: 680151891
    Distributed launcher: none
    Distributed training: False
    GPU number: 1
------------------------------------------------------------

2026/08/26 14:59:26 - mmengine - INFO - Config:
dataset_type = '_DSODataset'
data_root = 'data/dso/'
class_names = [
    'car', 'bicycle', 'motorcycle', 'truck', 'bus', 'person', 'rider',
    'traffic-sign', 'traffic-cone', 'paved-road', 'unpaved-road', 'sidewalk',
    'building', 'window', 'perimeter-barrier', 'other-barrier',
    'overhead-bridge', 'gate', 'pole-like-object', 'drain', 'terrain',
    'trunks', 'vegetation', 'obscurant'
]
labels_map = dict({
    0: 24,
    1: 5,
    2: 6,
    3: 0,
    4: 3,
    5: 4,
    6: 2,
    7: 1,
    8: 9,
    9: 10,
    10: 11,
    11: 12,
    12: 13,
    13: 14,
    14: 15,
    15: 16,
    16: 17,
    17: 24,
    18: 18,
    19: 7,
    20: 8,
    21: 19,
    22: 20,
    23: 21,
    24: 22,
    27: 23,
    28: 24,
    29: 24,
    30: 24,
    255: 24
})
learning_map_inv = dict({
    0: 3,
    1: 7,
    2: 6,
    3: 4,
    4: 5,
    5: 1,
    6: 2,
    7: 19,
    8: 20,
    9: 8,
    10: 9,
    11: 10,
    12: 11,
    13: 12,
    14: 13,
    15: 14,
    16: 15,
    17: 16,
    18: 18,
    19: 21,
    20: 22,
    21: 23,
    22: 24,
    23: 27,
    24: 0
})
metainfo = dict(
    classes=[
        'car', 'bicycle', 'motorcycle', 'truck', 'bus', 'person', 'rider',
        'traffic-sign', 'traffic-cone', 'paved-road', 'unpaved-road',
        'sidewalk', 'building', 'window', 'perimeter-barrier', 'other-barrier',
        'overhead-bridge', 'gate', 'pole-like-object', 'drain', 'terrain',
        'trunks', 'vegetation', 'obscurant'
    ],
    seg_label_mapping=dict({
        0: 24,
        1: 5,
        2: 6,
        3: 0,
        4: 3,
        5: 4,
        6: 2,
        7: 1,
        8: 9,
        9: 10,
        10: 11,
        11: 12,
        12: 13,
        13: 14,
        14: 15,
        15: 16,
        16: 17,
        17: 24,
        18: 18,
        19: 7,
        20: 8,
        21: 19,
        22: 20,
        23: 21,
        24: 22,
        27: 23,
        28: 24,
        29: 24,
        30: 24,
        255: 24
    }),
    max_label=255)
input_modality = dict(use_lidar=True, use_camera=False)
backend_args = None
pre_transform = [
    dict(type='_LoadDSOPointsAndAnnotations'),
    dict(type='PointSegClassMapping')
]
train_pipeline = [
    dict(type='_LoadDSOPointsAndAnnotations'),
    dict(type='PointSegClassMapping'),
    dict(
        type='RandomChoice',
        transforms=[[{
            'type':
            '_LaserMix',
            'num_areas': [3, 4, 5, 6],
            'pitch_angles': [-12, 45],
            'pre_transform': [{
                'type': '_LoadDSOPointsAndAnnotations'
            }, {
                'type': 'PointSegClassMapping'
            }],
            'prob':
            0.5
        }],
                    [{
                        'type':
                        '_PolarMix',
                        'instance_classes': [0, 1, 2, 3, 4, 5, 6, 7, 8],
                        'swap_ratio':
                        0.5,
                        'rotate_paste_ratio':
                        1.0,
                        'pre_transform': [{
                            'type':
                            '_LoadDSOPointsAndAnnotations'
                        }, {
                            'type': 'PointSegClassMapping'
                        }],
                        'prob':
                        0.5
                    }]],
        prob=[0.2, 0.8]),
    dict(
        type='RandomFlip3D',
        sync_2d=False,
        flip_ratio_bev_horizontal=0.5,
        flip_ratio_bev_vertical=0.5),
    dict(
        type='GlobalRotScaleTrans',
        rot_range=[-0.78539816, 0.78539816],
        scale_ratio_range=[0.95, 1.05],
        translation_std=[0.1, 0.1, 0.1]),
    dict(
        type='Pack3DDetInputs',
        keys=['points', 'pts_semantic_mask', 'pts_instance_mask'])
]
test_pipeline = [
    dict(type='_LoadDSOPointsAndAnnotations'),
    dict(type='PointSegClassMapping'),
    dict(
        type='Pack3DDetInputs',
        keys=['points', 'pts_semantic_mask', 'pts_instance_mask'])
]
train_dataloader = dict(
    batch_size=1,
    num_workers=4,
    sampler=dict(type='DefaultSampler', shuffle=True),
    dataset=dict(
        type='RepeatDataset',
        times=1,
        dataset=dict(
            type='_DSODataset',
            data_root='data/dso/',
            data_prefix=dict(
                pts='',
                img='',
                pts_instance_mask='',
                pts_semantic_mask='',
                pts_panoptic_mask=''),
            ann_file='dso_infos_train.pkl',
            pipeline=[
                dict(type='_LoadDSOPointsAndAnnotations'),
                dict(type='PointSegClassMapping'),
                dict(
                    type='RandomChoice',
                    transforms=[[{
                        'type':
                        '_LaserMix',
                        'num_areas': [3, 4, 5, 6],
                        'pitch_angles': [-12, 45],
                        'pre_transform': [{
                            'type':
                            '_LoadDSOPointsAndAnnotations'
                        }, {
                            'type': 'PointSegClassMapping'
                        }],
                        'prob':
                        0.5
                    }],
                                [{
                                    'type':
                                    '_PolarMix',
                                    'instance_classes':
                                    [0, 1, 2, 3, 4, 5, 6, 7, 8],
                                    'swap_ratio':
                                    0.5,
                                    'rotate_paste_ratio':
                                    1.0,
                                    'pre_transform': [{
                                        'type':
                                        '_LoadDSOPointsAndAnnotations'
                                    }, {
                                        'type':
                                        'PointSegClassMapping'
                                    }],
                                    'prob':
                                    0.5
                                }]],
                    prob=[0.2, 0.8]),
                dict(
                    type='RandomFlip3D',
                    sync_2d=False,
                    flip_ratio_bev_horizontal=0.5,
                    flip_ratio_bev_vertical=0.5),
                dict(
                    type='GlobalRotScaleTrans',
                    rot_range=[-0.78539816, 0.78539816],
                    scale_ratio_range=[0.95, 1.05],
                    translation_std=[0.1, 0.1, 0.1]),
                dict(
                    type='Pack3DDetInputs',
                    keys=['points', 'pts_semantic_mask', 'pts_instance_mask'])
            ],
            metainfo=dict(
                classes=[
                    'car', 'bicycle', 'motorcycle', 'truck', 'bus', 'person',
                    'rider', 'traffic-sign', 'traffic-cone', 'paved-road',
                    'unpaved-road', 'sidewalk', 'building', 'window',
                    'perimeter-barrier', 'other-barrier', 'overhead-bridge',
                    'gate', 'pole-like-object', 'drain', 'terrain', 'trunks',
                    'vegetation', 'obscurant'
                ],
                seg_label_mapping=dict({
                    0: 24,
                    1: 5,
                    2: 6,
                    3: 0,
                    4: 3,
                    5: 4,
                    6: 2,
                    7: 1,
                    8: 9,
                    9: 10,
                    10: 11,
                    11: 12,
                    12: 13,
                    13: 14,
                    14: 15,
                    15: 16,
                    16: 17,
                    17: 24,
                    18: 18,
                    19: 7,
                    20: 8,
                    21: 19,
                    22: 20,
                    23: 21,
                    24: 22,
                    27: 23,
                    28: 24,
                    29: 24,
                    30: 24,
                    255: 24
                }),
                max_label=255),
            modality=dict(use_lidar=True, use_camera=False),
            ignore_index=24,
            backend_args=None)))
test_dataloader = dict(
    batch_size=1,
    num_workers=1,
    sampler=dict(type='DefaultSampler', shuffle=False),
    dataset=dict(
        type='RepeatDataset',
        times=1,
        dataset=dict(
            type='_DSODataset',
            data_root='data/dso/',
            data_prefix=dict(
                pts='',
                img='',
                pts_instance_mask='',
                pts_semantic_mask='',
                pts_panoptic_mask=''),
            ann_file='dso_infos_cetran.pkl',
            pipeline=[
                dict(type='_LoadDSOPointsAndAnnotations'),
                dict(type='PointSegClassMapping'),
                dict(
                    type='Pack3DDetInputs',
                    keys=['points', 'pts_semantic_mask', 'pts_instance_mask'])
            ],
            metainfo=dict(
                classes=[
                    'car', 'bicycle', 'motorcycle', 'truck', 'bus', 'person',
                    'rider', 'traffic-sign', 'traffic-cone', 'paved-road',
                    'unpaved-road', 'sidewalk', 'building', 'window',
                    'perimeter-barrier', 'other-barrier', 'overhead-bridge',
                    'gate', 'pole-like-object', 'drain', 'terrain', 'trunks',
                    'vegetation', 'obscurant'
                ],
                seg_label_mapping=dict({
                    0: 24,
                    1: 5,
                    2: 6,
                    3: 0,
                    4: 3,
                    5: 4,
                    6: 2,
                    7: 1,
                    8: 9,
                    9: 10,
                    10: 11,
                    11: 12,
                    12: 13,
                    13: 14,
                    14: 15,
                    15: 16,
                    16: 17,
                    17: 24,
                    18: 18,
                    19: 7,
                    20: 8,
                    21: 19,
                    22: 20,
                    23: 21,
                    24: 22,
                    27: 23,
                    28: 24,
                    29: 24,
                    30: 24,
                    255: 24
                }),
                max_label=255),
            modality=dict(use_lidar=True, use_camera=False),
            ignore_index=24,
            test_mode=True,
            backend_args=None)))
val_dataloader = dict(
    batch_size=1,
    num_workers=1,
    sampler=dict(type='DefaultSampler', shuffle=False),
    dataset=dict(
        type='RepeatDataset',
        times=1,
        dataset=dict(
            type='_DSODataset',
            data_root='data/dso/',
            data_prefix=dict(
                pts='',
                img='',
                pts_instance_mask='',
                pts_semantic_mask='',
                pts_panoptic_mask=''),
            ann_file='dso_infos_cetran.pkl',
            pipeline=[
                dict(type='_LoadDSOPointsAndAnnotations'),
                dict(type='PointSegClassMapping'),
                dict(
                    type='Pack3DDetInputs',
                    keys=['points', 'pts_semantic_mask', 'pts_instance_mask'])
            ],
            metainfo=dict(
                classes=[
                    'car', 'bicycle', 'motorcycle', 'truck', 'bus', 'person',
                    'rider', 'traffic-sign', 'traffic-cone', 'paved-road',
                    'unpaved-road', 'sidewalk', 'building', 'window',
                    'perimeter-barrier', 'other-barrier', 'overhead-bridge',
                    'gate', 'pole-like-object', 'drain', 'terrain', 'trunks',
                    'vegetation', 'obscurant'
                ],
                seg_label_mapping=dict({
                    0: 24,
                    1: 5,
                    2: 6,
                    3: 0,
                    4: 3,
                    5: 4,
                    6: 2,
                    7: 1,
                    8: 9,
                    9: 10,
                    10: 11,
                    11: 12,
                    12: 13,
                    13: 14,
                    14: 15,
                    15: 16,
                    16: 17,
                    17: 24,
                    18: 18,
                    19: 7,
                    20: 8,
                    21: 19,
                    22: 20,
                    23: 21,
                    24: 22,
                    27: 23,
                    28: 24,
                    29: 24,
                    30: 24,
                    255: 24
                }),
                max_label=255),
            modality=dict(use_lidar=True, use_camera=False),
            ignore_index=24,
            test_mode=True,
            backend_args=None)))
val_evaluator = [
    dict(
        type='_OODPointMetric',
        ood_raw_ids=[17, 28],
        seg_offset=65536,
        ignore_index=24)
]
test_evaluator = [
    dict(
        type='_OODPointMetric',
        ood_raw_ids=[17, 28],
        seg_offset=65536,
        ignore_index=24)
]
vis_backends = [dict(type='LocalVisBackend')]
visualizer = dict(
    type='Det3DLocalVisualizer',
    vis_backends=[dict(type='LocalVisBackend')],
    name='visualizer')
grid_shape = [480, 360, 32]
model = dict(
    type='_P3Former',
    data_preprocessor=dict(
        type='_Det3DDataPreprocessor',
        voxel=True,
        voxel_type='cylindrical',
        voxel_layer=dict(
            grid_shape=[480, 360, 32],
            point_cloud_range=[0, -3.14159265359, -3, 50, 3.14159265359, 13],
            max_num_points=-1,
            max_voxels=-1)),
    voxel_encoder=dict(
        type='SegVFE',
        feat_channels=[64, 128, 256, 256],
        in_channels=6,
        with_voxel_center=True,
        feat_compression=16,
        return_point_feats=False),
    backbone=dict(
        type='_Asymm3DSpconv',
        grid_size=[480, 360, 32],
        input_channels=16,
        base_channels=32,
        norm_cfg=dict(type='BN1d', eps=1e-05, momentum=0.1),
        more_conv=True,
        out_channels=256),
    decode_head=dict(
        type='_P3FormerHead',
        num_classes=25,
        num_queries=128,
        embed_dims=256,
        point_cloud_range=[0, -3.14159265359, -3, 50, 3.14159265359, 13],
        assigner_zero_layer_cfg=dict(
            type='mmdet.HungarianAssigner',
            match_costs=[
                dict(
                    type='mmdet.FocalLossCost',
                    weight=1.0,
                    binary_input=True,
                    gamma=2.0,
                    alpha=0.25),
                dict(type='mmdet.DiceCost', weight=2.0, pred_act=True)
            ]),
        assigner_cfg=dict(
            type='mmdet.HungarianAssigner',
            match_costs=[
                dict(
                    type='mmdet.FocalLossCost',
                    gamma=4.0,
                    alpha=0.25,
                    weight=1.0),
                dict(
                    type='mmdet.FocalLossCost',
                    weight=1.0,
                    binary_input=True,
                    gamma=2.0,
                    alpha=0.25),
                dict(type='mmdet.DiceCost', weight=2.0, pred_act=True)
            ]),
        sampler_cfg=dict(type='_MaskPseudoSampler'),
        loss_mask=dict(
            type='mmdet.FocalLoss',
            use_sigmoid=True,
            gamma=2.0,
            alpha=0.25,
            reduction='mean',
            loss_weight=1.0),
        loss_dice=dict(type='mmdet.DiceLoss', loss_weight=2.0),
        loss_cls=dict(
            type='mmdet.FocalLoss',
            use_sigmoid=True,
            gamma=4.0,
            alpha=0.25,
            loss_weight=1.0),
        num_decoder_layers=6,
        cls_channels=(256, 256, 25),
        mask_channels=(256, 256, 256, 256, 256),
        thing_class=[0, 1, 2, 3, 4, 5, 6, 7, 8],
        stuff_class=[
            9, 10, 11, 12, 13, 14, 15, 16, 17, 18, 19, 20, 21, 22, 23
        ],
        ignore_index=24,
        ood_cfg=dict(
            num_ood_logits=24,
            odin_temperature=1000.0,
            energy_temperature=1.0,
            class_groups=[[0, 1, 2, 3, 4], [5, 6], [9, 10, 11, 19],
                          [12, 13, 14, 15, 16, 17], [20, 21, 22],
                          [7, 8, 18, 23]],
            class_groups_variants=dict(
                p_vh_gcno=[[0, 1, 2, 3, 4, 5, 6],
                           [
                               9, 10, 11, 19, 12, 13, 14, 15, 16, 17, 20, 21,
                               22, 7, 8, 18, 23
                           ]],
                p_vh_gn_co=[[0, 1, 2, 3, 4, 5, 6], [9, 10, 11, 19, 20, 21, 22],
                            [12, 13, 14, 15, 16, 17, 7, 8, 18, 23]]))),
    train_cfg=None,
    test_cfg=dict(mode='whole'))
default_scope = 'mmdet3d'
default_hooks = dict(
    timer=dict(type='IterTimerHook'),
    logger=dict(type='LoggerHook', interval=50),
    param_scheduler=dict(type='ParamSchedulerHook'),
    checkpoint=dict(type='CheckpointHook', interval=5),
    sampler_seed=dict(type='DistSamplerSeedHook'),
    visualization=dict(type='Det3DVisualizationHook'))
env_cfg = dict(
    cudnn_benchmark=False,
    mp_cfg=dict(mp_start_method='fork', opencv_num_threads=0),
    dist_cfg=dict(backend='nccl'))
log_processor = dict(type='LogProcessor', window_size=50, by_epoch=True)
log_level = 'INFO'
load_from = 'work_dirs/p3former_2xb1_3x_dso/epoch_36.pth'
resume = False
point_cloud_range = [0, -3.14159265359, -3, 50, 3.14159265359, 13]
lr = 0.0008
optim_wrapper = dict(
    type='OptimWrapper',
    optimizer=dict(type='AdamW', lr=0.0008, weight_decay=0.01))
train_cfg = dict(type='EpochBasedTrainLoop', max_epochs=36, val_interval=1)
val_cfg = dict(type='ValLoop')
test_cfg = dict(type='TestLoop')
param_scheduler = [
    dict(
        type='MultiStepLR',
        begin=0,
        end=36,
        by_epoch=True,
        milestones=[24, 32],
        gamma=0.2)
]
custom_imports = dict(
    imports=[
        'p3former.backbones.cylinder3d',
        'p3former.data_preprocessors.data_preprocessor',
        'p3former.decode_heads.p3former_head', 'p3former.segmentors.p3former',
        'p3former.task_modules.samplers.mask_pseduo_sampler',
        'evaluation.metrics.panoptic_seg_metric',
        'evaluation.metrics.ood_metric', 'datasets.dso_dataset',
        'datasets.transforms.dso_loading', 'datasets.transforms.transforms_3d'
    ],
    allow_failed_imports=False)
launcher = 'none'
work_dir = 'work_dirs/p3former_2xb1_3x_dso_ood_hier/custom'

2026/08/26 14:59:32 - mmengine - INFO - Distributed training is not used, all SyncBatchNorm (SyncBN) layers in the model will be automatically reverted to BatchNormXd layers if they are used.
2026/08/26 14:59:32 - mmengine - INFO - Hooks will be executed in the following order:
before_run:
(VERY_HIGH   ) RuntimeInfoHook                    
(BELOW_NORMAL) LoggerHook                         
 -------------------- 
before_train:
(VERY_HIGH   ) RuntimeInfoHook                    
(NORMAL      ) IterTimerHook                      
(VERY_LOW    ) CheckpointHook                     
 -------------------- 
before_train_epoch:
(VERY_HIGH   ) RuntimeInfoHook                    
(NORMAL      ) IterTimerHook                      
(NORMAL      ) DistSamplerSeedHook                
 -------------------- 
before_train_iter:
(VERY_HIGH   ) RuntimeInfoHook                    
(NORMAL      ) IterTimerHook                      
 -------------------- 
after_train_iter:
(VERY_HIGH   ) RuntimeInfoHook                    
(NORMAL      ) IterTimerHook                      
(BELOW_NORMAL) LoggerHook                         
(LOW         ) ParamSchedulerHook                 
(VERY_LOW    ) CheckpointHook                     
 -------------------- 
after_train_epoch:
(NORMAL      ) IterTimerHook                      
(LOW         ) ParamSchedulerHook                 
(VERY_LOW    ) CheckpointHook                     
 -------------------- 
before_val_epoch:
(NORMAL      ) IterTimerHook                      
 -------------------- 
before_val_iter:
(NORMAL      ) IterTimerHook                      
 -------------------- 
after_val_iter:
(NORMAL      ) IterTimerHook                      
(NORMAL      ) Det3DVisualizationHook             
(BELOW_NORMAL) LoggerHook                         
 -------------------- 
after_val_epoch:
(VERY_HIGH   ) RuntimeInfoHook                    
(NORMAL      ) IterTimerHook                      
(BELOW_NORMAL) LoggerHook                         
(LOW         ) ParamSchedulerHook                 
(VERY_LOW    ) CheckpointHook                     
 -------------------- 
after_train:
(VERY_LOW    ) CheckpointHook                     
 -------------------- 
before_test_epoch:
(NORMAL      ) IterTimerHook                      
 -------------------- 
before_test_iter:
(NORMAL      ) IterTimerHook                      
 -------------------- 
after_test_iter:
(NORMAL      ) IterTimerHook                      
(NORMAL      ) Det3DVisualizationHook             
(BELOW_NORMAL) LoggerHook                         
 -------------------- 
after_test_epoch:
(VERY_HIGH   ) RuntimeInfoHook                    
(NORMAL      ) IterTimerHook                      
(BELOW_NORMAL) LoggerHook                         
 -------------------- 
after_run:
(BELOW_NORMAL) LoggerHook                         
 -------------------- 
2026/08/26 14:59:36 - mmengine - INFO - Load checkpoint from work_dirs/p3former_2xb1_3x_dso/epoch_36.pth
2026/08/26 14:59:42 - mmengine - INFO - Epoch(test) [ 50/980]    eta: 0:02:04  time: 0.1334  data_time: 0.0233  memory: 1506  
2026/08/26 14:59:49 - mmengine - INFO - Epoch(test) [100/980]    eta: 0:01:55  time: 0.1296  data_time: 0.0200  memory: 1438  
2026/08/26 14:59:55 - mmengine - INFO - Epoch(test) [150/980]    eta: 0:01:46  time: 0.1212  data_time: 0.0181  memory: 1509  
2026/08/26 15:00:02 - mmengine - INFO - Epoch(test) [200/980]    eta: 0:01:43  time: 0.1454  data_time: 0.0261  memory: 1647  
2026/08/26 15:00:09 - mmengine - INFO - Epoch(test) [250/980]    eta: 0:01:36  time: 0.1312  data_time: 0.0225  memory: 1489  
2026/08/26 15:00:16 - mmengine - INFO - Epoch(test) [300/980]    eta: 0:01:31  time: 0.1432  data_time: 0.0260  memory: 1745  
2026/08/26 15:00:23 - mmengine - INFO - Epoch(test) [350/980]    eta: 0:01:24  time: 0.1390  data_time: 0.0237  memory: 1713  
2026/08/26 15:00:29 - mmengine - INFO - Epoch(test) [400/980]    eta: 0:01:17  time: 0.1213  data_time: 0.0164  memory: 1513  
2026/08/26 15:00:35 - mmengine - INFO - Epoch(test) [450/980]    eta: 0:01:10  time: 0.1245  data_time: 0.0190  memory: 1514  
2026/08/26 15:00:42 - mmengine - INFO - Epoch(test) [500/980]    eta: 0:01:03  time: 0.1383  data_time: 0.0187  memory: 1660  
2026/08/26 15:00:49 - mmengine - INFO - Epoch(test) [550/980]    eta: 0:00:56  time: 0.1278  data_time: 0.0191  memory: 1603  
2026/08/26 15:00:56 - mmengine - INFO - Epoch(test) [600/980]    eta: 0:00:50  time: 0.1459  data_time: 0.0224  memory: 1753  
2026/08/26 15:01:02 - mmengine - INFO - Epoch(test) [650/980]    eta: 0:00:43  time: 0.1272  data_time: 0.0196  memory: 1505  
2026/08/26 15:01:09 - mmengine - INFO - Epoch(test) [700/980]    eta: 0:00:37  time: 0.1279  data_time: 0.0191  memory: 1416  
2026/08/26 15:01:15 - mmengine - INFO - Epoch(test) [750/980]    eta: 0:00:30  time: 0.1292  data_time: 0.0215  memory: 1456  
2026/08/26 15:01:21 - mmengine - INFO - Epoch(test) [800/980]    eta: 0:00:23  time: 0.1277  data_time: 0.0219  memory: 1459  
2026/08/26 15:01:28 - mmengine - INFO - Epoch(test) [850/980]    eta: 0:00:17  time: 0.1381  data_time: 0.0222  memory: 1618  
2026/08/26 15:01:35 - mmengine - INFO - Epoch(test) [900/980]    eta: 0:00:10  time: 0.1305  data_time: 0.0221  memory: 1577  
2026/08/26 15:01:42 - mmengine - INFO - Epoch(test) [950/980]    eta: 0:00:03  time: 0.1429  data_time: 0.0249  memory: 1710  
2026/08/26 15:01:46 - mmengine - INFO - Point-level OOD evaluation: 253052359 ID points, 7683321 OOD points (2.9468% OOD)
2026/08/26 15:01:46 - mmengine - INFO -     method |    AUROC |       AP |   FPR@95
2026/08/26 15:01:46 - mmengine - INFO - -------------------------------------------
2026/08/26 15:01:49 - mmengine - INFO -        msp |    90.42 |    28.27 |    32.32
2026/08/26 15:01:51 - mmengine - INFO -   maxlogit |    93.20 |    41.73 |    26.63
2026/08/26 15:01:53 - mmengine - INFO -       odin |    94.86 |    44.59 |    23.39
2026/08/26 15:01:55 - mmengine - INFO -     energy |    93.14 |    40.33 |    26.35
2026/08/26 15:01:57 - mmengine - INFO -    entropy |    92.10 |    38.71 |    31.29
2026/08/26 15:01:59 - mmengine - INFO -  group_msp |    90.19 |    20.33 |    31.68
2026/08/26 15:02:02 - mmengine - INFO - group_maxlogit |    93.20 |    41.73 |    26.63
2026/08/26 15:02:04 - mmengine - INFO - group_odin |    31.82 |     2.00 |    94.13
2026/08/26 15:02:06 - mmengine - INFO - group_energy |    93.23 |    41.15 |    26.45
2026/08/26 15:02:08 - mmengine - INFO - group_entropy |    91.15 |    28.14 |    31.05
2026/08/26 15:02:10 - mmengine - INFO -     gn_msp |    91.20 |    24.01 |    26.13
2026/08/26 15:02:13 - mmengine - INFO - gn_maxlogit |    93.45 |    41.11 |    24.67
2026/08/26 15:02:15 - mmengine - INFO -    gn_odin |    81.82 |    15.93 |    78.84
2026/08/26 15:02:17 - mmengine - INFO -  gn_energy |    93.48 |    40.77 |    24.45
2026/08/26 15:02:19 - mmengine - INFO - gn_entropy |    90.57 |    16.77 |    26.13
2026/08/26 15:02:21 - mmengine - INFO - p_vh_gcno_gn_energy |    92.72 |    40.12 |    28.45
2026/08/26 15:02:23 - mmengine - INFO - p_vh_gcno_gn_entropy |     6.69 |     2.23 |    98.45
2026/08/26 15:02:26 - mmengine - INFO - p_vh_gcno_gn_maxlogit |    92.67 |    41.03 |    28.68
2026/08/26 15:02:28 - mmengine - INFO - p_vh_gcno_gn_msp |    89.52 |    42.80 |    98.35
2026/08/26 15:02:30 - mmengine - INFO - p_vh_gcno_gn_odin |    57.43 |     3.78 |    71.54
2026/08/26 15:02:32 - mmengine - INFO - p_vh_gcno_group_energy |    93.24 |    40.46 |    26.32
2026/08/26 15:02:34 - mmengine - INFO - p_vh_gcno_group_entropy |    95.93 |    44.12 |    18.44
2026/08/26 15:02:36 - mmengine - INFO - p_vh_gcno_group_maxlogit |    93.20 |    41.73 |    26.63
2026/08/26 15:02:38 - mmengine - INFO - p_vh_gcno_group_msp |    95.93 |    44.11 |    18.43
2026/08/26 15:02:40 - mmengine - INFO - p_vh_gcno_group_odin |    58.30 |     4.00 |    71.51
2026/08/26 15:02:42 - mmengine - INFO - p_vh_gn_co_gn_energy |    93.34 |    40.48 |    25.12
2026/08/26 15:02:44 - mmengine - INFO - p_vh_gn_co_gn_entropy |    90.75 |    19.63 |    28.24
2026/08/26 15:02:47 - mmengine - INFO - p_vh_gn_co_gn_maxlogit |    93.33 |    41.02 |    25.48
2026/08/26 15:02:49 - mmengine - INFO - p_vh_gn_co_gn_msp |    91.43 |    23.33 |    27.74
2026/08/26 15:02:51 - mmengine - INFO - p_vh_gn_co_gn_odin |    81.98 |    12.78 |    71.55
2026/08/26 15:02:53 - mmengine - INFO - p_vh_gn_co_group_energy |    93.23 |    41.19 |    26.37
2026/08/26 15:02:55 - mmengine - INFO - p_vh_gn_co_group_entropy |    92.10 |    28.47 |    28.85
2026/08/26 15:02:57 - mmengine - INFO - p_vh_gn_co_group_maxlogit |    93.20 |    41.73 |    26.63
2026/08/26 15:02:59 - mmengine - INFO - p_vh_gn_co_group_msp |    91.69 |    22.72 |    29.20
2026/08/26 15:03:01 - mmengine - INFO - p_vh_gn_co_group_odin |    32.29 |     2.00 |    89.36
2026/08/26 15:03:01 - mmengine - INFO - Epoch(test) [980/980]    ood/msp_AUROC: 90.4207  ood/msp_AP: 28.2728  ood/msp_FPR95: 32.3161  ood/maxlogit_AUROC: 93.1954  ood/maxlogit_AP: 41.7321  ood/maxlogit_FPR95: 26.6318  ood/odin_AUROC: 94.8564  ood/odin_AP: 44.5884  ood/odin_FPR95: 23.3896  ood/energy_AUROC: 93.1389  ood/energy_AP: 40.3339  ood/energy_FPR95: 26.3465  ood/entropy_AUROC: 92.1024  ood/entropy_AP: 38.7111  ood/entropy_FPR95: 31.2887  ood/group_msp_AUROC: 90.1908  ood/group_msp_AP: 20.3266  ood/group_msp_FPR95: 31.6846  ood/group_maxlogit_AUROC: 93.1954  ood/group_maxlogit_AP: 41.7321  ood/group_maxlogit_FPR95: 26.6318  ood/group_odin_AUROC: 31.8158  ood/group_odin_AP: 1.9950  ood/group_odin_FPR95: 94.1269  ood/group_energy_AUROC: 93.2323  ood/group_energy_AP: 41.1506  ood/group_energy_FPR95: 26.4467  ood/group_entropy_AUROC: 91.1538  ood/group_entropy_AP: 28.1397  ood/group_entropy_FPR95: 31.0538  ood/gn_msp_AUROC: 91.1951  ood/gn_msp_AP: 24.0135  ood/gn_msp_FPR95: 26.1316  ood/gn_maxlogit_AUROC: 93.4507  ood/gn_maxlogit_AP: 41.1148  ood/gn_maxlogit_FPR95: 24.6704  ood/gn_odin_AUROC: 81.8152  ood/gn_odin_AP: 15.9283  ood/gn_odin_FPR95: 78.8432  ood/gn_energy_AUROC: 93.4820  ood/gn_energy_AP: 40.7655  ood/gn_energy_FPR95: 24.4541  ood/gn_entropy_AUROC: 90.5661  ood/gn_entropy_AP: 16.7744  ood/gn_entropy_FPR95: 26.1316  ood/p_vh_gcno_gn_energy_AUROC: 92.7217  ood/p_vh_gcno_gn_energy_AP: 40.1249  ood/p_vh_gcno_gn_energy_FPR95: 28.4478  ood/p_vh_gcno_gn_entropy_AUROC: 6.6940  ood/p_vh_gcno_gn_entropy_AP: 2.2320  ood/p_vh_gcno_gn_entropy_FPR95: 98.4490  ood/p_vh_gcno_gn_maxlogit_AUROC: 92.6676  ood/p_vh_gcno_gn_maxlogit_AP: 41.0321  ood/p_vh_gcno_gn_maxlogit_FPR95: 28.6764  ood/p_vh_gcno_gn_msp_AUROC: 89.5178  ood/p_vh_gcno_gn_msp_AP: 42.7988  ood/p_vh_gcno_gn_msp_FPR95: 98.3472  ood/p_vh_gcno_gn_odin_AUROC: 57.4336  ood/p_vh_gcno_gn_odin_AP: 3.7796  ood/p_vh_gcno_gn_odin_FPR95: 71.5367  ood/p_vh_gcno_group_energy_AUROC: 93.2363  ood/p_vh_gcno_group_energy_AP: 40.4633  ood/p_vh_gcno_group_energy_FPR95: 26.3247  ood/p_vh_gcno_group_entropy_AUROC: 95.9273  ood/p_vh_gcno_group_entropy_AP: 44.1151  ood/p_vh_gcno_group_entropy_FPR95: 18.4358  ood/p_vh_gcno_group_maxlogit_AUROC: 93.1954  ood/p_vh_gcno_group_maxlogit_AP: 41.7321  ood/p_vh_gcno_group_maxlogit_FPR95: 26.6318  ood/p_vh_gcno_group_msp_AUROC: 95.9273  ood/p_vh_gcno_group_msp_AP: 44.1145  ood/p_vh_gcno_group_msp_FPR95: 18.4341  ood/p_vh_gcno_group_odin_AUROC: 58.3021  ood/p_vh_gcno_group_odin_AP: 3.9989  ood/p_vh_gcno_group_odin_FPR95: 71.5102  ood/p_vh_gn_co_gn_energy_AUROC: 93.3446  ood/p_vh_gn_co_gn_energy_AP: 40.4763  ood/p_vh_gn_co_gn_energy_FPR95: 25.1207  ood/p_vh_gn_co_gn_entropy_AUROC: 90.7537  ood/p_vh_gn_co_gn_entropy_AP: 19.6278  ood/p_vh_gn_co_gn_entropy_FPR95: 28.2360  ood/p_vh_gn_co_gn_maxlogit_AUROC: 93.3275  ood/p_vh_gn_co_gn_maxlogit_AP: 41.0195  ood/p_vh_gn_co_gn_maxlogit_FPR95: 25.4811  ood/p_vh_gn_co_gn_msp_AUROC: 91.4344  ood/p_vh_gn_co_gn_msp_AP: 23.3298  ood/p_vh_gn_co_gn_msp_FPR95: 27.7404  ood/p_vh_gn_co_gn_odin_AUROC: 81.9808  ood/p_vh_gn_co_gn_odin_AP: 12.7768  ood/p_vh_gn_co_gn_odin_FPR95: 71.5476  ood/p_vh_gn_co_group_energy_AUROC: 93.2298  ood/p_vh_gn_co_group_energy_AP: 41.1896  ood/p_vh_gn_co_group_energy_FPR95: 26.3655  ood/p_vh_gn_co_group_entropy_AUROC: 92.1034  ood/p_vh_gn_co_group_entropy_AP: 28.4674  ood/p_vh_gn_co_group_entropy_FPR95: 28.8471  ood/p_vh_gn_co_group_maxlogit_AUROC: 93.1954  ood/p_vh_gn_co_group_maxlogit_AP: 41.7321  ood/p_vh_gn_co_group_maxlogit_FPR95: 26.6318  ood/p_vh_gn_co_group_msp_AUROC: 91.6932  ood/p_vh_gn_co_group_msp_AP: 22.7205  ood/p_vh_gn_co_group_msp_FPR95: 29.2022  ood/p_vh_gn_co_group_odin_AUROC: 32.2921  ood/p_vh_gn_co_group_odin_AP: 2.0026  ood/p_vh_gn_co_group_odin_FPR95: 89.3557  data_time: 0.0214  time: 0.1328
