2026/08/25 03:12:48 - mmengine - INFO - 
------------------------------------------------------------
System environment:
    sys.platform: linux
    Python: 3.8.20 (default, Oct  3 2024, 15:24:27) [GCC 11.2.0]
    CUDA available: True
    numpy_random_seed: 1725755518
    GPU 0: NVIDIA RTX 6000 Ada Generation
    CUDA_HOME: /usr/local/cuda
    GCC: gcc (Ubuntu 11.4.0-1ubuntu1~22.04) 11.4.0
    PyTorch: 1.10.1+cu111
    PyTorch compiling details: PyTorch built with:
  - GCC 7.3
  - C++ Version: 201402
  - Intel(R) Math Kernel Library Version 2020.0.0 Product Build 20191122 for Intel(R) 64 architecture applications
  - Intel(R) MKL-DNN v2.2.3 (Git Hash 7336ca9f055cf1bfa13efb658fe15dc9b41f0740)
  - OpenMP 201511 (a.k.a. OpenMP 4.5)
  - LAPACK is enabled (usually provided by MKL)
  - NNPACK is enabled
  - CPU capability usage: AVX2
  - CUDA Runtime 11.1
  - NVCC architecture flags: -gencode;arch=compute_37,code=sm_37;-gencode;arch=compute_50,code=sm_50;-gencode;arch=compute_60,code=sm_60;-gencode;arch=compute_70,code=sm_70;-gencode;arch=compute_75,code=sm_75;-gencode;arch=compute_80,code=sm_80;-gencode;arch=compute_86,code=sm_86
  - CuDNN 8.0.5
  - Magma 2.5.2
  - Build settings: BLAS_INFO=mkl, BUILD_TYPE=Release, CUDA_VERSION=11.1, CUDNN_VERSION=8.0.5, CXX_COMPILER=/opt/rh/devtoolset-7/root/usr/bin/c++, CXX_FLAGS= -Wno-deprecated -fvisibility-inlines-hidden -DUSE_PTHREADPOOL -fopenmp -DNDEBUG -DUSE_KINETO -DUSE_FBGEMM -DUSE_QNNPACK -DUSE_PYTORCH_QNNPACK -DUSE_XNNPACK -DSYMBOLICATE_MOBILE_DEBUG_HANDLE -DEDGE_PROFILER_USE_KINETO -O2 -fPIC -Wno-narrowing -Wall -Wextra -Werror=return-type -Wno-missing-field-initializers -Wno-type-limits -Wno-array-bounds -Wno-unknown-pragmas -Wno-sign-compare -Wno-unused-parameter -Wno-unused-variable -Wno-unused-function -Wno-unused-result -Wno-unused-local-typedefs -Wno-strict-overflow -Wno-strict-aliasing -Wno-error=deprecated-declarations -Wno-stringop-overflow -Wno-psabi -Wno-error=pedantic -Wno-error=redundant-decls -Wno-error=old-style-cast -fdiagnostics-color=always -faligned-new -Wno-unused-but-set-variable -Wno-maybe-uninitialized -fno-math-errno -fno-trapping-math -Werror=format -Wno-stringop-overflow, LAPACK_INFO=mkl, PERF_WITH_AVX=1, PERF_WITH_AVX2=1, PERF_WITH_AVX512=1, TORCH_VERSION=1.10.1, USE_CUDA=ON, USE_CUDNN=ON, USE_EXCEPTION_PTR=1, USE_GFLAGS=OFF, USE_GLOG=OFF, USE_MKL=ON, USE_MKLDNN=ON, USE_MPI=OFF, USE_NCCL=ON, USE_NNPACK=ON, USE_OPENMP=ON, 

    TorchVision: 0.11.2+cu111
    OpenCV: 5.0.0
    MMEngine: 0.7.4

Runtime environment:
    cudnn_benchmark: False
    mp_cfg: {'mp_start_method': 'fork', 'opencv_num_threads': 0}
    dist_cfg: {'backend': 'nccl'}
    seed: 1725755518
    Distributed launcher: none
    Distributed training: False
    GPU number: 1
------------------------------------------------------------

2026/08/25 03:12:50 - mmengine - INFO - Config:
dataset_type = '_DSODataset'
data_root = 'data/dso/'
class_names = [
    'car', 'bicycle', 'motorcycle', 'truck', 'bus', 'person', 'rider',
    'traffic-sign', 'traffic-cone', 'paved-road', 'unpaved-road', 'sidewalk',
    'building', 'window', 'perimeter-barrier', 'other-barrier',
    'overhead-bridge', 'gate', 'pole-like-object', 'drain', 'terrain',
    'trunks', 'vegetation', 'obscurant'
]
labels_map = dict({
    0: 24,
    1: 5,
    2: 6,
    3: 0,
    4: 3,
    5: 4,
    6: 2,
    7: 1,
    8: 9,
    9: 10,
    10: 11,
    11: 12,
    12: 13,
    13: 14,
    14: 15,
    15: 16,
    16: 17,
    17: 24,
    18: 18,
    19: 7,
    20: 8,
    21: 19,
    22: 20,
    23: 21,
    24: 22,
    27: 23,
    28: 24,
    29: 24,
    30: 24,
    255: 24
})
learning_map_inv = dict({
    0: 3,
    1: 7,
    2: 6,
    3: 4,
    4: 5,
    5: 1,
    6: 2,
    7: 19,
    8: 20,
    9: 8,
    10: 9,
    11: 10,
    12: 11,
    13: 12,
    14: 13,
    15: 14,
    16: 15,
    17: 16,
    18: 18,
    19: 21,
    20: 22,
    21: 23,
    22: 24,
    23: 27,
    24: 0
})
metainfo = dict(
    classes=[
        'car', 'bicycle', 'motorcycle', 'truck', 'bus', 'person', 'rider',
        'traffic-sign', 'traffic-cone', 'paved-road', 'unpaved-road',
        'sidewalk', 'building', 'window', 'perimeter-barrier', 'other-barrier',
        'overhead-bridge', 'gate', 'pole-like-object', 'drain', 'terrain',
        'trunks', 'vegetation', 'obscurant'
    ],
    seg_label_mapping=dict({
        0: 24,
        1: 5,
        2: 6,
        3: 0,
        4: 3,
        5: 4,
        6: 2,
        7: 1,
        8: 9,
        9: 10,
        10: 11,
        11: 12,
        12: 13,
        13: 14,
        14: 15,
        15: 16,
        16: 17,
        17: 24,
        18: 18,
        19: 7,
        20: 8,
        21: 19,
        22: 20,
        23: 21,
        24: 22,
        27: 23,
        28: 24,
        29: 24,
        30: 24,
        255: 24
    }),
    max_label=255)
input_modality = dict(use_lidar=True, use_camera=False)
backend_args = None
pre_transform = [
    dict(type='_LoadDSOPointsAndAnnotations'),
    dict(type='PointSegClassMapping')
]
train_pipeline = [
    dict(type='_LoadDSOPointsAndAnnotations'),
    dict(type='PointSegClassMapping'),
    dict(
        type='RandomChoice',
        transforms=[[{
            'type':
            '_LaserMix',
            'num_areas': [3, 4, 5, 6],
            'pitch_angles': [-12, 45],
            'pre_transform': [{
                'type': '_LoadDSOPointsAndAnnotations'
            }, {
                'type': 'PointSegClassMapping'
            }],
            'prob':
            0.5
        }],
                    [{
                        'type':
                        '_PolarMix',
                        'instance_classes': [0, 1, 2, 3, 4, 5, 6, 7, 8],
                        'swap_ratio':
                        0.5,
                        'rotate_paste_ratio':
                        1.0,
                        'pre_transform': [{
                            'type':
                            '_LoadDSOPointsAndAnnotations'
                        }, {
                            'type': 'PointSegClassMapping'
                        }],
                        'prob':
                        0.5
                    }]],
        prob=[0.2, 0.8]),
    dict(
        type='RandomFlip3D',
        sync_2d=False,
        flip_ratio_bev_horizontal=0.5,
        flip_ratio_bev_vertical=0.5),
    dict(
        type='GlobalRotScaleTrans',
        rot_range=[-0.78539816, 0.78539816],
        scale_ratio_range=[0.95, 1.05],
        translation_std=[0.1, 0.1, 0.1]),
    dict(
        type='Pack3DDetInputs',
        keys=['points', 'pts_semantic_mask', 'pts_instance_mask'])
]
test_pipeline = [
    dict(type='_LoadDSOPointsAndAnnotations'),
    dict(type='PointSegClassMapping'),
    dict(
        type='Pack3DDetInputs',
        keys=['points', 'pts_semantic_mask', 'pts_instance_mask'])
]
train_dataloader = dict(
    batch_size=1,
    num_workers=4,
    sampler=dict(type='DefaultSampler', shuffle=True),
    dataset=dict(
        type='RepeatDataset',
        times=1,
        dataset=dict(
            type='_DSODataset',
            data_root='data/dso/',
            data_prefix=dict(
                pts='',
                img='',
                pts_instance_mask='',
                pts_semantic_mask='',
                pts_panoptic_mask=''),
            ann_file='dso_infos_train.pkl',
            pipeline=[
                dict(type='_LoadDSOPointsAndAnnotations'),
                dict(type='PointSegClassMapping'),
                dict(
                    type='RandomChoice',
                    transforms=[[{
                        'type':
                        '_LaserMix',
                        'num_areas': [3, 4, 5, 6],
                        'pitch_angles': [-12, 45],
                        'pre_transform': [{
                            'type':
                            '_LoadDSOPointsAndAnnotations'
                        }, {
                            'type': 'PointSegClassMapping'
                        }],
                        'prob':
                        0.5
                    }],
                                [{
                                    'type':
                                    '_PolarMix',
                                    'instance_classes':
                                    [0, 1, 2, 3, 4, 5, 6, 7, 8],
                                    'swap_ratio':
                                    0.5,
                                    'rotate_paste_ratio':
                                    1.0,
                                    'pre_transform': [{
                                        'type':
                                        '_LoadDSOPointsAndAnnotations'
                                    }, {
                                        'type':
                                        'PointSegClassMapping'
                                    }],
                                    'prob':
                                    0.5
                                }]],
                    prob=[0.2, 0.8]),
                dict(
                    type='RandomFlip3D',
                    sync_2d=False,
                    flip_ratio_bev_horizontal=0.5,
                    flip_ratio_bev_vertical=0.5),
                dict(
                    type='GlobalRotScaleTrans',
                    rot_range=[-0.78539816, 0.78539816],
                    scale_ratio_range=[0.95, 1.05],
                    translation_std=[0.1, 0.1, 0.1]),
                dict(
                    type='Pack3DDetInputs',
                    keys=['points', 'pts_semantic_mask', 'pts_instance_mask'])
            ],
            metainfo=dict(
                classes=[
                    'car', 'bicycle', 'motorcycle', 'truck', 'bus', 'person',
                    'rider', 'traffic-sign', 'traffic-cone', 'paved-road',
                    'unpaved-road', 'sidewalk', 'building', 'window',
                    'perimeter-barrier', 'other-barrier', 'overhead-bridge',
                    'gate', 'pole-like-object', 'drain', 'terrain', 'trunks',
                    'vegetation', 'obscurant'
                ],
                seg_label_mapping=dict({
                    0: 24,
                    1: 5,
                    2: 6,
                    3: 0,
                    4: 3,
                    5: 4,
                    6: 2,
                    7: 1,
                    8: 9,
                    9: 10,
                    10: 11,
                    11: 12,
                    12: 13,
                    13: 14,
                    14: 15,
                    15: 16,
                    16: 17,
                    17: 24,
                    18: 18,
                    19: 7,
                    20: 8,
                    21: 19,
                    22: 20,
                    23: 21,
                    24: 22,
                    27: 23,
                    28: 24,
                    29: 24,
                    30: 24,
                    255: 24
                }),
                max_label=255),
            modality=dict(use_lidar=True, use_camera=False),
            ignore_index=24,
            backend_args=None)))
test_dataloader = dict(
    batch_size=1,
    num_workers=1,
    sampler=dict(type='DefaultSampler', shuffle=False),
    dataset=dict(
        type='RepeatDataset',
        times=1,
        dataset=dict(
            type='_DSODataset',
            data_root='data/dso/',
            data_prefix=dict(
                pts='',
                img='',
                pts_instance_mask='',
                pts_semantic_mask='',
                pts_panoptic_mask=''),
            ann_file='dso_infos_cetran.pkl',
            pipeline=[
                dict(type='_LoadDSOPointsAndAnnotations'),
                dict(type='PointSegClassMapping'),
                dict(
                    type='Pack3DDetInputs',
                    keys=['points', 'pts_semantic_mask', 'pts_instance_mask'])
            ],
            metainfo=dict(
                classes=[
                    'car', 'bicycle', 'motorcycle', 'truck', 'bus', 'person',
                    'rider', 'traffic-sign', 'traffic-cone', 'paved-road',
                    'unpaved-road', 'sidewalk', 'building', 'window',
                    'perimeter-barrier', 'other-barrier', 'overhead-bridge',
                    'gate', 'pole-like-object', 'drain', 'terrain', 'trunks',
                    'vegetation', 'obscurant'
                ],
                seg_label_mapping=dict({
                    0: 24,
                    1: 5,
                    2: 6,
                    3: 0,
                    4: 3,
                    5: 4,
                    6: 2,
                    7: 1,
                    8: 9,
                    9: 10,
                    10: 11,
                    11: 12,
                    12: 13,
                    13: 14,
                    14: 15,
                    15: 16,
                    16: 17,
                    17: 24,
                    18: 18,
                    19: 7,
                    20: 8,
                    21: 19,
                    22: 20,
                    23: 21,
                    24: 22,
                    27: 23,
                    28: 24,
                    29: 24,
                    30: 24,
                    255: 24
                }),
                max_label=255),
            modality=dict(use_lidar=True, use_camera=False),
            ignore_index=24,
            test_mode=True,
            backend_args=None)))
val_dataloader = dict(
    batch_size=1,
    num_workers=1,
    sampler=dict(type='DefaultSampler', shuffle=False),
    dataset=dict(
        type='RepeatDataset',
        times=1,
        dataset=dict(
            type='_DSODataset',
            data_root='data/dso/',
            data_prefix=dict(
                pts='',
                img='',
                pts_instance_mask='',
                pts_semantic_mask='',
                pts_panoptic_mask=''),
            ann_file='dso_infos_cetran.pkl',
            pipeline=[
                dict(type='_LoadDSOPointsAndAnnotations'),
                dict(type='PointSegClassMapping'),
                dict(
                    type='Pack3DDetInputs',
                    keys=['points', 'pts_semantic_mask', 'pts_instance_mask'])
            ],
            metainfo=dict(
                classes=[
                    'car', 'bicycle', 'motorcycle', 'truck', 'bus', 'person',
                    'rider', 'traffic-sign', 'traffic-cone', 'paved-road',
                    'unpaved-road', 'sidewalk', 'building', 'window',
                    'perimeter-barrier', 'other-barrier', 'overhead-bridge',
                    'gate', 'pole-like-object', 'drain', 'terrain', 'trunks',
                    'vegetation', 'obscurant'
                ],
                seg_label_mapping=dict({
                    0: 24,
                    1: 5,
                    2: 6,
                    3: 0,
                    4: 3,
                    5: 4,
                    6: 2,
                    7: 1,
                    8: 9,
                    9: 10,
                    10: 11,
                    11: 12,
                    12: 13,
                    13: 14,
                    14: 15,
                    15: 16,
                    16: 17,
                    17: 24,
                    18: 18,
                    19: 7,
                    20: 8,
                    21: 19,
                    22: 20,
                    23: 21,
                    24: 22,
                    27: 23,
                    28: 24,
                    29: 24,
                    30: 24,
                    255: 24
                }),
                max_label=255),
            modality=dict(use_lidar=True, use_camera=False),
            ignore_index=24,
            test_mode=True,
            backend_args=None)))
val_evaluator = [
    dict(
        type='_OODPointMetric',
        ood_raw_ids=[17, 28],
        seg_offset=65536,
        ignore_index=24)
]
test_evaluator = [
    dict(
        type='_OODPointMetric',
        ood_raw_ids=[17, 28],
        seg_offset=65536,
        ignore_index=24)
]
vis_backends = [dict(type='LocalVisBackend')]
visualizer = dict(
    type='Det3DLocalVisualizer',
    vis_backends=[dict(type='LocalVisBackend')],
    name='visualizer')
grid_shape = [480, 360, 32]
model = dict(
    type='_P3Former',
    data_preprocessor=dict(
        type='_Det3DDataPreprocessor',
        voxel=True,
        voxel_type='cylindrical',
        voxel_layer=dict(
            grid_shape=[480, 360, 32],
            point_cloud_range=[0, -3.14159265359, -3, 50, 3.14159265359, 13],
            max_num_points=-1,
            max_voxels=-1)),
    voxel_encoder=dict(
        type='SegVFE',
        feat_channels=[64, 128, 256, 256],
        in_channels=6,
        with_voxel_center=True,
        feat_compression=16,
        return_point_feats=False),
    backbone=dict(
        type='_Asymm3DSpconv',
        grid_size=[480, 360, 32],
        input_channels=16,
        base_channels=32,
        norm_cfg=dict(type='BN1d', eps=1e-05, momentum=0.1),
        more_conv=True,
        out_channels=256),
    decode_head=dict(
        type='_P3FormerHead',
        num_classes=25,
        num_queries=128,
        embed_dims=256,
        point_cloud_range=[0, -3.14159265359, -3, 50, 3.14159265359, 13],
        assigner_zero_layer_cfg=dict(
            type='mmdet.HungarianAssigner',
            match_costs=[
                dict(
                    type='mmdet.FocalLossCost',
                    weight=1.0,
                    binary_input=True,
                    gamma=2.0,
                    alpha=0.25),
                dict(type='mmdet.DiceCost', weight=2.0, pred_act=True)
            ]),
        assigner_cfg=dict(
            type='mmdet.HungarianAssigner',
            match_costs=[
                dict(
                    type='mmdet.FocalLossCost',
                    gamma=4.0,
                    alpha=0.25,
                    weight=1.0),
                dict(
                    type='mmdet.FocalLossCost',
                    weight=1.0,
                    binary_input=True,
                    gamma=2.0,
                    alpha=0.25),
                dict(type='mmdet.DiceCost', weight=2.0, pred_act=True)
            ]),
        sampler_cfg=dict(type='_MaskPseudoSampler'),
        loss_mask=dict(
            type='mmdet.FocalLoss',
            use_sigmoid=True,
            gamma=2.0,
            alpha=0.25,
            reduction='mean',
            loss_weight=1.0),
        loss_dice=dict(type='mmdet.DiceLoss', loss_weight=2.0),
        loss_cls=dict(
            type='mmdet.FocalLoss',
            use_sigmoid=True,
            gamma=4.0,
            alpha=0.25,
            loss_weight=1.0),
        num_decoder_layers=6,
        cls_channels=(256, 256, 25),
        mask_channels=(256, 256, 256, 256, 256),
        thing_class=[0, 1, 2, 3, 4, 5, 6, 7, 8],
        stuff_class=[
            9, 10, 11, 12, 13, 14, 15, 16, 17, 18, 19, 20, 21, 22, 23
        ],
        ignore_index=24,
        ood_cfg=dict(
            num_ood_logits=24,
            odin_temperature=1000.0,
            energy_temperature=1.0,
            class_groups=[[0, 1, 2, 3, 4], [5, 6], [9, 10, 11, 19],
                          [12, 13, 14, 15, 16, 17], [20, 21, 22],
                          [7, 8, 18, 23]],
            class_groups_variants=dict(
                m4_vhgn=[[0, 1, 2, 3, 4, 5, 6, 9, 10, 11, 19, 20, 21, 22],
                         [12, 13, 14, 15, 16, 17], [7, 8, 18, 23]],
                m4_vhgo=[[0, 1, 2, 3, 4, 5, 6, 9, 10, 11, 19, 7, 8, 18, 23],
                         [12, 13, 14, 15, 16, 17], [20, 21, 22]],
                m4_vhcn=[[
                    0, 1, 2, 3, 4, 5, 6, 12, 13, 14, 15, 16, 17, 20, 21, 22
                ], [9, 10, 11, 19], [7, 8, 18, 23]],
                m4_vhco=[[
                    0, 1, 2, 3, 4, 5, 6, 12, 13, 14, 15, 16, 17, 7, 8, 18, 23
                ], [9, 10, 11, 19], [20, 21, 22]],
                m4_vhno=[[0, 1, 2, 3, 4, 5, 6, 20, 21, 22, 7, 8, 18, 23],
                         [9, 10, 11, 19], [12, 13, 14, 15, 16, 17]],
                m4_vgcn=[[
                    0, 1, 2, 3, 4, 9, 10, 11, 19, 12, 13, 14, 15, 16, 17, 20,
                    21, 22
                ], [5, 6], [7, 8, 18, 23]],
                m4_vgco=[[
                    0, 1, 2, 3, 4, 9, 10, 11, 19, 12, 13, 14, 15, 16, 17, 7, 8,
                    18, 23
                ], [5, 6], [20, 21, 22]],
                m4_vgno=[[
                    0, 1, 2, 3, 4, 9, 10, 11, 19, 20, 21, 22, 7, 8, 18, 23
                ], [5, 6], [12, 13, 14, 15, 16, 17]],
                m4_vcno=[[
                    0, 1, 2, 3, 4, 12, 13, 14, 15, 16, 17, 20, 21, 22, 7, 8,
                    18, 23
                ], [5, 6], [9, 10, 11, 19]],
                m4_hgcn=[[
                    5, 6, 9, 10, 11, 19, 12, 13, 14, 15, 16, 17, 20, 21, 22
                ], [0, 1, 2, 3, 4], [7, 8, 18, 23]],
                m4_hgco=[[
                    5, 6, 9, 10, 11, 19, 12, 13, 14, 15, 16, 17, 7, 8, 18, 23
                ], [0, 1, 2, 3, 4], [20, 21, 22]],
                m4_hgno=[[5, 6, 9, 10, 11, 19, 20, 21, 22, 7, 8, 18, 23],
                         [0, 1, 2, 3, 4], [12, 13, 14, 15, 16, 17]]))),
    train_cfg=None,
    test_cfg=dict(mode='whole'))
default_scope = 'mmdet3d'
default_hooks = dict(
    timer=dict(type='IterTimerHook'),
    logger=dict(type='LoggerHook', interval=50),
    param_scheduler=dict(type='ParamSchedulerHook'),
    checkpoint=dict(type='CheckpointHook', interval=5),
    sampler_seed=dict(type='DistSamplerSeedHook'),
    visualization=dict(type='Det3DVisualizationHook'))
env_cfg = dict(
    cudnn_benchmark=False,
    mp_cfg=dict(mp_start_method='fork', opencv_num_threads=0),
    dist_cfg=dict(backend='nccl'))
log_processor = dict(type='LogProcessor', window_size=50, by_epoch=True)
log_level = 'INFO'
load_from = 'work_dirs/p3former_2xb1_3x_dso/epoch_36.pth'
resume = False
point_cloud_range = [0, -3.14159265359, -3, 50, 3.14159265359, 13]
lr = 0.0008
optim_wrapper = dict(
    type='OptimWrapper',
    optimizer=dict(type='AdamW', lr=0.0008, weight_decay=0.01))
train_cfg = dict(type='EpochBasedTrainLoop', max_epochs=36, val_interval=1)
val_cfg = dict(type='ValLoop')
test_cfg = dict(type='TestLoop')
param_scheduler = [
    dict(
        type='MultiStepLR',
        begin=0,
        end=36,
        by_epoch=True,
        milestones=[24, 32],
        gamma=0.2)
]
custom_imports = dict(
    imports=[
        'p3former.backbones.cylinder3d',
        'p3former.data_preprocessors.data_preprocessor',
        'p3former.decode_heads.p3former_head', 'p3former.segmentors.p3former',
        'p3former.task_modules.samplers.mask_pseduo_sampler',
        'evaluation.metrics.panoptic_seg_metric',
        'evaluation.metrics.ood_metric', 'datasets.dso_dataset',
        'datasets.transforms.dso_loading', 'datasets.transforms.transforms_3d'
    ],
    allow_failed_imports=False)
launcher = 'none'
work_dir = 'work_dirs/p3former_2xb1_3x_dso_ood_hier/b4'

2026/08/25 03:12:56 - mmengine - INFO - Distributed training is not used, all SyncBatchNorm (SyncBN) layers in the model will be automatically reverted to BatchNormXd layers if they are used.
2026/08/25 03:12:56 - mmengine - INFO - Hooks will be executed in the following order:
before_run:
(VERY_HIGH   ) RuntimeInfoHook                    
(BELOW_NORMAL) LoggerHook                         
 -------------------- 
before_train:
(VERY_HIGH   ) RuntimeInfoHook                    
(NORMAL      ) IterTimerHook                      
(VERY_LOW    ) CheckpointHook                     
 -------------------- 
before_train_epoch:
(VERY_HIGH   ) RuntimeInfoHook                    
(NORMAL      ) IterTimerHook                      
(NORMAL      ) DistSamplerSeedHook                
 -------------------- 
before_train_iter:
(VERY_HIGH   ) RuntimeInfoHook                    
(NORMAL      ) IterTimerHook                      
 -------------------- 
after_train_iter:
(VERY_HIGH   ) RuntimeInfoHook                    
(NORMAL      ) IterTimerHook                      
(BELOW_NORMAL) LoggerHook                         
(LOW         ) ParamSchedulerHook                 
(VERY_LOW    ) CheckpointHook                     
 -------------------- 
after_train_epoch:
(NORMAL      ) IterTimerHook                      
(LOW         ) ParamSchedulerHook                 
(VERY_LOW    ) CheckpointHook                     
 -------------------- 
before_val_epoch:
(NORMAL      ) IterTimerHook                      
 -------------------- 
before_val_iter:
(NORMAL      ) IterTimerHook                      
 -------------------- 
after_val_iter:
(NORMAL      ) IterTimerHook                      
(NORMAL      ) Det3DVisualizationHook             
(BELOW_NORMAL) LoggerHook                         
 -------------------- 
after_val_epoch:
(VERY_HIGH   ) RuntimeInfoHook                    
(NORMAL      ) IterTimerHook                      
(BELOW_NORMAL) LoggerHook                         
(LOW         ) ParamSchedulerHook                 
(VERY_LOW    ) CheckpointHook                     
 -------------------- 
after_train:
(VERY_LOW    ) CheckpointHook                     
 -------------------- 
before_test_epoch:
(NORMAL      ) IterTimerHook                      
 -------------------- 
before_test_iter:
(NORMAL      ) IterTimerHook                      
 -------------------- 
after_test_iter:
(NORMAL      ) IterTimerHook                      
(NORMAL      ) Det3DVisualizationHook             
(BELOW_NORMAL) LoggerHook                         
 -------------------- 
after_test_epoch:
(VERY_HIGH   ) RuntimeInfoHook                    
(NORMAL      ) IterTimerHook                      
(BELOW_NORMAL) LoggerHook                         
 -------------------- 
after_run:
(BELOW_NORMAL) LoggerHook                         
 -------------------- 
2026/08/25 03:13:01 - mmengine - INFO - Load checkpoint from work_dirs/p3former_2xb1_3x_dso/epoch_36.pth
2026/08/25 03:13:13 - mmengine - INFO - Epoch(test) [ 50/980]    eta: 0:03:35  time: 0.2314  data_time: 0.0220  memory: 1506  
2026/08/25 03:13:24 - mmengine - INFO - Epoch(test) [100/980]    eta: 0:03:20  time: 0.2246  data_time: 0.0208  memory: 1438  
2026/08/25 03:13:35 - mmengine - INFO - Epoch(test) [150/980]    eta: 0:03:06  time: 0.2195  data_time: 0.0204  memory: 1509  
2026/08/25 03:13:47 - mmengine - INFO - Epoch(test) [200/980]    eta: 0:02:59  time: 0.2468  data_time: 0.0238  memory: 1647  
2026/08/25 03:13:58 - mmengine - INFO - Epoch(test) [250/980]    eta: 0:02:46  time: 0.2212  data_time: 0.0215  memory: 1489  
2026/08/25 03:14:11 - mmengine - INFO - Epoch(test) [300/980]    eta: 0:02:37  time: 0.2474  data_time: 0.0251  memory: 1745  
2026/08/25 03:14:23 - mmengine - INFO - Epoch(test) [350/980]    eta: 0:02:26  time: 0.2388  data_time: 0.0255  memory: 1713  
2026/08/25 03:14:33 - mmengine - INFO - Epoch(test) [400/980]    eta: 0:02:13  time: 0.2121  data_time: 0.0213  memory: 1513  
2026/08/25 03:14:44 - mmengine - INFO - Epoch(test) [450/980]    eta: 0:02:01  time: 0.2147  data_time: 0.0216  memory: 1514  
2026/08/25 03:14:56 - mmengine - INFO - Epoch(test) [500/980]    eta: 0:01:50  time: 0.2400  data_time: 0.0238  memory: 1660  
2026/08/25 03:15:07 - mmengine - INFO - Epoch(test) [550/980]    eta: 0:01:38  time: 0.2189  data_time: 0.0210  memory: 1603  
2026/08/25 03:15:20 - mmengine - INFO - Epoch(test) [600/980]    eta: 0:01:27  time: 0.2625  data_time: 0.0263  memory: 1753  
2026/08/25 03:15:32 - mmengine - INFO - Epoch(test) [650/980]    eta: 0:01:16  time: 0.2305  data_time: 0.0219  memory: 1505  
2026/08/25 03:15:43 - mmengine - INFO - Epoch(test) [700/980]    eta: 0:01:04  time: 0.2224  data_time: 0.0225  memory: 1416  
2026/08/25 03:15:54 - mmengine - INFO - Epoch(test) [750/980]    eta: 0:00:52  time: 0.2245  data_time: 0.0226  memory: 1456  
2026/08/25 03:16:05 - mmengine - INFO - Epoch(test) [800/980]    eta: 0:00:41  time: 0.2210  data_time: 0.0219  memory: 1459  
2026/08/25 03:16:17 - mmengine - INFO - Epoch(test) [850/980]    eta: 0:00:29  time: 0.2398  data_time: 0.0225  memory: 1618  
2026/08/25 03:16:28 - mmengine - INFO - Epoch(test) [900/980]    eta: 0:00:18  time: 0.2230  data_time: 0.0217  memory: 1577  
2026/08/25 03:16:41 - mmengine - INFO - Epoch(test) [950/980]    eta: 0:00:06  time: 0.2486  data_time: 0.0255  memory: 1710  
2026/08/25 03:16:48 - mmengine - INFO - Point-level OOD evaluation: 253052359 ID points, 7683321 OOD points (2.9468% OOD)
2026/08/25 03:16:48 - mmengine - INFO -     method |    AUROC |       AP |   FPR@95
2026/08/25 03:16:48 - mmengine - INFO - -------------------------------------------
2026/08/25 03:16:50 - mmengine - INFO -        msp |    90.42 |    28.27 |    32.32
2026/08/25 03:16:52 - mmengine - INFO -   maxlogit |    93.20 |    41.73 |    26.63
2026/08/25 03:16:54 - mmengine - INFO -       odin |    94.86 |    44.59 |    23.39
2026/08/25 03:16:56 - mmengine - INFO -     energy |    93.14 |    40.33 |    26.35
2026/08/25 03:16:58 - mmengine - INFO -    entropy |    92.10 |    38.71 |    31.29
2026/08/25 03:17:00 - mmengine - INFO -  group_msp |    90.19 |    20.33 |    31.68
2026/08/25 03:17:03 - mmengine - INFO - group_maxlogit |    93.20 |    41.73 |    26.63
2026/08/25 03:17:05 - mmengine - INFO - group_odin |    31.82 |     2.00 |    94.13
2026/08/25 03:17:07 - mmengine - INFO - group_energy |    93.23 |    41.15 |    26.45
2026/08/25 03:17:09 - mmengine - INFO - group_entropy |    91.15 |    28.14 |    31.05
2026/08/25 03:17:11 - mmengine - INFO -     gn_msp |    91.20 |    24.01 |    26.13
2026/08/25 03:17:13 - mmengine - INFO - gn_maxlogit |    93.45 |    41.11 |    24.67
2026/08/25 03:17:15 - mmengine - INFO -    gn_odin |    81.82 |    15.93 |    78.84
2026/08/25 03:17:17 - mmengine - INFO -  gn_energy |    93.48 |    40.77 |    24.45
2026/08/25 03:17:19 - mmengine - INFO - gn_entropy |    90.57 |    16.77 |    26.13
2026/08/25 03:17:21 - mmengine - INFO - m4_hgcn_gn_energy |    92.42 |    40.47 |    29.69
2026/08/25 03:17:23 - mmengine - INFO - m4_hgcn_gn_entropy |    40.49 |     7.33 |    96.76
2026/08/25 03:17:25 - mmengine - INFO - m4_hgcn_gn_maxlogit |    92.34 |    41.24 |    29.86
2026/08/25 03:17:27 - mmengine - INFO - m4_hgcn_gn_msp |    88.89 |    44.75 |    96.76
2026/08/25 03:17:29 - mmengine - INFO - m4_hgcn_gn_odin |    62.16 |     3.65 |    74.80
2026/08/25 03:17:31 - mmengine - INFO - m4_hgcn_group_energy |    93.26 |    39.82 |    26.30
2026/08/25 03:17:33 - mmengine - INFO - m4_hgcn_group_entropy |    95.56 |    42.01 |    20.49
2026/08/25 03:17:35 - mmengine - INFO - m4_hgcn_group_maxlogit |    93.20 |    41.73 |    26.63
2026/08/25 03:17:37 - mmengine - INFO - m4_hgcn_group_msp |    95.54 |    42.31 |    20.59
2026/08/25 03:17:39 - mmengine - INFO - m4_hgcn_group_odin |    63.16 |     4.11 |    74.76
2026/08/25 03:17:41 - mmengine - INFO - m4_hgco_gn_energy |    92.68 |    36.73 |    27.18
2026/08/25 03:17:43 - mmengine - INFO - m4_hgco_gn_entropy |    49.21 |     5.12 |    67.50
2026/08/25 03:17:45 - mmengine - INFO - m4_hgco_gn_maxlogit |    92.72 |    37.65 |    27.17
2026/08/25 03:17:47 - mmengine - INFO - m4_hgco_gn_msp |    80.71 |    18.09 |    67.29
2026/08/25 03:17:49 - mmengine - INFO - m4_hgco_gn_odin |    53.27 |     2.84 |    62.85
2026/08/25 03:17:51 - mmengine - INFO - m4_hgco_group_energy |    93.18 |    40.63 |    26.45
2026/08/25 03:17:53 - mmengine - INFO - m4_hgco_group_entropy |    89.41 |    23.21 |    34.16
2026/08/25 03:17:55 - mmengine - INFO - m4_hgco_group_maxlogit |    93.20 |    41.73 |    26.63
2026/08/25 03:17:57 - mmengine - INFO - m4_hgco_group_msp |    88.81 |    16.80 |    34.57
2026/08/25 03:17:59 - mmengine - INFO - m4_hgco_group_odin |    48.43 |     2.96 |    98.93
2026/08/25 03:18:01 - mmengine - INFO - m4_hgno_gn_energy |    92.19 |    40.45 |    32.98
2026/08/25 03:18:03 - mmengine - INFO - m4_hgno_gn_entropy |    42.89 |    10.08 |    96.66
2026/08/25 03:18:05 - mmengine - INFO - m4_hgno_gn_maxlogit |    92.11 |    40.46 |    32.81
2026/08/25 03:18:07 - mmengine - INFO - m4_hgno_gn_msp |    49.67 |    10.17 |    96.25
2026/08/25 03:18:09 - mmengine - INFO - m4_hgno_gn_odin |    56.04 |     4.76 |    93.75
2026/08/25 03:18:11 - mmengine - INFO - m4_hgno_group_energy |    93.24 |    41.64 |    26.39
2026/08/25 03:18:13 - mmengine - INFO - m4_hgno_group_entropy |    92.22 |    31.70 |    29.38
2026/08/25 03:18:15 - mmengine - INFO - m4_hgno_group_maxlogit |    93.20 |    41.73 |    26.63
2026/08/25 03:18:17 - mmengine - INFO - m4_hgno_group_msp |    91.80 |    24.28 |    29.69
2026/08/25 03:18:19 - mmengine - INFO - m4_hgno_group_odin |    81.41 |     9.98 |    53.45
2026/08/25 03:18:21 - mmengine - INFO - m4_vcno_gn_energy |    92.97 |    39.74 |    27.71
2026/08/25 03:18:22 - mmengine - INFO - m4_vcno_gn_entropy |    52.75 |     3.17 |    57.65
2026/08/25 03:18:24 - mmengine - INFO - m4_vcno_gn_maxlogit |    93.01 |    40.26 |    28.18
2026/08/25 03:18:26 - mmengine - INFO - m4_vcno_gn_msp |    86.29 |    13.57 |    57.39
2026/08/25 03:18:28 - mmengine - INFO - m4_vcno_gn_odin |    80.93 |     7.60 |    39.66
2026/08/25 03:18:30 - mmengine - INFO - m4_vcno_group_energy |    93.15 |    41.26 |    26.42
2026/08/25 03:18:32 - mmengine - INFO - m4_vcno_group_entropy |    85.81 |    11.42 |    42.26
2026/08/25 03:18:34 - mmengine - INFO - m4_vcno_group_maxlogit |    93.20 |    41.73 |    26.63
2026/08/25 03:18:36 - mmengine - INFO - m4_vcno_group_msp |    85.67 |    11.21 |    42.60
2026/08/25 03:18:38 - mmengine - INFO - m4_vcno_group_odin |    37.69 |     2.21 |    76.51
2026/08/25 03:18:40 - mmengine - INFO - m4_vgcn_gn_energy |    92.79 |    40.93 |    27.90
2026/08/25 03:18:42 - mmengine - INFO - m4_vgcn_gn_entropy |     9.52 |     1.64 |    97.15
2026/08/25 03:18:44 - mmengine - INFO - m4_vgcn_gn_maxlogit |    92.82 |    42.88 |    28.14
2026/08/25 03:18:46 - mmengine - INFO - m4_vgcn_gn_msp |    91.72 |    38.71 |    43.38
2026/08/25 03:18:48 - mmengine - INFO - m4_vgcn_gn_odin |    50.03 |     3.19 |    92.23
2026/08/25 03:18:50 - mmengine - INFO - m4_vgcn_group_energy |    93.15 |    39.31 |    26.32
2026/08/25 03:18:52 - mmengine - INFO - m4_vgcn_group_entropy |    92.67 |    29.65 |    35.23
2026/08/25 03:18:54 - mmengine - INFO - m4_vgcn_group_maxlogit |    93.20 |    41.73 |    26.63
2026/08/25 03:18:56 - mmengine - INFO - m4_vgcn_group_msp |    92.63 |    29.62 |    35.46
2026/08/25 03:18:58 - mmengine - INFO - m4_vgcn_group_odin |    49.21 |     2.95 |    92.33
2026/08/25 03:19:00 - mmengine - INFO - m4_vgco_gn_energy |    92.91 |    36.52 |    26.39
2026/08/25 03:19:01 - mmengine - INFO - m4_vgco_gn_entropy |    50.19 |     4.33 |    67.53
2026/08/25 03:19:04 - mmengine - INFO - m4_vgco_gn_maxlogit |    93.04 |    38.19 |    26.28
2026/08/25 03:19:05 - mmengine - INFO - m4_vgco_gn_msp |    78.11 |    12.22 |    66.86
2026/08/25 03:19:07 - mmengine - INFO - m4_vgco_gn_odin |    54.57 |     2.92 |    62.69
2026/08/25 03:19:09 - mmengine - INFO - m4_vgco_group_energy |    93.08 |    40.15 |    26.47
2026/08/25 03:19:11 - mmengine - INFO - m4_vgco_group_entropy |    83.54 |    12.63 |    56.73
2026/08/25 03:19:13 - mmengine - INFO - m4_vgco_group_maxlogit |    93.20 |    41.73 |    26.63
2026/08/25 03:19:15 - mmengine - INFO - m4_vgco_group_msp |    83.42 |    11.72 |    57.18
2026/08/25 03:19:17 - mmengine - INFO - m4_vgco_group_odin |    38.43 |     2.18 |    99.76
2026/08/25 03:19:19 - mmengine - INFO - m4_vgno_gn_energy |    92.28 |    41.15 |    33.29
2026/08/25 03:19:21 - mmengine - INFO - m4_vgno_gn_entropy |    21.43 |     3.04 |    95.47
2026/08/25 03:19:23 - mmengine - INFO - m4_vgno_gn_maxlogit |    92.23 |    41.19 |    33.04
2026/08/25 03:19:25 - mmengine - INFO - m4_vgno_gn_msp |    46.86 |     8.49 |    93.93
2026/08/25 03:19:27 - mmengine - INFO - m4_vgno_gn_odin |    62.25 |     5.00 |    94.11
2026/08/25 03:19:29 - mmengine - INFO - m4_vgno_group_energy |    93.21 |    41.84 |    26.39
2026/08/25 03:19:31 - mmengine - INFO - m4_vgno_group_entropy |    91.65 |    23.30 |    30.48
2026/08/25 03:19:33 - mmengine - INFO - m4_vgno_group_maxlogit |    93.20 |    41.73 |    26.63
2026/08/25 03:19:35 - mmengine - INFO - m4_vgno_group_msp |    91.60 |    22.12 |    30.54
2026/08/25 03:19:37 - mmengine - INFO - m4_vgno_group_odin |    71.78 |     4.95 |    51.52
2026/08/25 03:19:39 - mmengine - INFO - m4_vhcn_gn_energy |    92.97 |    40.21 |    27.59
2026/08/25 03:19:41 - mmengine - INFO - m4_vhcn_gn_entropy |    53.24 |     3.19 |    56.13
2026/08/25 03:19:43 - mmengine - INFO - m4_vhcn_gn_maxlogit |    92.98 |    41.14 |    28.00
2026/08/25 03:19:45 - mmengine - INFO - m4_vhcn_gn_msp |    87.81 |    17.11 |    56.07
2026/08/25 03:19:47 - mmengine - INFO - m4_vhcn_gn_odin |    79.68 |     7.68 |    53.34
2026/08/25 03:19:49 - mmengine - INFO - m4_vhcn_group_energy |    93.17 |    40.62 |    26.39
2026/08/25 03:19:51 - mmengine - INFO - m4_vhcn_group_entropy |    88.61 |    15.48 |    35.72
2026/08/25 03:19:52 - mmengine - INFO - m4_vhcn_group_maxlogit |    93.20 |    41.73 |    26.63
2026/08/25 03:19:54 - mmengine - INFO - m4_vhcn_group_msp |    88.29 |    13.82 |    36.07
2026/08/25 03:19:56 - mmengine - INFO - m4_vhcn_group_odin |    34.83 |     2.10 |    88.67
2026/08/25 03:19:58 - mmengine - INFO - m4_vhco_gn_energy |    93.58 |    36.48 |    22.33
2026/08/25 03:20:00 - mmengine - INFO - m4_vhco_gn_entropy |    82.21 |     8.09 |    28.30
2026/08/25 03:20:02 - mmengine - INFO - m4_vhco_gn_maxlogit |    93.66 |    37.53 |    22.70
2026/08/25 03:20:04 - mmengine - INFO - m4_vhco_gn_msp |    88.65 |    18.47 |    27.86
2026/08/25 03:20:06 - mmengine - INFO - m4_vhco_gn_odin |    89.57 |    14.28 |    25.65
2026/08/25 03:20:08 - mmengine - INFO - m4_vhco_group_energy |    93.13 |    41.26 |    26.47
2026/08/25 03:20:10 - mmengine - INFO - m4_vhco_group_entropy |    86.32 |    17.40 |    47.51
2026/08/25 03:20:12 - mmengine - INFO - m4_vhco_group_maxlogit |    93.20 |    41.73 |    26.63
2026/08/25 03:20:14 - mmengine - INFO - m4_vhco_group_msp |    85.88 |    14.64 |    47.87
2026/08/25 03:20:16 - mmengine - INFO - m4_vhco_group_odin |    15.68 |     1.62 |    99.48
2026/08/25 03:20:18 - mmengine - INFO - m4_vhgn_gn_energy |    92.38 |    42.04 |    32.48
2026/08/25 03:20:20 - mmengine - INFO - m4_vhgn_gn_entropy |    36.56 |     4.86 |    93.54
2026/08/25 03:20:22 - mmengine - INFO - m4_vhgn_gn_maxlogit |    92.33 |    42.68 |    32.24
2026/08/25 03:20:24 - mmengine - INFO - m4_vhgn_gn_msp |    51.56 |    10.75 |    93.04
2026/08/25 03:20:26 - mmengine - INFO - m4_vhgn_gn_odin |    56.77 |     3.83 |    94.13
2026/08/25 03:20:28 - mmengine - INFO - m4_vhgn_group_energy |    93.22 |    41.14 |    26.36
2026/08/25 03:20:30 - mmengine - INFO - m4_vhgn_group_entropy |    91.97 |    28.96 |    30.07
2026/08/25 03:20:32 - mmengine - INFO - m4_vhgn_group_maxlogit |    93.20 |    41.73 |    26.63
2026/08/25 03:20:34 - mmengine - INFO - m4_vhgn_group_msp |    91.69 |    23.00 |    30.06
2026/08/25 03:20:35 - mmengine - INFO - m4_vhgn_group_odin |    67.71 |     4.05 |    55.94
2026/08/25 03:20:37 - mmengine - INFO - m4_vhgo_gn_energy |    93.09 |    40.27 |    27.41
2026/08/25 03:20:39 - mmengine - INFO - m4_vhgo_gn_entropy |    60.46 |     7.10 |    67.80
2026/08/25 03:20:41 - mmengine - INFO - m4_vhgo_gn_maxlogit |    93.08 |    40.46 |    27.38
2026/08/25 03:20:43 - mmengine - INFO - m4_vhgo_gn_msp |    61.99 |     9.55 |    66.98
2026/08/25 03:20:45 - mmengine - INFO - m4_vhgo_gn_odin |    54.31 |     3.00 |    78.87
2026/08/25 03:20:47 - mmengine - INFO - m4_vhgo_group_energy |    93.23 |    41.82 |    26.45
2026/08/25 03:20:49 - mmengine - INFO - m4_vhgo_group_entropy |    90.76 |    26.80 |    31.82
2026/08/25 03:20:51 - mmengine - INFO - m4_vhgo_group_maxlogit |    93.20 |    41.73 |    26.63
2026/08/25 03:20:53 - mmengine - INFO - m4_vhgo_group_msp |    90.17 |    20.61 |    31.97
2026/08/25 03:20:55 - mmengine - INFO - m4_vhgo_group_odin |    55.84 |     3.06 |    56.99
2026/08/25 03:20:57 - mmengine - INFO - m4_vhno_gn_energy |    92.91 |    40.42 |    29.51
2026/08/25 03:20:59 - mmengine - INFO - m4_vhno_gn_entropy |    64.59 |     6.73 |    58.08
2026/08/25 03:21:01 - mmengine - INFO - m4_vhno_gn_maxlogit |    92.91 |    40.03 |    29.58
2026/08/25 03:21:03 - mmengine - INFO - m4_vhno_gn_msp |    70.60 |     9.05 |    57.57
2026/08/25 03:21:05 - mmengine - INFO - m4_vhno_gn_odin |    68.28 |     5.53 |    94.11
2026/08/25 03:21:07 - mmengine - INFO - m4_vhno_group_energy |    93.21 |    42.37 |    26.47
2026/08/25 03:21:09 - mmengine - INFO - m4_vhno_group_entropy |    89.98 |    22.32 |    34.87
2026/08/25 03:21:11 - mmengine - INFO - m4_vhno_group_maxlogit |    93.20 |    41.73 |    26.63
2026/08/25 03:21:13 - mmengine - INFO - m4_vhno_group_msp |    89.60 |    18.77 |    35.15
2026/08/25 03:21:15 - mmengine - INFO - m4_vhno_group_odin |    52.47 |     3.46 |    95.43
2026/08/25 03:21:15 - mmengine - INFO - Epoch(test) [980/980]    ood/msp_AUROC: 90.4207  ood/msp_AP: 28.2728  ood/msp_FPR95: 32.3161  ood/maxlogit_AUROC: 93.1954  ood/maxlogit_AP: 41.7321  ood/maxlogit_FPR95: 26.6318  ood/odin_AUROC: 94.8564  ood/odin_AP: 44.5884  ood/odin_FPR95: 23.3896  ood/energy_AUROC: 93.1389  ood/energy_AP: 40.3339  ood/energy_FPR95: 26.3465  ood/entropy_AUROC: 92.1024  ood/entropy_AP: 38.7111  ood/entropy_FPR95: 31.2887  ood/group_msp_AUROC: 90.1908  ood/group_msp_AP: 20.3266  ood/group_msp_FPR95: 31.6846  ood/group_maxlogit_AUROC: 93.1954  ood/group_maxlogit_AP: 41.7321  ood/group_maxlogit_FPR95: 26.6318  ood/group_odin_AUROC: 31.8158  ood/group_odin_AP: 1.9950  ood/group_odin_FPR95: 94.1269  ood/group_energy_AUROC: 93.2323  ood/group_energy_AP: 41.1506  ood/group_energy_FPR95: 26.4467  ood/group_entropy_AUROC: 91.1538  ood/group_entropy_AP: 28.1397  ood/group_entropy_FPR95: 31.0538  ood/gn_msp_AUROC: 91.1951  ood/gn_msp_AP: 24.0135  ood/gn_msp_FPR95: 26.1316  ood/gn_maxlogit_AUROC: 93.4507  ood/gn_maxlogit_AP: 41.1148  ood/gn_maxlogit_FPR95: 24.6704  ood/gn_odin_AUROC: 81.8152  ood/gn_odin_AP: 15.9283  ood/gn_odin_FPR95: 78.8432  ood/gn_energy_AUROC: 93.4820  ood/gn_energy_AP: 40.7655  ood/gn_energy_FPR95: 24.4541  ood/gn_entropy_AUROC: 90.5661  ood/gn_entropy_AP: 16.7744  ood/gn_entropy_FPR95: 26.1316  ood/m4_hgcn_gn_energy_AUROC: 92.4205  ood/m4_hgcn_gn_energy_AP: 40.4726  ood/m4_hgcn_gn_energy_FPR95: 29.6912  ood/m4_hgcn_gn_entropy_AUROC: 40.4858  ood/m4_hgcn_gn_entropy_AP: 7.3280  ood/m4_hgcn_gn_entropy_FPR95: 96.7612  ood/m4_hgcn_gn_maxlogit_AUROC: 92.3368  ood/m4_hgcn_gn_maxlogit_AP: 41.2450  ood/m4_hgcn_gn_maxlogit_FPR95: 29.8551  ood/m4_hgcn_gn_msp_AUROC: 88.8938  ood/m4_hgcn_gn_msp_AP: 44.7476  ood/m4_hgcn_gn_msp_FPR95: 96.7629  ood/m4_hgcn_gn_odin_AUROC: 62.1628  ood/m4_hgcn_gn_odin_AP: 3.6474  ood/m4_hgcn_gn_odin_FPR95: 74.8036  ood/m4_hgcn_group_energy_AUROC: 93.2570  ood/m4_hgcn_group_energy_AP: 39.8173  ood/m4_hgcn_group_energy_FPR95: 26.3024  ood/m4_hgcn_group_entropy_AUROC: 95.5571  ood/m4_hgcn_group_entropy_AP: 42.0090  ood/m4_hgcn_group_entropy_FPR95: 20.4905  ood/m4_hgcn_group_maxlogit_AUROC: 93.1954  ood/m4_hgcn_group_maxlogit_AP: 41.7321  ood/m4_hgcn_group_maxlogit_FPR95: 26.6318  ood/m4_hgcn_group_msp_AUROC: 95.5356  ood/m4_hgcn_group_msp_AP: 42.3108  ood/m4_hgcn_group_msp_FPR95: 20.5862  ood/m4_hgcn_group_odin_AUROC: 63.1576  ood/m4_hgcn_group_odin_AP: 4.1065  ood/m4_hgcn_group_odin_FPR95: 74.7630  ood/m4_hgco_gn_energy_AUROC: 92.6790  ood/m4_hgco_gn_energy_AP: 36.7271  ood/m4_hgco_gn_energy_FPR95: 27.1799  ood/m4_hgco_gn_entropy_AUROC: 49.2055  ood/m4_hgco_gn_entropy_AP: 5.1201  ood/m4_hgco_gn_entropy_FPR95: 67.5018  ood/m4_hgco_gn_maxlogit_AUROC: 92.7197  ood/m4_hgco_gn_maxlogit_AP: 37.6544  ood/m4_hgco_gn_maxlogit_FPR95: 27.1728  ood/m4_hgco_gn_msp_AUROC: 80.7074  ood/m4_hgco_gn_msp_AP: 18.0944  ood/m4_hgco_gn_msp_FPR95: 67.2935  ood/m4_hgco_gn_odin_AUROC: 53.2670  ood/m4_hgco_gn_odin_AP: 2.8417  ood/m4_hgco_gn_odin_FPR95: 62.8508  ood/m4_hgco_group_energy_AUROC: 93.1794  ood/m4_hgco_group_energy_AP: 40.6341  ood/m4_hgco_group_energy_FPR95: 26.4526  ood/m4_hgco_group_entropy_AUROC: 89.4063  ood/m4_hgco_group_entropy_AP: 23.2099  ood/m4_hgco_group_entropy_FPR95: 34.1630  ood/m4_hgco_group_maxlogit_AUROC: 93.1954  ood/m4_hgco_group_maxlogit_AP: 41.7321  ood/m4_hgco_group_maxlogit_FPR95: 26.6318  ood/m4_hgco_group_msp_AUROC: 88.8094  ood/m4_hgco_group_msp_AP: 16.8031  ood/m4_hgco_group_msp_FPR95: 34.5727  ood/m4_hgco_group_odin_AUROC: 48.4344  ood/m4_hgco_group_odin_AP: 2.9568  ood/m4_hgco_group_odin_FPR95: 98.9299  ood/m4_hgno_gn_energy_AUROC: 92.1886  ood/m4_hgno_gn_energy_AP: 40.4549  ood/m4_hgno_gn_energy_FPR95: 32.9774  ood/m4_hgno_gn_entropy_AUROC: 42.8858  ood/m4_hgno_gn_entropy_AP: 10.0785  ood/m4_hgno_gn_entropy_FPR95: 96.6566  ood/m4_hgno_gn_maxlogit_AUROC: 92.1140  ood/m4_hgno_gn_maxlogit_AP: 40.4618  ood/m4_hgno_gn_maxlogit_FPR95: 32.8101  ood/m4_hgno_gn_msp_AUROC: 49.6733  ood/m4_hgno_gn_msp_AP: 10.1681  ood/m4_hgno_gn_msp_FPR95: 96.2463  ood/m4_hgno_gn_odin_AUROC: 56.0357  ood/m4_hgno_gn_odin_AP: 4.7637  ood/m4_hgno_gn_odin_FPR95: 93.7464  ood/m4_hgno_group_energy_AUROC: 93.2369  ood/m4_hgno_group_energy_AP: 41.6425  ood/m4_hgno_group_energy_FPR95: 26.3857  ood/m4_hgno_group_entropy_AUROC: 92.2239  ood/m4_hgno_group_entropy_AP: 31.7001  ood/m4_hgno_group_entropy_FPR95: 29.3836  ood/m4_hgno_group_maxlogit_AUROC: 93.1954  ood/m4_hgno_group_maxlogit_AP: 41.7321  ood/m4_hgno_group_maxlogit_FPR95: 26.6318  ood/m4_hgno_group_msp_AUROC: 91.8001  ood/m4_hgno_group_msp_AP: 24.2784  ood/m4_hgno_group_msp_FPR95: 29.6940  ood/m4_hgno_group_odin_AUROC: 81.4097  ood/m4_hgno_group_odin_AP: 9.9822  ood/m4_hgno_group_odin_FPR95: 53.4549  ood/m4_vcno_gn_energy_AUROC: 92.9725  ood/m4_vcno_gn_energy_AP: 39.7396  ood/m4_vcno_gn_energy_FPR95: 27.7113  ood/m4_vcno_gn_entropy_AUROC: 52.7523  ood/m4_vcno_gn_entropy_AP: 3.1736  ood/m4_vcno_gn_entropy_FPR95: 57.6525  ood/m4_vcno_gn_maxlogit_AUROC: 93.0079  ood/m4_vcno_gn_maxlogit_AP: 40.2570  ood/m4_vcno_gn_maxlogit_FPR95: 28.1756  ood/m4_vcno_gn_msp_AUROC: 86.2906  ood/m4_vcno_gn_msp_AP: 13.5734  ood/m4_vcno_gn_msp_FPR95: 57.3870  ood/m4_vcno_gn_odin_AUROC: 80.9306  ood/m4_vcno_gn_odin_AP: 7.5981  ood/m4_vcno_gn_odin_FPR95: 39.6639  ood/m4_vcno_group_energy_AUROC: 93.1539  ood/m4_vcno_group_energy_AP: 41.2587  ood/m4_vcno_group_energy_FPR95: 26.4189  ood/m4_vcno_group_entropy_AUROC: 85.8138  ood/m4_vcno_group_entropy_AP: 11.4154  ood/m4_vcno_group_entropy_FPR95: 42.2573  ood/m4_vcno_group_maxlogit_AUROC: 93.1954  ood/m4_vcno_group_maxlogit_AP: 41.7321  ood/m4_vcno_group_maxlogit_FPR95: 26.6318  ood/m4_vcno_group_msp_AUROC: 85.6687  ood/m4_vcno_group_msp_AP: 11.2145  ood/m4_vcno_group_msp_FPR95: 42.6032  ood/m4_vcno_group_odin_AUROC: 37.6878  ood/m4_vcno_group_odin_AP: 2.2076  ood/m4_vcno_group_odin_FPR95: 76.5142  ood/m4_vgcn_gn_energy_AUROC: 92.7920  ood/m4_vgcn_gn_energy_AP: 40.9333  ood/m4_vgcn_gn_energy_FPR95: 27.8956  ood/m4_vgcn_gn_entropy_AUROC: 9.5242  ood/m4_vgcn_gn_entropy_AP: 1.6399  ood/m4_vgcn_gn_entropy_FPR95: 97.1533  ood/m4_vgcn_gn_maxlogit_AUROC: 92.8237  ood/m4_vgcn_gn_maxlogit_AP: 42.8756  ood/m4_vgcn_gn_maxlogit_FPR95: 28.1377  ood/m4_vgcn_gn_msp_AUROC: 91.7170  ood/m4_vgcn_gn_msp_AP: 38.7095  ood/m4_vgcn_gn_msp_FPR95: 43.3763  ood/m4_vgcn_gn_odin_AUROC: 50.0294  ood/m4_vgcn_gn_odin_AP: 3.1878  ood/m4_vgcn_gn_odin_FPR95: 92.2342  ood/m4_vgcn_group_energy_AUROC: 93.1531  ood/m4_vgcn_group_energy_AP: 39.3093  ood/m4_vgcn_group_energy_FPR95: 26.3224  ood/m4_vgcn_group_entropy_AUROC: 92.6700  ood/m4_vgcn_group_entropy_AP: 29.6493  ood/m4_vgcn_group_entropy_FPR95: 35.2264  ood/m4_vgcn_group_maxlogit_AUROC: 93.1954  ood/m4_vgcn_group_maxlogit_AP: 41.7321  ood/m4_vgcn_group_maxlogit_FPR95: 26.6318  ood/m4_vgcn_group_msp_AUROC: 92.6322  ood/m4_vgcn_group_msp_AP: 29.6216  ood/m4_vgcn_group_msp_FPR95: 35.4565  ood/m4_vgcn_group_odin_AUROC: 49.2116  ood/m4_vgcn_group_odin_AP: 2.9536  ood/m4_vgcn_group_odin_FPR95: 92.3263  ood/m4_vgco_gn_energy_AUROC: 92.9122  ood/m4_vgco_gn_energy_AP: 36.5208  ood/m4_vgco_gn_energy_FPR95: 26.3897  ood/m4_vgco_gn_entropy_AUROC: 50.1937  ood/m4_vgco_gn_entropy_AP: 4.3341  ood/m4_vgco_gn_entropy_FPR95: 67.5333  ood/m4_vgco_gn_maxlogit_AUROC: 93.0355  ood/m4_vgco_gn_maxlogit_AP: 38.1860  ood/m4_vgco_gn_maxlogit_FPR95: 26.2778  ood/m4_vgco_gn_msp_AUROC: 78.1113  ood/m4_vgco_gn_msp_AP: 12.2244  ood/m4_vgco_gn_msp_FPR95: 66.8631  ood/m4_vgco_gn_odin_AUROC: 54.5746  ood/m4_vgco_gn_odin_AP: 2.9161  ood/m4_vgco_gn_odin_FPR95: 62.6938  ood/m4_vgco_group_energy_AUROC: 93.0792  ood/m4_vgco_group_energy_AP: 40.1465  ood/m4_vgco_group_energy_FPR95: 26.4683  ood/m4_vgco_group_entropy_AUROC: 83.5422  ood/m4_vgco_group_entropy_AP: 12.6284  ood/m4_vgco_group_entropy_FPR95: 56.7261  ood/m4_vgco_group_maxlogit_AUROC: 93.1954  ood/m4_vgco_group_maxlogit_AP: 41.7321  ood/m4_vgco_group_maxlogit_FPR95: 26.6318  ood/m4_vgco_group_msp_AUROC: 83.4200  ood/m4_vgco_group_msp_AP: 11.7210  ood/m4_vgco_group_msp_FPR95: 57.1840  ood/m4_vgco_group_odin_AUROC: 38.4259  ood/m4_vgco_group_odin_AP: 2.1799  ood/m4_vgco_group_odin_FPR95: 99.7606  ood/m4_vgno_gn_energy_AUROC: 92.2783  ood/m4_vgno_gn_energy_AP: 41.1457  ood/m4_vgno_gn_energy_FPR95: 33.2927  ood/m4_vgno_gn_entropy_AUROC: 21.4275  ood/m4_vgno_gn_entropy_AP: 3.0397  ood/m4_vgno_gn_entropy_FPR95: 95.4718  ood/m4_vgno_gn_maxlogit_AUROC: 92.2258  ood/m4_vgno_gn_maxlogit_AP: 41.1932  ood/m4_vgno_gn_maxlogit_FPR95: 33.0434  ood/m4_vgno_gn_msp_AUROC: 46.8637  ood/m4_vgno_gn_msp_AP: 8.4909  ood/m4_vgno_gn_msp_FPR95: 93.9277  ood/m4_vgno_gn_odin_AUROC: 62.2464  ood/m4_vgno_gn_odin_AP: 4.9982  ood/m4_vgno_gn_odin_FPR95: 94.1148  ood/m4_vgno_group_energy_AUROC: 93.2115  ood/m4_vgno_group_energy_AP: 41.8369  ood/m4_vgno_group_energy_FPR95: 26.3897  ood/m4_vgno_group_entropy_AUROC: 91.6468  ood/m4_vgno_group_entropy_AP: 23.3047  ood/m4_vgno_group_entropy_FPR95: 30.4832  ood/m4_vgno_group_maxlogit_AUROC: 93.1954  ood/m4_vgno_group_maxlogit_AP: 41.7321  ood/m4_vgno_group_maxlogit_FPR95: 26.6318  ood/m4_vgno_group_msp_AUROC: 91.6011  ood/m4_vgno_group_msp_AP: 22.1169  ood/m4_vgno_group_msp_FPR95: 30.5412  ood/m4_vgno_group_odin_AUROC: 71.7807  ood/m4_vgno_group_odin_AP: 4.9521  ood/m4_vgno_group_odin_FPR95: 51.5195  ood/m4_vhcn_gn_energy_AUROC: 92.9681  ood/m4_vhcn_gn_energy_AP: 40.2106  ood/m4_vhcn_gn_energy_FPR95: 27.5881  ood/m4_vhcn_gn_entropy_AUROC: 53.2385  ood/m4_vhcn_gn_entropy_AP: 3.1872  ood/m4_vhcn_gn_entropy_FPR95: 56.1262  ood/m4_vhcn_gn_maxlogit_AUROC: 92.9847  ood/m4_vhcn_gn_maxlogit_AP: 41.1393  ood/m4_vhcn_gn_maxlogit_FPR95: 28.0045  ood/m4_vhcn_gn_msp_AUROC: 87.8105  ood/m4_vhcn_gn_msp_AP: 17.1150  ood/m4_vhcn_gn_msp_FPR95: 56.0716  ood/m4_vhcn_gn_odin_AUROC: 79.6796  ood/m4_vhcn_gn_odin_AP: 7.6774  ood/m4_vhcn_gn_odin_FPR95: 53.3417  ood/m4_vhcn_group_energy_AUROC: 93.1707  ood/m4_vhcn_group_energy_AP: 40.6154  ood/m4_vhcn_group_energy_FPR95: 26.3948  ood/m4_vhcn_group_entropy_AUROC: 88.6122  ood/m4_vhcn_group_entropy_AP: 15.4812  ood/m4_vhcn_group_entropy_FPR95: 35.7157  ood/m4_vhcn_group_maxlogit_AUROC: 93.1954  ood/m4_vhcn_group_maxlogit_AP: 41.7321  ood/m4_vhcn_group_maxlogit_FPR95: 26.6318  ood/m4_vhcn_group_msp_AUROC: 88.2914  ood/m4_vhcn_group_msp_AP: 13.8239  ood/m4_vhcn_group_msp_FPR95: 36.0735  ood/m4_vhcn_group_odin_AUROC: 34.8258  ood/m4_vhcn_group_odin_AP: 2.1002  ood/m4_vhcn_group_odin_FPR95: 88.6731  ood/m4_vhco_gn_energy_AUROC: 93.5764  ood/m4_vhco_gn_energy_AP: 36.4835  ood/m4_vhco_gn_energy_FPR95: 22.3254  ood/m4_vhco_gn_entropy_AUROC: 82.2056  ood/m4_vhco_gn_entropy_AP: 8.0885  ood/m4_vhco_gn_entropy_FPR95: 28.3011  ood/m4_vhco_gn_maxlogit_AUROC: 93.6600  ood/m4_vhco_gn_maxlogit_AP: 37.5325  ood/m4_vhco_gn_maxlogit_FPR95: 22.6958  ood/m4_vhco_gn_msp_AUROC: 88.6490  ood/m4_vhco_gn_msp_AP: 18.4699  ood/m4_vhco_gn_msp_FPR95: 27.8569  ood/m4_vhco_gn_odin_AUROC: 89.5691  ood/m4_vhco_gn_odin_AP: 14.2793  ood/m4_vhco_gn_odin_FPR95: 25.6519  ood/m4_vhco_group_energy_AUROC: 93.1263  ood/m4_vhco_group_energy_AP: 41.2559  ood/m4_vhco_group_energy_FPR95: 26.4673  ood/m4_vhco_group_entropy_AUROC: 86.3234  ood/m4_vhco_group_entropy_AP: 17.3992  ood/m4_vhco_group_entropy_FPR95: 47.5054  ood/m4_vhco_group_maxlogit_AUROC: 93.1954  ood/m4_vhco_group_maxlogit_AP: 41.7321  ood/m4_vhco_group_maxlogit_FPR95: 26.6318  ood/m4_vhco_group_msp_AUROC: 85.8793  ood/m4_vhco_group_msp_AP: 14.6361  ood/m4_vhco_group_msp_FPR95: 47.8725  ood/m4_vhco_group_odin_AUROC: 15.6773  ood/m4_vhco_group_odin_AP: 1.6211  ood/m4_vhco_group_odin_FPR95: 99.4769  ood/m4_vhgn_gn_energy_AUROC: 92.3806  ood/m4_vhgn_gn_energy_AP: 42.0446  ood/m4_vhgn_gn_energy_FPR95: 32.4810  ood/m4_vhgn_gn_entropy_AUROC: 36.5608  ood/m4_vhgn_gn_entropy_AP: 4.8644  ood/m4_vhgn_gn_entropy_FPR95: 93.5384  ood/m4_vhgn_gn_maxlogit_AUROC: 92.3265  ood/m4_vhgn_gn_maxlogit_AP: 42.6834  ood/m4_vhgn_gn_maxlogit_FPR95: 32.2373  ood/m4_vhgn_gn_msp_AUROC: 51.5620  ood/m4_vhgn_gn_msp_AP: 10.7494  ood/m4_vhgn_gn_msp_FPR95: 93.0361  ood/m4_vhgn_gn_odin_AUROC: 56.7718  ood/m4_vhgn_gn_odin_AP: 3.8343  ood/m4_vhgn_gn_odin_FPR95: 94.1268  ood/m4_vhgn_group_energy_AUROC: 93.2195  ood/m4_vhgn_group_energy_AP: 41.1399  ood/m4_vhgn_group_energy_FPR95: 26.3641  ood/m4_vhgn_group_entropy_AUROC: 91.9723  ood/m4_vhgn_group_entropy_AP: 28.9645  ood/m4_vhgn_group_entropy_FPR95: 30.0685  ood/m4_vhgn_group_maxlogit_AUROC: 93.1954  ood/m4_vhgn_group_maxlogit_AP: 41.7321  ood/m4_vhgn_group_maxlogit_FPR95: 26.6318  ood/m4_vhgn_group_msp_AUROC: 91.6893  ood/m4_vhgn_group_msp_AP: 23.0025  ood/m4_vhgn_group_msp_FPR95: 30.0569  ood/m4_vhgn_group_odin_AUROC: 67.7079  ood/m4_vhgn_group_odin_AP: 4.0490  ood/m4_vhgn_group_odin_FPR95: 55.9355  ood/m4_vhgo_gn_energy_AUROC: 93.0864  ood/m4_vhgo_gn_energy_AP: 40.2671  ood/m4_vhgo_gn_energy_FPR95: 27.4145  ood/m4_vhgo_gn_entropy_AUROC: 60.4583  ood/m4_vhgo_gn_entropy_AP: 7.0990  ood/m4_vhgo_gn_entropy_FPR95: 67.7966  ood/m4_vhgo_gn_maxlogit_AUROC: 93.0792  ood/m4_vhgo_gn_maxlogit_AP: 40.4560  ood/m4_vhgo_gn_maxlogit_FPR95: 27.3833  ood/m4_vhgo_gn_msp_AUROC: 61.9907  ood/m4_vhgo_gn_msp_AP: 9.5542  ood/m4_vhgo_gn_msp_FPR95: 66.9838  ood/m4_vhgo_gn_odin_AUROC: 54.3136  ood/m4_vhgo_gn_odin_AP: 2.9951  ood/m4_vhgo_gn_odin_FPR95: 78.8716  ood/m4_vhgo_group_energy_AUROC: 93.2314  ood/m4_vhgo_group_energy_AP: 41.8201  ood/m4_vhgo_group_energy_FPR95: 26.4461  ood/m4_vhgo_group_entropy_AUROC: 90.7596  ood/m4_vhgo_group_entropy_AP: 26.8046  ood/m4_vhgo_group_entropy_FPR95: 31.8157  ood/m4_vhgo_group_maxlogit_AUROC: 93.1954  ood/m4_vhgo_group_maxlogit_AP: 41.7321  ood/m4_vhgo_group_maxlogit_FPR95: 26.6318  ood/m4_vhgo_group_msp_AUROC: 90.1701  ood/m4_vhgo_group_msp_AP: 20.6102  ood/m4_vhgo_group_msp_FPR95: 31.9749  ood/m4_vhgo_group_odin_AUROC: 55.8434  ood/m4_vhgo_group_odin_AP: 3.0614  ood/m4_vhgo_group_odin_FPR95: 56.9894  ood/m4_vhno_gn_energy_AUROC: 92.9149  ood/m4_vhno_gn_energy_AP: 40.4193  ood/m4_vhno_gn_energy_FPR95: 29.5100  ood/m4_vhno_gn_entropy_AUROC: 64.5912  ood/m4_vhno_gn_entropy_AP: 6.7294  ood/m4_vhno_gn_entropy_FPR95: 58.0846  ood/m4_vhno_gn_maxlogit_AUROC: 92.9108  ood/m4_vhno_gn_maxlogit_AP: 40.0310  ood/m4_vhno_gn_maxlogit_FPR95: 29.5792  ood/m4_vhno_gn_msp_AUROC: 70.5964  ood/m4_vhno_gn_msp_AP: 9.0523  ood/m4_vhno_gn_msp_FPR95: 57.5671  ood/m4_vhno_gn_odin_AUROC: 68.2801  ood/m4_vhno_gn_odin_AP: 5.5263  ood/m4_vhno_gn_odin_FPR95: 94.1114  ood/m4_vhno_group_energy_AUROC: 93.2065  ood/m4_vhno_group_energy_AP: 42.3710  ood/m4_vhno_group_energy_FPR95: 26.4675  ood/m4_vhno_group_entropy_AUROC: 89.9846  ood/m4_vhno_group_entropy_AP: 22.3250  ood/m4_vhno_group_entropy_FPR95: 34.8661  ood/m4_vhno_group_maxlogit_AUROC: 93.1954  ood/m4_vhno_group_maxlogit_AP: 41.7321  ood/m4_vhno_group_maxlogit_FPR95: 26.6318  ood/m4_vhno_group_msp_AUROC: 89.5990  ood/m4_vhno_group_msp_AP: 18.7665  ood/m4_vhno_group_msp_FPR95: 35.1500  ood/m4_vhno_group_odin_AUROC: 52.4655  ood/m4_vhno_group_odin_AP: 3.4597  ood/m4_vhno_group_odin_FPR95: 95.4302  data_time: 0.0227  time: 0.2311
