2026/08/25 02:46:10 - mmengine - INFO - 
------------------------------------------------------------
System environment:
    sys.platform: linux
    Python: 3.8.20 (default, Oct  3 2024, 15:24:27) [GCC 11.2.0]
    CUDA available: True
    numpy_random_seed: 1219847972
    GPU 0: NVIDIA RTX 6000 Ada Generation
    CUDA_HOME: /usr/local/cuda
    GCC: gcc (Ubuntu 11.4.0-1ubuntu1~22.04) 11.4.0
    PyTorch: 1.10.1+cu111
    PyTorch compiling details: PyTorch built with:
  - GCC 7.3
  - C++ Version: 201402
  - Intel(R) Math Kernel Library Version 2020.0.0 Product Build 20191122 for Intel(R) 64 architecture applications
  - Intel(R) MKL-DNN v2.2.3 (Git Hash 7336ca9f055cf1bfa13efb658fe15dc9b41f0740)
  - OpenMP 201511 (a.k.a. OpenMP 4.5)
  - LAPACK is enabled (usually provided by MKL)
  - NNPACK is enabled
  - CPU capability usage: AVX2
  - CUDA Runtime 11.1
  - NVCC architecture flags: -gencode;arch=compute_37,code=sm_37;-gencode;arch=compute_50,code=sm_50;-gencode;arch=compute_60,code=sm_60;-gencode;arch=compute_70,code=sm_70;-gencode;arch=compute_75,code=sm_75;-gencode;arch=compute_80,code=sm_80;-gencode;arch=compute_86,code=sm_86
  - CuDNN 8.0.5
  - Magma 2.5.2
  - Build settings: BLAS_INFO=mkl, BUILD_TYPE=Release, CUDA_VERSION=11.1, CUDNN_VERSION=8.0.5, CXX_COMPILER=/opt/rh/devtoolset-7/root/usr/bin/c++, CXX_FLAGS= -Wno-deprecated -fvisibility-inlines-hidden -DUSE_PTHREADPOOL -fopenmp -DNDEBUG -DUSE_KINETO -DUSE_FBGEMM -DUSE_QNNPACK -DUSE_PYTORCH_QNNPACK -DUSE_XNNPACK -DSYMBOLICATE_MOBILE_DEBUG_HANDLE -DEDGE_PROFILER_USE_KINETO -O2 -fPIC -Wno-narrowing -Wall -Wextra -Werror=return-type -Wno-missing-field-initializers -Wno-type-limits -Wno-array-bounds -Wno-unknown-pragmas -Wno-sign-compare -Wno-unused-parameter -Wno-unused-variable -Wno-unused-function -Wno-unused-result -Wno-unused-local-typedefs -Wno-strict-overflow -Wno-strict-aliasing -Wno-error=deprecated-declarations -Wno-stringop-overflow -Wno-psabi -Wno-error=pedantic -Wno-error=redundant-decls -Wno-error=old-style-cast -fdiagnostics-color=always -faligned-new -Wno-unused-but-set-variable -Wno-maybe-uninitialized -fno-math-errno -fno-trapping-math -Werror=format -Wno-stringop-overflow, LAPACK_INFO=mkl, PERF_WITH_AVX=1, PERF_WITH_AVX2=1, PERF_WITH_AVX512=1, TORCH_VERSION=1.10.1, USE_CUDA=ON, USE_CUDNN=ON, USE_EXCEPTION_PTR=1, USE_GFLAGS=OFF, USE_GLOG=OFF, USE_MKL=ON, USE_MKLDNN=ON, USE_MPI=OFF, USE_NCCL=ON, USE_NNPACK=ON, USE_OPENMP=ON, 

    TorchVision: 0.11.2+cu111
    OpenCV: 5.0.0
    MMEngine: 0.7.4

Runtime environment:
    cudnn_benchmark: False
    mp_cfg: {'mp_start_method': 'fork', 'opencv_num_threads': 0}
    dist_cfg: {'backend': 'nccl'}
    seed: 1219847972
    Distributed launcher: none
    Distributed training: False
    GPU number: 1
------------------------------------------------------------

2026/08/25 02:46:12 - mmengine - INFO - Config:
dataset_type = '_DSODataset'
data_root = 'data/dso/'
class_names = [
    'car', 'bicycle', 'motorcycle', 'truck', 'bus', 'person', 'rider',
    'traffic-sign', 'traffic-cone', 'paved-road', 'unpaved-road', 'sidewalk',
    'building', 'window', 'perimeter-barrier', 'other-barrier',
    'overhead-bridge', 'gate', 'pole-like-object', 'drain', 'terrain',
    'trunks', 'vegetation', 'obscurant'
]
labels_map = dict({
    0: 24,
    1: 5,
    2: 6,
    3: 0,
    4: 3,
    5: 4,
    6: 2,
    7: 1,
    8: 9,
    9: 10,
    10: 11,
    11: 12,
    12: 13,
    13: 14,
    14: 15,
    15: 16,
    16: 17,
    17: 24,
    18: 18,
    19: 7,
    20: 8,
    21: 19,
    22: 20,
    23: 21,
    24: 22,
    27: 23,
    28: 24,
    29: 24,
    30: 24,
    255: 24
})
learning_map_inv = dict({
    0: 3,
    1: 7,
    2: 6,
    3: 4,
    4: 5,
    5: 1,
    6: 2,
    7: 19,
    8: 20,
    9: 8,
    10: 9,
    11: 10,
    12: 11,
    13: 12,
    14: 13,
    15: 14,
    16: 15,
    17: 16,
    18: 18,
    19: 21,
    20: 22,
    21: 23,
    22: 24,
    23: 27,
    24: 0
})
metainfo = dict(
    classes=[
        'car', 'bicycle', 'motorcycle', 'truck', 'bus', 'person', 'rider',
        'traffic-sign', 'traffic-cone', 'paved-road', 'unpaved-road',
        'sidewalk', 'building', 'window', 'perimeter-barrier', 'other-barrier',
        'overhead-bridge', 'gate', 'pole-like-object', 'drain', 'terrain',
        'trunks', 'vegetation', 'obscurant'
    ],
    seg_label_mapping=dict({
        0: 24,
        1: 5,
        2: 6,
        3: 0,
        4: 3,
        5: 4,
        6: 2,
        7: 1,
        8: 9,
        9: 10,
        10: 11,
        11: 12,
        12: 13,
        13: 14,
        14: 15,
        15: 16,
        16: 17,
        17: 24,
        18: 18,
        19: 7,
        20: 8,
        21: 19,
        22: 20,
        23: 21,
        24: 22,
        27: 23,
        28: 24,
        29: 24,
        30: 24,
        255: 24
    }),
    max_label=255)
input_modality = dict(use_lidar=True, use_camera=False)
backend_args = None
pre_transform = [
    dict(type='_LoadDSOPointsAndAnnotations'),
    dict(type='PointSegClassMapping')
]
train_pipeline = [
    dict(type='_LoadDSOPointsAndAnnotations'),
    dict(type='PointSegClassMapping'),
    dict(
        type='RandomChoice',
        transforms=[[{
            'type':
            '_LaserMix',
            'num_areas': [3, 4, 5, 6],
            'pitch_angles': [-12, 45],
            'pre_transform': [{
                'type': '_LoadDSOPointsAndAnnotations'
            }, {
                'type': 'PointSegClassMapping'
            }],
            'prob':
            0.5
        }],
                    [{
                        'type':
                        '_PolarMix',
                        'instance_classes': [0, 1, 2, 3, 4, 5, 6, 7, 8],
                        'swap_ratio':
                        0.5,
                        'rotate_paste_ratio':
                        1.0,
                        'pre_transform': [{
                            'type':
                            '_LoadDSOPointsAndAnnotations'
                        }, {
                            'type': 'PointSegClassMapping'
                        }],
                        'prob':
                        0.5
                    }]],
        prob=[0.2, 0.8]),
    dict(
        type='RandomFlip3D',
        sync_2d=False,
        flip_ratio_bev_horizontal=0.5,
        flip_ratio_bev_vertical=0.5),
    dict(
        type='GlobalRotScaleTrans',
        rot_range=[-0.78539816, 0.78539816],
        scale_ratio_range=[0.95, 1.05],
        translation_std=[0.1, 0.1, 0.1]),
    dict(
        type='Pack3DDetInputs',
        keys=['points', 'pts_semantic_mask', 'pts_instance_mask'])
]
test_pipeline = [
    dict(type='_LoadDSOPointsAndAnnotations'),
    dict(type='PointSegClassMapping'),
    dict(
        type='Pack3DDetInputs',
        keys=['points', 'pts_semantic_mask', 'pts_instance_mask'])
]
train_dataloader = dict(
    batch_size=1,
    num_workers=4,
    sampler=dict(type='DefaultSampler', shuffle=True),
    dataset=dict(
        type='RepeatDataset',
        times=1,
        dataset=dict(
            type='_DSODataset',
            data_root='data/dso/',
            data_prefix=dict(
                pts='',
                img='',
                pts_instance_mask='',
                pts_semantic_mask='',
                pts_panoptic_mask=''),
            ann_file='dso_infos_train.pkl',
            pipeline=[
                dict(type='_LoadDSOPointsAndAnnotations'),
                dict(type='PointSegClassMapping'),
                dict(
                    type='RandomChoice',
                    transforms=[[{
                        'type':
                        '_LaserMix',
                        'num_areas': [3, 4, 5, 6],
                        'pitch_angles': [-12, 45],
                        'pre_transform': [{
                            'type':
                            '_LoadDSOPointsAndAnnotations'
                        }, {
                            'type': 'PointSegClassMapping'
                        }],
                        'prob':
                        0.5
                    }],
                                [{
                                    'type':
                                    '_PolarMix',
                                    'instance_classes':
                                    [0, 1, 2, 3, 4, 5, 6, 7, 8],
                                    'swap_ratio':
                                    0.5,
                                    'rotate_paste_ratio':
                                    1.0,
                                    'pre_transform': [{
                                        'type':
                                        '_LoadDSOPointsAndAnnotations'
                                    }, {
                                        'type':
                                        'PointSegClassMapping'
                                    }],
                                    'prob':
                                    0.5
                                }]],
                    prob=[0.2, 0.8]),
                dict(
                    type='RandomFlip3D',
                    sync_2d=False,
                    flip_ratio_bev_horizontal=0.5,
                    flip_ratio_bev_vertical=0.5),
                dict(
                    type='GlobalRotScaleTrans',
                    rot_range=[-0.78539816, 0.78539816],
                    scale_ratio_range=[0.95, 1.05],
                    translation_std=[0.1, 0.1, 0.1]),
                dict(
                    type='Pack3DDetInputs',
                    keys=['points', 'pts_semantic_mask', 'pts_instance_mask'])
            ],
            metainfo=dict(
                classes=[
                    'car', 'bicycle', 'motorcycle', 'truck', 'bus', 'person',
                    'rider', 'traffic-sign', 'traffic-cone', 'paved-road',
                    'unpaved-road', 'sidewalk', 'building', 'window',
                    'perimeter-barrier', 'other-barrier', 'overhead-bridge',
                    'gate', 'pole-like-object', 'drain', 'terrain', 'trunks',
                    'vegetation', 'obscurant'
                ],
                seg_label_mapping=dict({
                    0: 24,
                    1: 5,
                    2: 6,
                    3: 0,
                    4: 3,
                    5: 4,
                    6: 2,
                    7: 1,
                    8: 9,
                    9: 10,
                    10: 11,
                    11: 12,
                    12: 13,
                    13: 14,
                    14: 15,
                    15: 16,
                    16: 17,
                    17: 24,
                    18: 18,
                    19: 7,
                    20: 8,
                    21: 19,
                    22: 20,
                    23: 21,
                    24: 22,
                    27: 23,
                    28: 24,
                    29: 24,
                    30: 24,
                    255: 24
                }),
                max_label=255),
            modality=dict(use_lidar=True, use_camera=False),
            ignore_index=24,
            backend_args=None)))
test_dataloader = dict(
    batch_size=1,
    num_workers=1,
    sampler=dict(type='DefaultSampler', shuffle=False),
    dataset=dict(
        type='RepeatDataset',
        times=1,
        dataset=dict(
            type='_DSODataset',
            data_root='data/dso/',
            data_prefix=dict(
                pts='',
                img='',
                pts_instance_mask='',
                pts_semantic_mask='',
                pts_panoptic_mask=''),
            ann_file='dso_infos_cetran.pkl',
            pipeline=[
                dict(type='_LoadDSOPointsAndAnnotations'),
                dict(type='PointSegClassMapping'),
                dict(
                    type='Pack3DDetInputs',
                    keys=['points', 'pts_semantic_mask', 'pts_instance_mask'])
            ],
            metainfo=dict(
                classes=[
                    'car', 'bicycle', 'motorcycle', 'truck', 'bus', 'person',
                    'rider', 'traffic-sign', 'traffic-cone', 'paved-road',
                    'unpaved-road', 'sidewalk', 'building', 'window',
                    'perimeter-barrier', 'other-barrier', 'overhead-bridge',
                    'gate', 'pole-like-object', 'drain', 'terrain', 'trunks',
                    'vegetation', 'obscurant'
                ],
                seg_label_mapping=dict({
                    0: 24,
                    1: 5,
                    2: 6,
                    3: 0,
                    4: 3,
                    5: 4,
                    6: 2,
                    7: 1,
                    8: 9,
                    9: 10,
                    10: 11,
                    11: 12,
                    12: 13,
                    13: 14,
                    14: 15,
                    15: 16,
                    16: 17,
                    17: 24,
                    18: 18,
                    19: 7,
                    20: 8,
                    21: 19,
                    22: 20,
                    23: 21,
                    24: 22,
                    27: 23,
                    28: 24,
                    29: 24,
                    30: 24,
                    255: 24
                }),
                max_label=255),
            modality=dict(use_lidar=True, use_camera=False),
            ignore_index=24,
            test_mode=True,
            backend_args=None)))
val_dataloader = dict(
    batch_size=1,
    num_workers=1,
    sampler=dict(type='DefaultSampler', shuffle=False),
    dataset=dict(
        type='RepeatDataset',
        times=1,
        dataset=dict(
            type='_DSODataset',
            data_root='data/dso/',
            data_prefix=dict(
                pts='',
                img='',
                pts_instance_mask='',
                pts_semantic_mask='',
                pts_panoptic_mask=''),
            ann_file='dso_infos_cetran.pkl',
            pipeline=[
                dict(type='_LoadDSOPointsAndAnnotations'),
                dict(type='PointSegClassMapping'),
                dict(
                    type='Pack3DDetInputs',
                    keys=['points', 'pts_semantic_mask', 'pts_instance_mask'])
            ],
            metainfo=dict(
                classes=[
                    'car', 'bicycle', 'motorcycle', 'truck', 'bus', 'person',
                    'rider', 'traffic-sign', 'traffic-cone', 'paved-road',
                    'unpaved-road', 'sidewalk', 'building', 'window',
                    'perimeter-barrier', 'other-barrier', 'overhead-bridge',
                    'gate', 'pole-like-object', 'drain', 'terrain', 'trunks',
                    'vegetation', 'obscurant'
                ],
                seg_label_mapping=dict({
                    0: 24,
                    1: 5,
                    2: 6,
                    3: 0,
                    4: 3,
                    5: 4,
                    6: 2,
                    7: 1,
                    8: 9,
                    9: 10,
                    10: 11,
                    11: 12,
                    12: 13,
                    13: 14,
                    14: 15,
                    15: 16,
                    16: 17,
                    17: 24,
                    18: 18,
                    19: 7,
                    20: 8,
                    21: 19,
                    22: 20,
                    23: 21,
                    24: 22,
                    27: 23,
                    28: 24,
                    29: 24,
                    30: 24,
                    255: 24
                }),
                max_label=255),
            modality=dict(use_lidar=True, use_camera=False),
            ignore_index=24,
            test_mode=True,
            backend_args=None)))
val_evaluator = [
    dict(
        type='_OODPointMetric',
        ood_raw_ids=[17, 28],
        seg_offset=65536,
        ignore_index=24)
]
test_evaluator = [
    dict(
        type='_OODPointMetric',
        ood_raw_ids=[17, 28],
        seg_offset=65536,
        ignore_index=24)
]
vis_backends = [dict(type='LocalVisBackend')]
visualizer = dict(
    type='Det3DLocalVisualizer',
    vis_backends=[dict(type='LocalVisBackend')],
    name='visualizer')
grid_shape = [480, 360, 32]
model = dict(
    type='_P3Former',
    data_preprocessor=dict(
        type='_Det3DDataPreprocessor',
        voxel=True,
        voxel_type='cylindrical',
        voxel_layer=dict(
            grid_shape=[480, 360, 32],
            point_cloud_range=[0, -3.14159265359, -3, 50, 3.14159265359, 13],
            max_num_points=-1,
            max_voxels=-1)),
    voxel_encoder=dict(
        type='SegVFE',
        feat_channels=[64, 128, 256, 256],
        in_channels=6,
        with_voxel_center=True,
        feat_compression=16,
        return_point_feats=False),
    backbone=dict(
        type='_Asymm3DSpconv',
        grid_size=[480, 360, 32],
        input_channels=16,
        base_channels=32,
        norm_cfg=dict(type='BN1d', eps=1e-05, momentum=0.1),
        more_conv=True,
        out_channels=256),
    decode_head=dict(
        type='_P3FormerHead',
        num_classes=25,
        num_queries=128,
        embed_dims=256,
        point_cloud_range=[0, -3.14159265359, -3, 50, 3.14159265359, 13],
        assigner_zero_layer_cfg=dict(
            type='mmdet.HungarianAssigner',
            match_costs=[
                dict(
                    type='mmdet.FocalLossCost',
                    weight=1.0,
                    binary_input=True,
                    gamma=2.0,
                    alpha=0.25),
                dict(type='mmdet.DiceCost', weight=2.0, pred_act=True)
            ]),
        assigner_cfg=dict(
            type='mmdet.HungarianAssigner',
            match_costs=[
                dict(
                    type='mmdet.FocalLossCost',
                    gamma=4.0,
                    alpha=0.25,
                    weight=1.0),
                dict(
                    type='mmdet.FocalLossCost',
                    weight=1.0,
                    binary_input=True,
                    gamma=2.0,
                    alpha=0.25),
                dict(type='mmdet.DiceCost', weight=2.0, pred_act=True)
            ]),
        sampler_cfg=dict(type='_MaskPseudoSampler'),
        loss_mask=dict(
            type='mmdet.FocalLoss',
            use_sigmoid=True,
            gamma=2.0,
            alpha=0.25,
            reduction='mean',
            loss_weight=1.0),
        loss_dice=dict(type='mmdet.DiceLoss', loss_weight=2.0),
        loss_cls=dict(
            type='mmdet.FocalLoss',
            use_sigmoid=True,
            gamma=4.0,
            alpha=0.25,
            loss_weight=1.0),
        num_decoder_layers=6,
        cls_channels=(256, 256, 25),
        mask_channels=(256, 256, 256, 256, 256),
        thing_class=[0, 1, 2, 3, 4, 5, 6, 7, 8],
        stuff_class=[
            9, 10, 11, 12, 13, 14, 15, 16, 17, 18, 19, 20, 21, 22, 23
        ],
        ignore_index=24,
        ood_cfg=dict(
            num_ood_logits=24,
            odin_temperature=1000.0,
            energy_temperature=1.0,
            class_groups=[[0, 1, 2, 3, 4], [5, 6], [9, 10, 11, 19],
                          [12, 13, 14, 15, 16, 17], [20, 21, 22],
                          [7, 8, 18, 23]],
            class_groups_variants=dict(
                m2_vh=[[0, 1, 2, 3, 4, 5, 6], [9, 10, 11, 19],
                       [12, 13, 14, 15, 16, 17], [20, 21, 22], [7, 8, 18, 23]],
                m2_vg=[[0, 1, 2, 3, 4, 9, 10, 11, 19], [5, 6],
                       [12, 13, 14, 15, 16, 17], [20, 21, 22], [7, 8, 18, 23]],
                m2_vc=[[0, 1, 2, 3, 4, 12, 13, 14, 15, 16, 17], [5, 6],
                       [9, 10, 11, 19], [20, 21, 22], [7, 8, 18, 23]],
                m2_vn=[[0, 1, 2, 3, 4, 20, 21, 22], [5, 6], [9, 10, 11, 19],
                       [12, 13, 14, 15, 16, 17], [7, 8, 18, 23]],
                m2_vo=[[0, 1, 2, 3, 4, 7, 8, 18, 23], [5, 6], [9, 10, 11, 19],
                       [12, 13, 14, 15, 16, 17], [20, 21, 22]],
                m2_hg=[[5, 6, 9, 10, 11, 19], [0, 1, 2, 3, 4],
                       [12, 13, 14, 15, 16, 17], [20, 21, 22], [7, 8, 18, 23]],
                m2_hc=[[5, 6, 12, 13, 14, 15, 16, 17], [0, 1, 2, 3, 4],
                       [9, 10, 11, 19], [20, 21, 22], [7, 8, 18, 23]],
                m2_hn=[[5, 6, 20, 21, 22], [0, 1, 2, 3, 4], [9, 10, 11, 19],
                       [12, 13, 14, 15, 16, 17], [7, 8, 18, 23]],
                m2_ho=[[5, 6, 7, 8, 18, 23], [0, 1, 2, 3, 4], [9, 10, 11, 19],
                       [12, 13, 14, 15, 16, 17], [20, 21, 22]],
                m2_gc=[[9, 10, 11, 19, 12, 13, 14, 15, 16, 17],
                       [0, 1, 2, 3, 4], [5, 6], [20, 21, 22], [7, 8, 18, 23]],
                m2_gn=[[9, 10, 11, 19, 20, 21, 22], [0, 1, 2, 3, 4], [5, 6],
                       [12, 13, 14, 15, 16, 17], [7, 8, 18, 23]],
                m2_go=[[9, 10, 11, 19, 7, 8, 18, 23], [0, 1, 2, 3, 4], [5, 6],
                       [12, 13, 14, 15, 16, 17], [20, 21, 22]]))),
    train_cfg=None,
    test_cfg=dict(mode='whole'))
default_scope = 'mmdet3d'
default_hooks = dict(
    timer=dict(type='IterTimerHook'),
    logger=dict(type='LoggerHook', interval=50),
    param_scheduler=dict(type='ParamSchedulerHook'),
    checkpoint=dict(type='CheckpointHook', interval=5),
    sampler_seed=dict(type='DistSamplerSeedHook'),
    visualization=dict(type='Det3DVisualizationHook'))
env_cfg = dict(
    cudnn_benchmark=False,
    mp_cfg=dict(mp_start_method='fork', opencv_num_threads=0),
    dist_cfg=dict(backend='nccl'))
log_processor = dict(type='LogProcessor', window_size=50, by_epoch=True)
log_level = 'INFO'
load_from = 'work_dirs/p3former_2xb1_3x_dso/epoch_36.pth'
resume = False
point_cloud_range = [0, -3.14159265359, -3, 50, 3.14159265359, 13]
lr = 0.0008
optim_wrapper = dict(
    type='OptimWrapper',
    optimizer=dict(type='AdamW', lr=0.0008, weight_decay=0.01))
train_cfg = dict(type='EpochBasedTrainLoop', max_epochs=36, val_interval=1)
val_cfg = dict(type='ValLoop')
test_cfg = dict(type='TestLoop')
param_scheduler = [
    dict(
        type='MultiStepLR',
        begin=0,
        end=36,
        by_epoch=True,
        milestones=[24, 32],
        gamma=0.2)
]
custom_imports = dict(
    imports=[
        'p3former.backbones.cylinder3d',
        'p3former.data_preprocessors.data_preprocessor',
        'p3former.decode_heads.p3former_head', 'p3former.segmentors.p3former',
        'p3former.task_modules.samplers.mask_pseduo_sampler',
        'evaluation.metrics.panoptic_seg_metric',
        'evaluation.metrics.ood_metric', 'datasets.dso_dataset',
        'datasets.transforms.dso_loading', 'datasets.transforms.transforms_3d'
    ],
    allow_failed_imports=False)
launcher = 'none'
work_dir = 'work_dirs/p3former_2xb1_3x_dso_ood_hier/b1'

2026/08/25 02:46:17 - mmengine - INFO - Distributed training is not used, all SyncBatchNorm (SyncBN) layers in the model will be automatically reverted to BatchNormXd layers if they are used.
2026/08/25 02:46:17 - mmengine - INFO - Hooks will be executed in the following order:
before_run:
(VERY_HIGH   ) RuntimeInfoHook                    
(BELOW_NORMAL) LoggerHook                         
 -------------------- 
before_train:
(VERY_HIGH   ) RuntimeInfoHook                    
(NORMAL      ) IterTimerHook                      
(VERY_LOW    ) CheckpointHook                     
 -------------------- 
before_train_epoch:
(VERY_HIGH   ) RuntimeInfoHook                    
(NORMAL      ) IterTimerHook                      
(NORMAL      ) DistSamplerSeedHook                
 -------------------- 
before_train_iter:
(VERY_HIGH   ) RuntimeInfoHook                    
(NORMAL      ) IterTimerHook                      
 -------------------- 
after_train_iter:
(VERY_HIGH   ) RuntimeInfoHook                    
(NORMAL      ) IterTimerHook                      
(BELOW_NORMAL) LoggerHook                         
(LOW         ) ParamSchedulerHook                 
(VERY_LOW    ) CheckpointHook                     
 -------------------- 
after_train_epoch:
(NORMAL      ) IterTimerHook                      
(LOW         ) ParamSchedulerHook                 
(VERY_LOW    ) CheckpointHook                     
 -------------------- 
before_val_epoch:
(NORMAL      ) IterTimerHook                      
 -------------------- 
before_val_iter:
(NORMAL      ) IterTimerHook                      
 -------------------- 
after_val_iter:
(NORMAL      ) IterTimerHook                      
(NORMAL      ) Det3DVisualizationHook             
(BELOW_NORMAL) LoggerHook                         
 -------------------- 
after_val_epoch:
(VERY_HIGH   ) RuntimeInfoHook                    
(NORMAL      ) IterTimerHook                      
(BELOW_NORMAL) LoggerHook                         
(LOW         ) ParamSchedulerHook                 
(VERY_LOW    ) CheckpointHook                     
 -------------------- 
after_train:
(VERY_LOW    ) CheckpointHook                     
 -------------------- 
before_test_epoch:
(NORMAL      ) IterTimerHook                      
 -------------------- 
before_test_iter:
(NORMAL      ) IterTimerHook                      
 -------------------- 
after_test_iter:
(NORMAL      ) IterTimerHook                      
(NORMAL      ) Det3DVisualizationHook             
(BELOW_NORMAL) LoggerHook                         
 -------------------- 
after_test_epoch:
(VERY_HIGH   ) RuntimeInfoHook                    
(NORMAL      ) IterTimerHook                      
(BELOW_NORMAL) LoggerHook                         
 -------------------- 
after_run:
(BELOW_NORMAL) LoggerHook                         
 -------------------- 
2026/08/25 02:46:22 - mmengine - INFO - Load checkpoint from work_dirs/p3former_2xb1_3x_dso/epoch_36.pth
2026/08/25 02:46:34 - mmengine - INFO - Epoch(test) [ 50/980]    eta: 0:03:35  time: 0.2319  data_time: 0.0214  memory: 1506  
2026/08/25 02:46:45 - mmengine - INFO - Epoch(test) [100/980]    eta: 0:03:20  time: 0.2240  data_time: 0.0191  memory: 1438  
2026/08/25 02:46:56 - mmengine - INFO - Epoch(test) [150/980]    eta: 0:03:08  time: 0.2260  data_time: 0.0214  memory: 1509  
2026/08/25 02:47:09 - mmengine - INFO - Epoch(test) [200/980]    eta: 0:03:02  time: 0.2555  data_time: 0.0234  memory: 1647  
2026/08/25 02:47:20 - mmengine - INFO - Epoch(test) [250/980]    eta: 0:02:49  time: 0.2234  data_time: 0.0211  memory: 1489  
2026/08/25 02:47:33 - mmengine - INFO - Epoch(test) [300/980]    eta: 0:02:40  time: 0.2516  data_time: 0.0234  memory: 1745  
2026/08/25 02:47:45 - mmengine - INFO - Epoch(test) [350/980]    eta: 0:02:29  time: 0.2500  data_time: 0.0241  memory: 1713  
2026/08/25 02:47:56 - mmengine - INFO - Epoch(test) [400/980]    eta: 0:02:16  time: 0.2239  data_time: 0.0219  memory: 1513  
2026/08/25 02:48:08 - mmengine - INFO - Epoch(test) [450/980]    eta: 0:02:04  time: 0.2266  data_time: 0.0218  memory: 1514  
2026/08/25 02:48:20 - mmengine - INFO - Epoch(test) [500/980]    eta: 0:01:53  time: 0.2523  data_time: 0.0247  memory: 1660  
2026/08/25 02:48:32 - mmengine - INFO - Epoch(test) [550/980]    eta: 0:01:41  time: 0.2320  data_time: 0.0221  memory: 1603  
2026/08/25 02:48:46 - mmengine - INFO - Epoch(test) [600/980]    eta: 0:01:30  time: 0.2737  data_time: 0.0258  memory: 1753  
2026/08/25 02:48:58 - mmengine - INFO - Epoch(test) [650/980]    eta: 0:01:19  time: 0.2438  data_time: 0.0218  memory: 1505  
2026/08/25 02:49:09 - mmengine - INFO - Epoch(test) [700/980]    eta: 0:01:06  time: 0.2331  data_time: 0.0219  memory: 1416  
2026/08/25 02:49:21 - mmengine - INFO - Epoch(test) [750/980]    eta: 0:00:54  time: 0.2346  data_time: 0.0220  memory: 1456  
2026/08/25 02:49:33 - mmengine - INFO - Epoch(test) [800/980]    eta: 0:00:42  time: 0.2314  data_time: 0.0217  memory: 1459  
2026/08/25 02:49:46 - mmengine - INFO - Epoch(test) [850/980]    eta: 0:00:31  time: 0.2556  data_time: 0.0232  memory: 1618  
2026/08/25 02:49:57 - mmengine - INFO - Epoch(test) [900/980]    eta: 0:00:19  time: 0.2384  data_time: 0.0228  memory: 1577  
2026/08/25 02:50:11 - mmengine - INFO - Epoch(test) [950/980]    eta: 0:00:07  time: 0.2617  data_time: 0.0263  memory: 1710  
2026/08/25 02:50:18 - mmengine - INFO - Point-level OOD evaluation: 253052359 ID points, 7683321 OOD points (2.9468% OOD)
2026/08/25 02:50:18 - mmengine - INFO -     method |    AUROC |       AP |   FPR@95
2026/08/25 02:50:18 - mmengine - INFO - -------------------------------------------
2026/08/25 02:50:21 - mmengine - INFO -        msp |    90.42 |    28.27 |    32.32
2026/08/25 02:50:23 - mmengine - INFO -   maxlogit |    93.20 |    41.73 |    26.63
2026/08/25 02:50:25 - mmengine - INFO -       odin |    94.86 |    44.59 |    23.39
2026/08/25 02:50:27 - mmengine - INFO -     energy |    93.14 |    40.33 |    26.35
2026/08/25 02:50:29 - mmengine - INFO -    entropy |    92.10 |    38.71 |    31.29
2026/08/25 02:50:31 - mmengine - INFO -  group_msp |    90.19 |    20.33 |    31.68
2026/08/25 02:50:33 - mmengine - INFO - group_maxlogit |    93.20 |    41.73 |    26.63
2026/08/25 02:50:35 - mmengine - INFO - group_odin |    31.82 |     2.00 |    94.13
2026/08/25 02:50:38 - mmengine - INFO - group_energy |    93.23 |    41.15 |    26.45
2026/08/25 02:50:40 - mmengine - INFO - group_entropy |    91.15 |    28.14 |    31.05
2026/08/25 02:50:42 - mmengine - INFO -     gn_msp |    91.20 |    24.01 |    26.13
2026/08/25 02:50:44 - mmengine - INFO - gn_maxlogit |    93.45 |    41.11 |    24.67
2026/08/25 02:50:46 - mmengine - INFO -    gn_odin |    81.82 |    15.93 |    78.84
2026/08/25 02:50:48 - mmengine - INFO -  gn_energy |    93.48 |    40.77 |    24.45
2026/08/25 02:50:50 - mmengine - INFO - gn_entropy |    90.57 |    16.77 |    26.13
2026/08/25 02:50:53 - mmengine - INFO - m2_gc_gn_energy |    92.94 |    39.12 |    26.46
2026/08/25 02:50:55 - mmengine - INFO - m2_gc_gn_entropy |    85.19 |    15.18 |    65.09
2026/08/25 02:50:57 - mmengine - INFO - m2_gc_gn_maxlogit |    92.95 |    39.96 |    26.53
2026/08/25 02:50:59 - mmengine - INFO - m2_gc_gn_msp |    85.49 |    21.35 |    65.09
2026/08/25 02:51:01 - mmengine - INFO - m2_gc_gn_odin |    63.65 |     3.94 |    78.00
2026/08/25 02:51:03 - mmengine - INFO - m2_gc_group_energy |    93.19 |    40.20 |    26.45
2026/08/25 02:51:05 - mmengine - INFO - m2_gc_group_entropy |    90.11 |    24.99 |    33.29
2026/08/25 02:51:07 - mmengine - INFO - m2_gc_group_maxlogit |    93.20 |    41.73 |    26.63
2026/08/25 02:51:10 - mmengine - INFO - m2_gc_group_msp |    89.24 |    17.75 |    33.81
2026/08/25 02:51:12 - mmengine - INFO - m2_gc_group_odin |    47.53 |     2.94 |    96.54
2026/08/25 02:51:14 - mmengine - INFO - m2_gn_gn_energy |    92.89 |    41.64 |    28.40
2026/08/25 02:51:16 - mmengine - INFO - m2_gn_gn_entropy |    75.53 |    17.46 |    95.37
2026/08/25 02:51:18 - mmengine - INFO - m2_gn_gn_maxlogit |    92.84 |    42.26 |    28.51
2026/08/25 02:51:21 - mmengine - INFO - m2_gn_gn_msp |    75.64 |    20.78 |    95.37
2026/08/25 02:51:23 - mmengine - INFO - m2_gn_gn_odin |    76.07 |    11.19 |    84.63
2026/08/25 02:51:25 - mmengine - INFO - m2_gn_group_energy |    93.24 |    40.84 |    26.36
2026/08/25 02:51:27 - mmengine - INFO - m2_gn_group_entropy |    92.46 |    30.64 |    28.55
2026/08/25 02:51:29 - mmengine - INFO - m2_gn_group_maxlogit |    93.20 |    41.73 |    26.63
2026/08/25 02:51:31 - mmengine - INFO - m2_gn_group_msp |    91.90 |    23.86 |    28.90
2026/08/25 02:51:34 - mmengine - INFO - m2_gn_group_odin |    84.32 |    14.58 |    71.50
2026/08/25 02:51:36 - mmengine - INFO - m2_go_gn_energy |    93.20 |    40.52 |    26.16
2026/08/25 02:51:38 - mmengine - INFO - m2_go_gn_entropy |    75.67 |    12.58 |    66.89
2026/08/25 02:51:40 - mmengine - INFO - m2_go_gn_maxlogit |    93.17 |    40.96 |    26.27
2026/08/25 02:51:42 - mmengine - INFO - m2_go_gn_msp |    76.05 |    17.56 |    66.89
2026/08/25 02:51:44 - mmengine - INFO - m2_go_gn_odin |    72.80 |     8.30 |    78.87
2026/08/25 02:51:47 - mmengine - INFO - m2_go_group_energy |    93.23 |    41.15 |    26.45
2026/08/25 02:51:49 - mmengine - INFO - m2_go_group_entropy |    91.07 |    27.20 |    31.10
2026/08/25 02:51:51 - mmengine - INFO - m2_go_group_maxlogit |    93.20 |    41.73 |    26.63
2026/08/25 02:51:53 - mmengine - INFO - m2_go_group_msp |    90.20 |    20.30 |    31.66
2026/08/25 02:51:55 - mmengine - INFO - m2_go_group_odin |    65.17 |     3.73 |    53.46
2026/08/25 02:51:57 - mmengine - INFO - m2_hc_gn_energy |    93.48 |    39.89 |    23.96
2026/08/25 02:51:59 - mmengine - INFO - m2_hc_gn_entropy |    90.39 |    16.04 |    26.37
2026/08/25 02:52:02 - mmengine - INFO - m2_hc_gn_maxlogit |    93.46 |    40.16 |    24.21
2026/08/25 02:52:04 - mmengine - INFO - m2_hc_gn_msp |    91.24 |    25.21 |    26.37
2026/08/25 02:52:06 - mmengine - INFO - m2_hc_gn_odin |    89.70 |    16.72 |    28.82
2026/08/25 02:52:08 - mmengine - INFO - m2_hc_group_energy |    93.23 |    41.18 |    26.45
2026/08/25 02:52:10 - mmengine - INFO - m2_hc_group_entropy |    91.13 |    28.57 |    31.08
2026/08/25 02:52:12 - mmengine - INFO - m2_hc_group_maxlogit |    93.20 |    41.73 |    26.63
2026/08/25 02:52:14 - mmengine - INFO - m2_hc_group_msp |    90.18 |    20.36 |    31.70
2026/08/25 02:52:17 - mmengine - INFO - m2_hc_group_odin |    28.22 |     1.89 |    96.79
2026/08/25 02:52:19 - mmengine - INFO - m2_hg_gn_energy |    93.35 |    40.98 |    25.24
2026/08/25 02:52:21 - mmengine - INFO - m2_hg_gn_entropy |    88.53 |    16.51 |    65.51
2026/08/25 02:52:23 - mmengine - INFO - m2_hg_gn_maxlogit |    93.32 |    41.27 |    25.39
2026/08/25 02:52:25 - mmengine - INFO - m2_hg_gn_msp |    89.03 |    22.83 |    65.51
2026/08/25 02:52:27 - mmengine - INFO - m2_hg_gn_odin |    70.66 |     8.97 |    78.87
2026/08/25 02:52:30 - mmengine - INFO - m2_hg_group_energy |    93.23 |    41.16 |    26.45
2026/08/25 02:52:32 - mmengine - INFO - m2_hg_group_entropy |    91.15 |    28.32 |    31.06
2026/08/25 02:52:34 - mmengine - INFO - m2_hg_group_maxlogit |    93.20 |    41.73 |    26.63
2026/08/25 02:52:36 - mmengine - INFO - m2_hg_group_msp |    90.20 |    20.38 |    31.67
2026/08/25 02:52:38 - mmengine - INFO - m2_hg_group_odin |    56.98 |     3.74 |    94.13
2026/08/25 02:52:40 - mmengine - INFO - m2_hn_gn_energy |    93.32 |    41.31 |    25.64
2026/08/25 02:52:43 - mmengine - INFO - m2_hn_gn_entropy |    89.95 |    16.08 |    29.53
2026/08/25 02:52:45 - mmengine - INFO - m2_hn_gn_maxlogit |    93.28 |    41.60 |    25.91
2026/08/25 02:52:47 - mmengine - INFO - m2_hn_gn_msp |    90.39 |    22.19 |    29.53
2026/08/25 02:52:49 - mmengine - INFO - m2_hn_gn_odin |    73.94 |    11.17 |    94.08
2026/08/25 02:52:51 - mmengine - INFO - m2_hn_group_energy |    93.23 |    41.32 |    26.45
2026/08/25 02:52:53 - mmengine - INFO - m2_hn_group_entropy |    91.14 |    29.14 |    31.12
2026/08/25 02:52:56 - mmengine - INFO - m2_hn_group_maxlogit |    93.20 |    41.73 |    26.63
2026/08/25 02:52:58 - mmengine - INFO - m2_hn_group_msp |    90.19 |    20.52 |    31.74
2026/08/25 02:53:00 - mmengine - INFO - m2_hn_group_odin |    31.82 |     2.00 |    94.13
2026/08/25 02:53:02 - mmengine - INFO - m2_ho_gn_energy |    93.57 |    40.31 |    24.08
2026/08/25 02:53:04 - mmengine - INFO - m2_ho_gn_entropy |    90.61 |    16.59 |    27.62
2026/08/25 02:53:06 - mmengine - INFO - m2_ho_gn_maxlogit |    93.53 |    40.73 |    24.32
2026/08/25 02:53:09 - mmengine - INFO - m2_ho_gn_msp |    91.24 |    23.65 |    27.62
2026/08/25 02:53:11 - mmengine - INFO - m2_ho_gn_odin |    81.66 |    15.05 |    78.78
2026/08/25 02:53:13 - mmengine - INFO - m2_ho_group_energy |    93.23 |    41.26 |    26.45
2026/08/25 02:53:15 - mmengine - INFO - m2_ho_group_entropy |    91.17 |    29.07 |    31.04
2026/08/25 02:53:17 - mmengine - INFO - m2_ho_group_maxlogit |    93.20 |    41.73 |    26.63
2026/08/25 02:53:19 - mmengine - INFO - m2_ho_group_msp |    90.21 |    20.60 |    31.65
2026/08/25 02:53:21 - mmengine - INFO - m2_ho_group_odin |    32.27 |     2.01 |    94.06
2026/08/25 02:53:23 - mmengine - INFO - m2_vc_gn_energy |    93.52 |    38.68 |    23.16
2026/08/25 02:53:26 - mmengine - INFO - m2_vc_gn_entropy |    89.37 |    14.39 |    26.13
2026/08/25 02:53:28 - mmengine - INFO - m2_vc_gn_maxlogit |    93.58 |    39.78 |    23.43
2026/08/25 02:53:30 - mmengine - INFO - m2_vc_gn_msp |    90.28 |    22.23 |    26.13
2026/08/25 02:53:32 - mmengine - INFO - m2_vc_gn_odin |    83.99 |    11.12 |    59.05
2026/08/25 02:53:34 - mmengine - INFO - m2_vc_group_energy |    93.14 |    40.55 |    26.46
2026/08/25 02:53:36 - mmengine - INFO - m2_vc_group_entropy |    88.08 |    21.26 |    40.52
2026/08/25 02:53:38 - mmengine - INFO - m2_vc_group_maxlogit |    93.20 |    41.73 |    26.63
2026/08/25 02:53:40 - mmengine - INFO - m2_vc_group_msp |    87.28 |    16.17 |    41.14
2026/08/25 02:53:42 - mmengine - INFO - m2_vc_group_odin |    18.59 |     1.67 |    99.13
2026/08/25 02:53:45 - mmengine - INFO - m2_vg_gn_energy |    93.24 |    41.52 |    26.22
2026/08/25 02:53:47 - mmengine - INFO - m2_vg_gn_entropy |    74.44 |    11.93 |    65.49
2026/08/25 02:53:49 - mmengine - INFO - m2_vg_gn_maxlogit |    93.22 |    41.95 |    26.25
2026/08/25 02:53:51 - mmengine - INFO - m2_vg_gn_msp |    74.86 |    17.73 |    65.49
2026/08/25 02:53:53 - mmengine - INFO - m2_vg_gn_odin |    77.78 |    11.12 |    78.87
2026/08/25 02:53:55 - mmengine - INFO - m2_vg_group_energy |    93.23 |    41.08 |    26.44
2026/08/25 02:53:57 - mmengine - INFO - m2_vg_group_entropy |    90.98 |    26.52 |    31.28
2026/08/25 02:53:59 - mmengine - INFO - m2_vg_group_maxlogit |    93.20 |    41.73 |    26.63
2026/08/25 02:54:01 - mmengine - INFO - m2_vg_group_msp |    90.18 |    19.98 |    31.64
2026/08/25 02:54:04 - mmengine - INFO - m2_vg_group_odin |    56.08 |     3.05 |    58.89
2026/08/25 02:54:06 - mmengine - INFO - m2_vh_gn_energy |    93.63 |    40.85 |    23.85
2026/08/25 02:54:08 - mmengine - INFO - m2_vh_gn_entropy |    90.81 |    16.68 |    26.37
2026/08/25 02:54:10 - mmengine - INFO - m2_vh_gn_maxlogit |    93.60 |    41.29 |    24.08
2026/08/25 02:54:12 - mmengine - INFO - m2_vh_gn_msp |    91.50 |    24.54 |    26.37
2026/08/25 02:54:14 - mmengine - INFO - m2_vh_gn_odin |    81.72 |    15.43 |    78.85
2026/08/25 02:54:16 - mmengine - INFO - m2_vh_group_energy |    93.23 |    41.22 |    26.45
2026/08/25 02:54:18 - mmengine - INFO - m2_vh_group_entropy |    91.12 |    28.86 |    31.20
2026/08/25 02:54:21 - mmengine - INFO - m2_vh_group_maxlogit |    93.20 |    41.73 |    26.63
2026/08/25 02:54:23 - mmengine - INFO - m2_vh_group_msp |    90.16 |    20.43 |    31.80
2026/08/25 02:54:25 - mmengine - INFO - m2_vh_group_odin |    41.70 |     2.30 |    98.25
2026/08/25 02:54:27 - mmengine - INFO - m2_vn_gn_energy |    93.11 |    41.65 |    27.54
2026/08/25 02:54:29 - mmengine - INFO - m2_vn_gn_entropy |    80.36 |    12.61 |    55.83
2026/08/25 02:54:31 - mmengine - INFO - m2_vn_gn_maxlogit |    93.10 |    42.28 |    27.65
2026/08/25 02:54:33 - mmengine - INFO - m2_vn_gn_msp |    80.59 |    16.04 |    55.83
2026/08/25 02:54:36 - mmengine - INFO - m2_vn_gn_odin |    69.84 |     7.27 |    94.10
2026/08/25 02:54:38 - mmengine - INFO - m2_vn_group_energy |    93.21 |    41.30 |    26.45
2026/08/25 02:54:40 - mmengine - INFO - m2_vn_group_entropy |    90.77 |    25.21 |    31.38
2026/08/25 02:54:42 - mmengine - INFO - m2_vn_group_maxlogit |    93.20 |    41.73 |    26.63
2026/08/25 02:54:44 - mmengine - INFO - m2_vn_group_msp |    90.06 |    19.26 |    31.82
2026/08/25 02:54:46 - mmengine - INFO - m2_vn_group_odin |    51.57 |     4.18 |    91.69
2026/08/25 02:54:48 - mmengine - INFO - m2_vo_gn_energy |    93.74 |    40.71 |    23.48
2026/08/25 02:54:51 - mmengine - INFO - m2_vo_gn_entropy |    89.82 |    15.35 |    27.59
2026/08/25 02:54:53 - mmengine - INFO - m2_vo_gn_maxlogit |    93.71 |    40.89 |    23.70
2026/08/25 02:54:55 - mmengine - INFO - m2_vo_gn_msp |    90.58 |    24.14 |    27.59
2026/08/25 02:54:57 - mmengine - INFO - m2_vo_gn_odin |    81.65 |    16.24 |    78.84
2026/08/25 02:54:59 - mmengine - INFO - m2_vo_group_energy |    93.24 |    41.78 |    26.45
2026/08/25 02:55:01 - mmengine - INFO - m2_vo_group_entropy |    91.00 |    28.59 |    31.38
2026/08/25 02:55:04 - mmengine - INFO - m2_vo_group_maxlogit |    93.20 |    41.73 |    26.63
2026/08/25 02:55:06 - mmengine - INFO - m2_vo_group_msp |    90.18 |    20.83 |    31.77
2026/08/25 02:55:08 - mmengine - INFO - m2_vo_group_odin |    36.84 |     2.09 |    97.37
2026/08/25 02:55:08 - mmengine - INFO - Epoch(test) [980/980]    ood/msp_AUROC: 90.4207  ood/msp_AP: 28.2728  ood/msp_FPR95: 32.3161  ood/maxlogit_AUROC: 93.1954  ood/maxlogit_AP: 41.7321  ood/maxlogit_FPR95: 26.6318  ood/odin_AUROC: 94.8564  ood/odin_AP: 44.5884  ood/odin_FPR95: 23.3896  ood/energy_AUROC: 93.1389  ood/energy_AP: 40.3339  ood/energy_FPR95: 26.3465  ood/entropy_AUROC: 92.1024  ood/entropy_AP: 38.7111  ood/entropy_FPR95: 31.2887  ood/group_msp_AUROC: 90.1908  ood/group_msp_AP: 20.3266  ood/group_msp_FPR95: 31.6846  ood/group_maxlogit_AUROC: 93.1954  ood/group_maxlogit_AP: 41.7321  ood/group_maxlogit_FPR95: 26.6318  ood/group_odin_AUROC: 31.8158  ood/group_odin_AP: 1.9950  ood/group_odin_FPR95: 94.1269  ood/group_energy_AUROC: 93.2323  ood/group_energy_AP: 41.1506  ood/group_energy_FPR95: 26.4467  ood/group_entropy_AUROC: 91.1538  ood/group_entropy_AP: 28.1397  ood/group_entropy_FPR95: 31.0538  ood/gn_msp_AUROC: 91.1951  ood/gn_msp_AP: 24.0135  ood/gn_msp_FPR95: 26.1316  ood/gn_maxlogit_AUROC: 93.4507  ood/gn_maxlogit_AP: 41.1148  ood/gn_maxlogit_FPR95: 24.6704  ood/gn_odin_AUROC: 81.8152  ood/gn_odin_AP: 15.9283  ood/gn_odin_FPR95: 78.8432  ood/gn_energy_AUROC: 93.4820  ood/gn_energy_AP: 40.7655  ood/gn_energy_FPR95: 24.4541  ood/gn_entropy_AUROC: 90.5661  ood/gn_entropy_AP: 16.7744  ood/gn_entropy_FPR95: 26.1316  ood/m2_gc_gn_energy_AUROC: 92.9386  ood/m2_gc_gn_energy_AP: 39.1213  ood/m2_gc_gn_energy_FPR95: 26.4585  ood/m2_gc_gn_entropy_AUROC: 85.1901  ood/m2_gc_gn_entropy_AP: 15.1787  ood/m2_gc_gn_entropy_FPR95: 65.0921  ood/m2_gc_gn_maxlogit_AUROC: 92.9536  ood/m2_gc_gn_maxlogit_AP: 39.9633  ood/m2_gc_gn_maxlogit_FPR95: 26.5276  ood/m2_gc_gn_msp_AUROC: 85.4870  ood/m2_gc_gn_msp_AP: 21.3518  ood/m2_gc_gn_msp_FPR95: 65.0922  ood/m2_gc_gn_odin_AUROC: 63.6486  ood/m2_gc_gn_odin_AP: 3.9439  ood/m2_gc_gn_odin_FPR95: 77.9972  ood/m2_gc_group_energy_AUROC: 93.1899  ood/m2_gc_group_energy_AP: 40.2012  ood/m2_gc_group_energy_FPR95: 26.4479  ood/m2_gc_group_entropy_AUROC: 90.1130  ood/m2_gc_group_entropy_AP: 24.9881  ood/m2_gc_group_entropy_FPR95: 33.2870  ood/m2_gc_group_maxlogit_AUROC: 93.1954  ood/m2_gc_group_maxlogit_AP: 41.7321  ood/m2_gc_group_maxlogit_FPR95: 26.6318  ood/m2_gc_group_msp_AUROC: 89.2371  ood/m2_gc_group_msp_AP: 17.7531  ood/m2_gc_group_msp_FPR95: 33.8144  ood/m2_gc_group_odin_AUROC: 47.5345  ood/m2_gc_group_odin_AP: 2.9411  ood/m2_gc_group_odin_FPR95: 96.5388  ood/m2_gn_gn_energy_AUROC: 92.8927  ood/m2_gn_gn_energy_AP: 41.6355  ood/m2_gn_gn_energy_FPR95: 28.4047  ood/m2_gn_gn_entropy_AUROC: 75.5337  ood/m2_gn_gn_entropy_AP: 17.4581  ood/m2_gn_gn_entropy_FPR95: 95.3703  ood/m2_gn_gn_maxlogit_AUROC: 92.8366  ood/m2_gn_gn_maxlogit_AP: 42.2570  ood/m2_gn_gn_maxlogit_FPR95: 28.5132  ood/m2_gn_gn_msp_AUROC: 75.6408  ood/m2_gn_gn_msp_AP: 20.7808  ood/m2_gn_gn_msp_FPR95: 95.3698  ood/m2_gn_gn_odin_AUROC: 76.0737  ood/m2_gn_gn_odin_AP: 11.1929  ood/m2_gn_gn_odin_FPR95: 84.6298  ood/m2_gn_group_energy_AUROC: 93.2431  ood/m2_gn_group_energy_AP: 40.8390  ood/m2_gn_group_energy_FPR95: 26.3609  ood/m2_gn_group_entropy_AUROC: 92.4638  ood/m2_gn_group_entropy_AP: 30.6403  ood/m2_gn_group_entropy_FPR95: 28.5540  ood/m2_gn_group_maxlogit_AUROC: 93.1954  ood/m2_gn_group_maxlogit_AP: 41.7321  ood/m2_gn_group_maxlogit_FPR95: 26.6318  ood/m2_gn_group_msp_AUROC: 91.9041  ood/m2_gn_group_msp_AP: 23.8606  ood/m2_gn_group_msp_FPR95: 28.9040  ood/m2_gn_group_odin_AUROC: 84.3227  ood/m2_gn_group_odin_AP: 14.5800  ood/m2_gn_group_odin_FPR95: 71.5005  ood/m2_go_gn_energy_AUROC: 93.2010  ood/m2_go_gn_energy_AP: 40.5180  ood/m2_go_gn_energy_FPR95: 26.1645  ood/m2_go_gn_entropy_AUROC: 75.6695  ood/m2_go_gn_entropy_AP: 12.5802  ood/m2_go_gn_entropy_FPR95: 66.8862  ood/m2_go_gn_maxlogit_AUROC: 93.1723  ood/m2_go_gn_maxlogit_AP: 40.9607  ood/m2_go_gn_maxlogit_FPR95: 26.2727  ood/m2_go_gn_msp_AUROC: 76.0530  ood/m2_go_gn_msp_AP: 17.5599  ood/m2_go_gn_msp_FPR95: 66.8862  ood/m2_go_gn_odin_AUROC: 72.7952  ood/m2_go_gn_odin_AP: 8.3000  ood/m2_go_gn_odin_FPR95: 78.8718  ood/m2_go_group_energy_AUROC: 93.2321  ood/m2_go_group_energy_AP: 41.1496  ood/m2_go_group_energy_FPR95: 26.4462  ood/m2_go_group_entropy_AUROC: 91.0720  ood/m2_go_group_entropy_AP: 27.2004  ood/m2_go_group_entropy_FPR95: 31.0976  ood/m2_go_group_maxlogit_AUROC: 93.1954  ood/m2_go_group_maxlogit_AP: 41.7321  ood/m2_go_group_maxlogit_FPR95: 26.6318  ood/m2_go_group_msp_AUROC: 90.2007  ood/m2_go_group_msp_AP: 20.3026  ood/m2_go_group_msp_FPR95: 31.6562  ood/m2_go_group_odin_AUROC: 65.1742  ood/m2_go_group_odin_AP: 3.7319  ood/m2_go_group_odin_FPR95: 53.4641  ood/m2_hc_gn_energy_AUROC: 93.4844  ood/m2_hc_gn_energy_AP: 39.8946  ood/m2_hc_gn_energy_FPR95: 23.9616  ood/m2_hc_gn_entropy_AUROC: 90.3927  ood/m2_hc_gn_entropy_AP: 16.0374  ood/m2_hc_gn_entropy_FPR95: 26.3737  ood/m2_hc_gn_maxlogit_AUROC: 93.4622  ood/m2_hc_gn_maxlogit_AP: 40.1601  ood/m2_hc_gn_maxlogit_FPR95: 24.2079  ood/m2_hc_gn_msp_AUROC: 91.2376  ood/m2_hc_gn_msp_AP: 25.2100  ood/m2_hc_gn_msp_FPR95: 26.3729  ood/m2_hc_gn_odin_AUROC: 89.7021  ood/m2_hc_gn_odin_AP: 16.7237  ood/m2_hc_gn_odin_FPR95: 28.8243  ood/m2_hc_group_energy_AUROC: 93.2318  ood/m2_hc_group_energy_AP: 41.1797  ood/m2_hc_group_energy_FPR95: 26.4466  ood/m2_hc_group_entropy_AUROC: 91.1349  ood/m2_hc_group_entropy_AP: 28.5695  ood/m2_hc_group_entropy_FPR95: 31.0828  ood/m2_hc_group_maxlogit_AUROC: 93.1954  ood/m2_hc_group_maxlogit_AP: 41.7321  ood/m2_hc_group_maxlogit_FPR95: 26.6318  ood/m2_hc_group_msp_AUROC: 90.1833  ood/m2_hc_group_msp_AP: 20.3610  ood/m2_hc_group_msp_FPR95: 31.6950  ood/m2_hc_group_odin_AUROC: 28.2193  ood/m2_hc_group_odin_AP: 1.8866  ood/m2_hc_group_odin_FPR95: 96.7872  ood/m2_hg_gn_energy_AUROC: 93.3526  ood/m2_hg_gn_energy_AP: 40.9775  ood/m2_hg_gn_energy_FPR95: 25.2434  ood/m2_hg_gn_entropy_AUROC: 88.5349  ood/m2_hg_gn_entropy_AP: 16.5098  ood/m2_hg_gn_entropy_FPR95: 65.5082  ood/m2_hg_gn_maxlogit_AUROC: 93.3203  ood/m2_hg_gn_maxlogit_AP: 41.2673  ood/m2_hg_gn_maxlogit_FPR95: 25.3885  ood/m2_hg_gn_msp_AUROC: 89.0310  ood/m2_hg_gn_msp_AP: 22.8336  ood/m2_hg_gn_msp_FPR95: 65.5082  ood/m2_hg_gn_odin_AUROC: 70.6640  ood/m2_hg_gn_odin_AP: 8.9731  ood/m2_hg_gn_odin_FPR95: 78.8717  ood/m2_hg_group_energy_AUROC: 93.2328  ood/m2_hg_group_energy_AP: 41.1586  ood/m2_hg_group_energy_FPR95: 26.4465  ood/m2_hg_group_entropy_AUROC: 91.1535  ood/m2_hg_group_entropy_AP: 28.3153  ood/m2_hg_group_entropy_FPR95: 31.0598  ood/m2_hg_group_maxlogit_AUROC: 93.1954  ood/m2_hg_group_maxlogit_AP: 41.7321  ood/m2_hg_group_maxlogit_FPR95: 26.6318  ood/m2_hg_group_msp_AUROC: 90.1976  ood/m2_hg_group_msp_AP: 20.3824  ood/m2_hg_group_msp_FPR95: 31.6712  ood/m2_hg_group_odin_AUROC: 56.9827  ood/m2_hg_group_odin_AP: 3.7354  ood/m2_hg_group_odin_FPR95: 94.1269  ood/m2_hn_gn_energy_AUROC: 93.3199  ood/m2_hn_gn_energy_AP: 41.3077  ood/m2_hn_gn_energy_FPR95: 25.6417  ood/m2_hn_gn_entropy_AUROC: 89.9546  ood/m2_hn_gn_entropy_AP: 16.0798  ood/m2_hn_gn_entropy_FPR95: 29.5282  ood/m2_hn_gn_maxlogit_AUROC: 93.2841  ood/m2_hn_gn_maxlogit_AP: 41.6033  ood/m2_hn_gn_maxlogit_FPR95: 25.9119  ood/m2_hn_gn_msp_AUROC: 90.3946  ood/m2_hn_gn_msp_AP: 22.1859  ood/m2_hn_gn_msp_FPR95: 29.5274  ood/m2_hn_gn_odin_AUROC: 73.9381  ood/m2_hn_gn_odin_AP: 11.1731  ood/m2_hn_gn_odin_FPR95: 94.0792  ood/m2_hn_group_energy_AUROC: 93.2335  ood/m2_hn_group_energy_AP: 41.3203  ood/m2_hn_group_energy_FPR95: 26.4463  ood/m2_hn_group_entropy_AUROC: 91.1419  ood/m2_hn_group_entropy_AP: 29.1439  ood/m2_hn_group_entropy_FPR95: 31.1247  ood/m2_hn_group_maxlogit_AUROC: 93.1954  ood/m2_hn_group_maxlogit_AP: 41.7321  ood/m2_hn_group_maxlogit_FPR95: 26.6318  ood/m2_hn_group_msp_AUROC: 90.1853  ood/m2_hn_group_msp_AP: 20.5248  ood/m2_hn_group_msp_FPR95: 31.7383  ood/m2_hn_group_odin_AUROC: 31.8158  ood/m2_hn_group_odin_AP: 1.9950  ood/m2_hn_group_odin_FPR95: 94.1269  ood/m2_ho_gn_energy_AUROC: 93.5657  ood/m2_ho_gn_energy_AP: 40.3094  ood/m2_ho_gn_energy_FPR95: 24.0829  ood/m2_ho_gn_entropy_AUROC: 90.6081  ood/m2_ho_gn_entropy_AP: 16.5912  ood/m2_ho_gn_entropy_FPR95: 27.6183  ood/m2_ho_gn_maxlogit_AUROC: 93.5314  ood/m2_ho_gn_maxlogit_AP: 40.7346  ood/m2_ho_gn_maxlogit_FPR95: 24.3243  ood/m2_ho_gn_msp_AUROC: 91.2371  ood/m2_ho_gn_msp_AP: 23.6472  ood/m2_ho_gn_msp_FPR95: 27.6179  ood/m2_ho_gn_odin_AUROC: 81.6643  ood/m2_ho_gn_odin_AP: 15.0532  ood/m2_ho_gn_odin_FPR95: 78.7751  ood/m2_ho_group_energy_AUROC: 93.2350  ood/m2_ho_group_energy_AP: 41.2609  ood/m2_ho_group_energy_FPR95: 26.4463  ood/m2_ho_group_entropy_AUROC: 91.1665  ood/m2_ho_group_entropy_AP: 29.0724  ood/m2_ho_group_entropy_FPR95: 31.0423  ood/m2_ho_group_maxlogit_AUROC: 93.1954  ood/m2_ho_group_maxlogit_AP: 41.7321  ood/m2_ho_group_maxlogit_FPR95: 26.6318  ood/m2_ho_group_msp_AUROC: 90.2083  ood/m2_ho_group_msp_AP: 20.5960  ood/m2_ho_group_msp_FPR95: 31.6499  ood/m2_ho_group_odin_AUROC: 32.2691  ood/m2_ho_group_odin_AP: 2.0124  ood/m2_ho_group_odin_FPR95: 94.0587  ood/m2_vc_gn_energy_AUROC: 93.5179  ood/m2_vc_gn_energy_AP: 38.6831  ood/m2_vc_gn_energy_FPR95: 23.1600  ood/m2_vc_gn_entropy_AUROC: 89.3713  ood/m2_vc_gn_entropy_AP: 14.3892  ood/m2_vc_gn_entropy_FPR95: 26.1316  ood/m2_vc_gn_maxlogit_AUROC: 93.5800  ood/m2_vc_gn_maxlogit_AP: 39.7805  ood/m2_vc_gn_maxlogit_FPR95: 23.4259  ood/m2_vc_gn_msp_AUROC: 90.2838  ood/m2_vc_gn_msp_AP: 22.2251  ood/m2_vc_gn_msp_FPR95: 26.1316  ood/m2_vc_gn_odin_AUROC: 83.9860  ood/m2_vc_gn_odin_AP: 11.1184  ood/m2_vc_gn_odin_FPR95: 59.0544  ood/m2_vc_group_energy_AUROC: 93.1367  ood/m2_vc_group_energy_AP: 40.5460  ood/m2_vc_group_energy_FPR95: 26.4641  ood/m2_vc_group_entropy_AUROC: 88.0825  ood/m2_vc_group_entropy_AP: 21.2642  ood/m2_vc_group_entropy_FPR95: 40.5158  ood/m2_vc_group_maxlogit_AUROC: 93.1954  ood/m2_vc_group_maxlogit_AP: 41.7321  ood/m2_vc_group_maxlogit_FPR95: 26.6318  ood/m2_vc_group_msp_AUROC: 87.2775  ood/m2_vc_group_msp_AP: 16.1690  ood/m2_vc_group_msp_FPR95: 41.1391  ood/m2_vc_group_odin_AUROC: 18.5903  ood/m2_vc_group_odin_AP: 1.6723  ood/m2_vc_group_odin_FPR95: 99.1307  ood/m2_vg_gn_energy_AUROC: 93.2370  ood/m2_vg_gn_energy_AP: 41.5198  ood/m2_vg_gn_energy_FPR95: 26.2213  ood/m2_vg_gn_entropy_AUROC: 74.4422  ood/m2_vg_gn_entropy_AP: 11.9310  ood/m2_vg_gn_entropy_FPR95: 65.4924  ood/m2_vg_gn_maxlogit_AUROC: 93.2159  ood/m2_vg_gn_maxlogit_AP: 41.9548  ood/m2_vg_gn_maxlogit_FPR95: 26.2526  ood/m2_vg_gn_msp_AUROC: 74.8559  ood/m2_vg_gn_msp_AP: 17.7330  ood/m2_vg_gn_msp_FPR95: 65.4923  ood/m2_vg_gn_odin_AUROC: 77.7792  ood/m2_vg_gn_odin_AP: 11.1240  ood/m2_vg_gn_odin_FPR95: 78.8651  ood/m2_vg_group_energy_AUROC: 93.2271  ood/m2_vg_group_energy_AP: 41.0802  ood/m2_vg_group_energy_FPR95: 26.4444  ood/m2_vg_group_entropy_AUROC: 90.9801  ood/m2_vg_group_entropy_AP: 26.5215  ood/m2_vg_group_entropy_FPR95: 31.2799  ood/m2_vg_group_maxlogit_AUROC: 93.1954  ood/m2_vg_group_maxlogit_AP: 41.7321  ood/m2_vg_group_maxlogit_FPR95: 26.6318  ood/m2_vg_group_msp_AUROC: 90.1843  ood/m2_vg_group_msp_AP: 19.9800  ood/m2_vg_group_msp_FPR95: 31.6407  ood/m2_vg_group_odin_AUROC: 56.0788  ood/m2_vg_group_odin_AP: 3.0520  ood/m2_vg_group_odin_FPR95: 58.8866  ood/m2_vh_gn_energy_AUROC: 93.6332  ood/m2_vh_gn_energy_AP: 40.8469  ood/m2_vh_gn_energy_FPR95: 23.8486  ood/m2_vh_gn_entropy_AUROC: 90.8064  ood/m2_vh_gn_entropy_AP: 16.6761  ood/m2_vh_gn_entropy_FPR95: 26.3734  ood/m2_vh_gn_maxlogit_AUROC: 93.6037  ood/m2_vh_gn_maxlogit_AP: 41.2862  ood/m2_vh_gn_maxlogit_FPR95: 24.0807  ood/m2_vh_gn_msp_AUROC: 91.4981  ood/m2_vh_gn_msp_AP: 24.5373  ood/m2_vh_gn_msp_FPR95: 26.3729  ood/m2_vh_gn_odin_AUROC: 81.7199  ood/m2_vh_gn_odin_AP: 15.4285  ood/m2_vh_gn_odin_FPR95: 78.8452  ood/m2_vh_group_energy_AUROC: 93.2312  ood/m2_vh_group_energy_AP: 41.2220  ood/m2_vh_group_energy_FPR95: 26.4465  ood/m2_vh_group_entropy_AUROC: 91.1217  ood/m2_vh_group_entropy_AP: 28.8552  ood/m2_vh_group_entropy_FPR95: 31.1982  ood/m2_vh_group_maxlogit_AUROC: 93.1954  ood/m2_vh_group_maxlogit_AP: 41.7321  ood/m2_vh_group_maxlogit_FPR95: 26.6318  ood/m2_vh_group_msp_AUROC: 90.1649  ood/m2_vh_group_msp_AP: 20.4345  ood/m2_vh_group_msp_FPR95: 31.8045  ood/m2_vh_group_odin_AUROC: 41.6979  ood/m2_vh_group_odin_AP: 2.3025  ood/m2_vh_group_odin_FPR95: 98.2503  ood/m2_vn_gn_energy_AUROC: 93.1109  ood/m2_vn_gn_energy_AP: 41.6460  ood/m2_vn_gn_energy_FPR95: 27.5386  ood/m2_vn_gn_entropy_AUROC: 80.3640  ood/m2_vn_gn_entropy_AP: 12.6110  ood/m2_vn_gn_entropy_FPR95: 55.8260  ood/m2_vn_gn_maxlogit_AUROC: 93.0989  ood/m2_vn_gn_maxlogit_AP: 42.2779  ood/m2_vn_gn_maxlogit_FPR95: 27.6510  ood/m2_vn_gn_msp_AUROC: 80.5891  ood/m2_vn_gn_msp_AP: 16.0379  ood/m2_vn_gn_msp_FPR95: 55.8260  ood/m2_vn_gn_odin_AUROC: 69.8357  ood/m2_vn_gn_odin_AP: 7.2658  ood/m2_vn_gn_odin_FPR95: 94.0983  ood/m2_vn_group_energy_AUROC: 93.2124  ood/m2_vn_group_energy_AP: 41.3032  ood/m2_vn_group_energy_FPR95: 26.4464  ood/m2_vn_group_entropy_AUROC: 90.7679  ood/m2_vn_group_entropy_AP: 25.2080  ood/m2_vn_group_entropy_FPR95: 31.3794  ood/m2_vn_group_maxlogit_AUROC: 93.1954  ood/m2_vn_group_maxlogit_AP: 41.7321  ood/m2_vn_group_maxlogit_FPR95: 26.6318  ood/m2_vn_group_msp_AUROC: 90.0620  ood/m2_vn_group_msp_AP: 19.2554  ood/m2_vn_group_msp_FPR95: 31.8198  ood/m2_vn_group_odin_AUROC: 51.5656  ood/m2_vn_group_odin_AP: 4.1840  ood/m2_vn_group_odin_FPR95: 91.6910  ood/m2_vo_gn_energy_AUROC: 93.7419  ood/m2_vo_gn_energy_AP: 40.7061  ood/m2_vo_gn_energy_FPR95: 23.4763  ood/m2_vo_gn_entropy_AUROC: 89.8155  ood/m2_vo_gn_entropy_AP: 15.3475  ood/m2_vo_gn_entropy_FPR95: 27.5930  ood/m2_vo_gn_maxlogit_AUROC: 93.7095  ood/m2_vo_gn_maxlogit_AP: 40.8914  ood/m2_vo_gn_maxlogit_FPR95: 23.7003  ood/m2_vo_gn_msp_AUROC: 90.5785  ood/m2_vo_gn_msp_AP: 24.1409  ood/m2_vo_gn_msp_FPR95: 27.5929  ood/m2_vo_gn_odin_AUROC: 81.6481  ood/m2_vo_gn_odin_AP: 16.2447  ood/m2_vo_gn_odin_FPR95: 78.8433  ood/m2_vo_group_energy_AUROC: 93.2356  ood/m2_vo_group_energy_AP: 41.7841  ood/m2_vo_group_energy_FPR95: 26.4464  ood/m2_vo_group_entropy_AUROC: 91.0011  ood/m2_vo_group_entropy_AP: 28.5866  ood/m2_vo_group_entropy_FPR95: 31.3791  ood/m2_vo_group_maxlogit_AUROC: 93.1954  ood/m2_vo_group_maxlogit_AP: 41.7321  ood/m2_vo_group_maxlogit_FPR95: 26.6318  ood/m2_vo_group_msp_AUROC: 90.1817  ood/m2_vo_group_msp_AP: 20.8324  ood/m2_vo_group_msp_FPR95: 31.7725  ood/m2_vo_group_odin_AUROC: 36.8424  ood/m2_vo_group_odin_AP: 2.0919  ood/m2_vo_group_odin_FPR95: 97.3685  data_time: 0.0226  time: 0.2408
